FOLLOWER bankserver5 RECEIVES REQUEST 1
FOLLOWER bankserver5 RECEIVES REQUEST 2
FOLLOWER bankserver5 RECEIVES REQUEST 3
FOLLOWER bankserver5 RECEIVES REQUEST 4
FOLLOWER bankserver5 RECEIVES REQUEST 5
FOLLOWER bankserver5 RECEIVES REQUEST 1
FOLLOWER bankserver5 RECEIVES REQUEST 2
FOLLOWER bankserver5 RECEIVES REQUEST 3
FOLLOWER bankserver5 RECEIVES REQUEST 4
FOLLOWER bankserver5 RECEIVES REQUEST 5
FOLLOWER bankserver5 RECEIVES REQUEST 6
FOLLOWER bankserver5 RECEIVES REQUEST 7
FOLLOWER bankserver5 RECEIVES REQUEST 8
FOLLOWER bankserver5 RECEIVES REQUEST 9
FOLLOWER bankserver5 RECEIVES REQUEST 1
FOLLOWER bankserver5 RECEIVES REQUEST 2
FOLLOWER bankserver5 RECEIVES REQUEST 3
FOLLOWER bankserver5 RECEIVES REQUEST 4
FOLLOWER bankserver5 RECEIVES REQUEST 5
FOLLOWER bankserver5 RECEIVES REQUEST 6
FOLLOWER bankserver5 RECEIVES REQUEST 7
FOLLOWER bankserver5 RECEIVES REQUEST 8
CANDIDATE SERVER bankserver5 SENDING A VOTING REQUEST
CANDIDATE SERVER bankserver5 WINS THE ELECTION FOR TERM 8
LEADER SENDS HEARTBEAT TO SERVER bankserver1
LEADER RECEIVES ACK FROM SERVER bankserver1 FOR HEARTBEAT
LEADER SENDS HEARTBEAT TO SERVER bankserver2
LEADER RECEIVES ACK FROM SERVER bankserver2 FOR HEARTBEAT
LEADER SENDS HEARTBEAT TO SERVER bankserver4
LEADER REPAIRS LOG ON SERVER bankserver4 THROUGH LOG ENTRY 22
LEADER SENDS HEARTBEAT TO SERVER bankserver1
LEADER RECEIVES ACK FROM SERVER bankserver1 FOR HEARTBEAT
LEADER SENDS HEARTBEAT TO SERVER bankserver2
LEADER RECEIVES ACK FROM SERVER bankserver2 FOR HEARTBEAT
LEADER SENDS HEARTBEAT TO SERVER bankserver4
LEADER RECEIVES ACK FROM SERVER bankserver4 FOR HEARTBEAT
LEADER SENDS HEARTBEAT TO SERVER bankserver1
LEADER RECEIVES ACK FROM SERVER bankserver1 FOR HEARTBEAT
LEADER SENDS HEARTBEAT TO SERVER bankserver2
LEADER RECEIVES ACK FROM SERVER bankserver2 FOR HEARTBEAT
LEADER SENDS HEARTBEAT TO SERVER bankserver4
LEADER RECEIVES ACK FROM SERVER bankserver4 FOR HEARTBEAT
LEADER SENDS HEARTBEAT TO SERVER bankserver1
LEADER RECEIVES ACK FROM SERVER bankserver1 FOR HEARTBEAT
LEADER SENDS HEARTBEAT TO SERVER bankserver2
LEADER RECEIVES ACK FROM SERVER bankserver2 FOR HEARTBEAT
LEADER SENDS HEARTBEAT TO SERVER bankserver4
LEADER RECEIVES ACK FROM SERVER bankserver4 FOR HEARTBEAT
LEADER SENDS HEARTBEAT TO SERVER bankserver1
LEADER RECEIVES ACK FROM SERVER bankserver1 FOR HEARTBEAT
LEADER SENDS HEARTBEAT TO SERVER bankserver2
LEADER RECEIVES ACK FROM SERVER bankserver2 FOR HEARTBEAT
LEADER SENDS HEARTBEAT TO SERVER bankserver4
LEADER RECEIVES ACK FROM SERVER bankserver4 FOR HEARTBEAT
LEADER SENDS HEARTBEAT TO SERVER bankserver1
LEADER RECEIVES ACK FROM SERVER bankserver1 FOR HEARTBEAT
LEADER SENDS HEARTBEAT TO SERVER bankserver2
LEADER RECEIVES ACK FROM SERVER bankserver2 FOR HEARTBEAT
LEADER SENDS HEARTBEAT TO SERVER bankserver4
LEADER RECEIVES ACK FROM SERVER bankserver4 FOR HEARTBEAT
LEADER SENDS HEARTBEAT TO SERVER bankserver1
LEADER RECEIVES ACK FROM SERVER bankserver1 FOR HEARTBEAT
LEADER SENDS HEARTBEAT TO SERVER bankserver2
LEADER RECEIVES ACK FROM SERVER bankserver2 FOR HEARTBEAT
LEADER SENDS HEARTBEAT TO SERVER bankserver4
LEADER RECEIVES ACK FROM SERVER bankserver4 FOR HEARTBEAT
LEADER SENDS HEARTBEAT TO SERVER bankserver1
LEADER RECEIVES ACK FROM SERVER bankserver1 FOR HEARTBEAT
LEADER SENDS HEARTBEAT TO SERVER bankserver2
LEADER RECEIVES ACK FROM SERVER bankserver2 FOR HEARTBEAT
LEADER SERVER bankserver5 RECEIVES REQUEST 1 FROM CLIENT
LEADER SERVER bankserver5 ADDS REQUEST 1 TO LOG ENTRY 23
LEADER SENDS REQUEST 1 TO SERVER bankserver1
LEADER RECEIVES ACK FROM SERVER bankserver1 FOR REQUEST 1
LEADER SENDS REQUEST 1 TO SERVER bankserver2
LEADER RECEIVES ACK FROM SERVER bankserver2 FOR REQUEST 1
LEADER SENDS HEARTBEAT TO SERVER bankserver4
LEADER SENDS REQUEST 1 TO SERVER bankserver4
LEADER RECEIVES ACK FROM SERVER bankserver4 FOR HEARTBEAT
LEADER SENDS HEARTBEAT TO SERVER bankserver1
LEADER RECEIVES ACK FROM SERVER bankserver1 FOR HEARTBEAT
LEADER SENDS HEARTBEAT TO SERVER bankserver2
LEADER RECEIVES ACK FROM SERVER bankserver2 FOR HEARTBEAT
LEADER RECEIVES ACK FROM SERVER bankserver4 FOR REQUEST 1
LEADER SERVER bankserver5 RECEIVES REQUEST 2 FROM CLIENT
LEADER SERVER bankserver5 ADDS REQUEST 2 TO LOG ENTRY 24
LEADER SENDS REQUEST 2 TO SERVER bankserver1
LEADER RECEIVES ACK FROM SERVER bankserver1 FOR REQUEST 2
LEADER SENDS REQUEST 2 TO SERVER bankserver2
LEADER RECEIVES ACK FROM SERVER bankserver2 FOR REQUEST 2
LEADER SENDS REQUEST 2 TO SERVER bankserver4
LEADER SENDS HEARTBEAT TO SERVER bankserver4
LEADER RECEIVES ACK FROM SERVER bankserver4 FOR REQUEST 2
LEADER RECEIVES ACK FROM SERVER bankserver4 FOR HEARTBEAT
LEADER SENDS HEARTBEAT TO SERVER bankserver1
LEADER RECEIVES ACK FROM SERVER bankserver1 FOR HEARTBEAT
LEADER SENDS HEARTBEAT TO SERVER bankserver2
LEADER SERVER bankserver5 RECEIVES REQUEST 3 FROM CLIENT
LEADER RECEIVES ACK FROM SERVER bankserver2 FOR HEARTBEAT
LEADER SERVER bankserver5 ADDS REQUEST 3 TO LOG ENTRY 25
LEADER SENDS REQUEST 3 TO SERVER bankserver1
LEADER RECEIVES ACK FROM SERVER bankserver1 FOR REQUEST 3
LEADER SENDS REQUEST 3 TO SERVER bankserver2
LEADER RECEIVES ACK FROM SERVER bankserver2 FOR REQUEST 3
LEADER SENDS HEARTBEAT TO SERVER bankserver4
LEADER SENDS REQUEST 3 TO SERVER bankserver4
LEADER RECEIVES ACK FROM SERVER bankserver4 FOR HEARTBEAT
LEADER SENDS HEARTBEAT TO SERVER bankserver1
LEADER RECEIVES ACK FROM SERVER bankserver1 FOR HEARTBEAT
LEADER SENDS HEARTBEAT TO SERVER bankserver2
LEADER RECEIVES ACK FROM SERVER bankserver2 FOR HEARTBEAT
LEADER RECEIVES ACK FROM SERVER bankserver4 FOR REQUEST 3
LEADER SERVER bankserver5 RECEIVES REQUEST 4 FROM CLIENT
LEADER SERVER bankserver5 ADDS REQUEST 4 TO LOG ENTRY 26
LEADER SENDS REQUEST 4 TO SERVER bankserver1
LEADER RECEIVES ACK FROM SERVER bankserver1 FOR REQUEST 4
LEADER SENDS REQUEST 4 TO SERVER bankserver2
LEADER RECEIVES ACK FROM SERVER bankserver2 FOR REQUEST 4
LEADER SENDS REQUEST 4 TO SERVER bankserver4
LEADER SENDS HEARTBEAT TO SERVER bankserver4
LEADER RECEIVES ACK FROM SERVER bankserver4 FOR REQUEST 4
LEADER RECEIVES ACK FROM SERVER bankserver4 FOR HEARTBEAT
LEADER SENDS HEARTBEAT TO SERVER bankserver1
LEADER RECEIVES ACK FROM SERVER bankserver1 FOR HEARTBEAT
LEADER SENDS HEARTBEAT TO SERVER bankserver2
LEADER RECEIVES ACK FROM SERVER bankserver2 FOR HEARTBEAT
LEADER SERVER bankserver5 RECEIVES REQUEST 5 FROM CLIENT
LEADER SERVER bankserver5 ADDS REQUEST 5 TO LOG ENTRY 27
LEADER SENDS REQUEST 5 TO SERVER bankserver1
LEADER RECEIVES ACK FROM SERVER bankserver1 FOR REQUEST 5
LEADER SENDS REQUEST 5 TO SERVER bankserver2
LEADER RECEIVES ACK FROM SERVER bankserver2 FOR REQUEST 5
LEADER SENDS HEARTBEAT TO SERVER bankserver4
LEADER SENDS REQUEST 5 TO SERVER bankserver4
LEADER RECEIVES ACK FROM SERVER bankserver4 FOR HEARTBEAT
LEADER SENDS HEARTBEAT TO SERVER bankserver1
LEADER RECEIVES ACK FROM SERVER bankserver1 FOR HEARTBEAT
LEADER SENDS HEARTBEAT TO SERVER bankserver2
LEADER RECEIVES ACK FROM SERVER bankserver2 FOR HEARTBEAT
LEADER RECEIVES ACK FROM SERVER bankserver4 FOR REQUEST 5
LEADER SERVER bankserver5 RECEIVES REQUEST 6 FROM CLIENT
LEADER SERVER bankserver5 ADDS REQUEST 6 TO LOG ENTRY 28
LEADER SENDS REQUEST 6 TO SERVER bankserver1
LEADER RECEIVES ACK FROM SERVER bankserver1 FOR REQUEST 6
LEADER SENDS REQUEST 6 TO SERVER bankserver2
LEADER RECEIVES ACK FROM SERVER bankserver2 FOR REQUEST 6
LEADER SENDS REQUEST 6 TO SERVER bankserver4
LEADER SENDS HEARTBEAT TO SERVER bankserver4
LEADER RECEIVES ACK FROM SERVER bankserver4 FOR REQUEST 6
LEADER RECEIVES ACK FROM SERVER bankserver4 FOR HEARTBEAT
LEADER SENDS HEARTBEAT TO SERVER bankserver1
LEADER RECEIVES ACK FROM SERVER bankserver1 FOR HEARTBEAT
LEADER SENDS HEARTBEAT TO SERVER bankserver2
LEADER RECEIVES ACK FROM SERVER bankserver2 FOR HEARTBEAT
LEADER SERVER bankserver5 RECEIVES REQUEST 7 FROM CLIENT
LEADER SERVER bankserver5 ADDS REQUEST 7 TO LOG ENTRY 29
LEADER SENDS REQUEST 7 TO SERVER bankserver1
LEADER RECEIVES ACK FROM SERVER bankserver1 FOR REQUEST 7
LEADER SENDS REQUEST 7 TO SERVER bankserver2
LEADER RECEIVES ACK FROM SERVER bankserver2 FOR REQUEST 7
LEADER SENDS REQUEST 7 TO SERVER bankserver4
LEADER SENDS HEARTBEAT TO SERVER bankserver4
LEADER RECEIVES ACK FROM SERVER bankserver4 FOR REQUEST 7
LEADER RECEIVES ACK FROM SERVER bankserver4 FOR HEARTBEAT
LEADER SENDS HEARTBEAT TO SERVER bankserver1
LEADER RECEIVES ACK FROM SERVER bankserver1 FOR HEARTBEAT
LEADER SENDS HEARTBEAT TO SERVER bankserver2
LEADER RECEIVES ACK FROM SERVER bankserver2 FOR HEARTBEAT
LEADER SERVER bankserver5 RECEIVES REQUEST 8 FROM CLIENT
LEADER SERVER bankserver5 ADDS REQUEST 8 TO LOG ENTRY 30
LEADER SENDS REQUEST 8 TO SERVER bankserver1
LEADER RECEIVES ACK FROM SERVER bankserver1 FOR REQUEST 8
LEADER SENDS REQUEST 8 TO SERVER bankserver2
LEADER RECEIVES ACK FROM SERVER bankserver2 FOR REQUEST 8
LEADER SENDS REQUEST 8 TO SERVER bankserver4
LEADER SENDS HEARTBEAT TO SERVER bankserver4
LEADER RECEIVES ACK FROM SERVER bankserver4 FOR HEARTBEAT
LEADER RECEIVES ACK FROM SERVER bankserver4 FOR REQUEST 8
LEADER SENDS HEARTBEAT TO SERVER bankserver1
LEADER RECEIVES ACK FROM SERVER bankserver1 FOR HEARTBEAT
LEADER SENDS HEARTBEAT TO SERVER bankserver2
LEADER RECEIVES ACK FROM SERVER bankserver2 FOR HEARTBEAT
LEADER SERVER bankserver5 RECEIVES REQUEST 9 FROM CLIENT
LEADER SERVER bankserver5 ADDS REQUEST 9 TO LOG ENTRY 31
LEADER SENDS REQUEST 9 TO SERVER bankserver1
LEADER RECEIVES ACK FROM SERVER bankserver1 FOR REQUEST 9
LEADER SENDS REQUEST 9 TO SERVER bankserver2
LEADER RECEIVES ACK FROM SERVER bankserver2 FOR REQUEST 9
LEADER SENDS REQUEST 9 TO SERVER bankserver4
LEADER SENDS HEARTBEAT TO SERVER bankserver4
LEADER RECEIVES ACK FROM SERVER bankserver4 FOR REQUEST 9
LEADER RECEIVES ACK FROM SERVER bankserver4 FOR HEARTBEAT
LEADER SENDS HEARTBEAT TO SERVER bankserver1
LEADER RECEIVES ACK FROM SERVER bankserver1 FOR HEARTBEAT
LEADER SENDS HEARTBEAT TO SERVER bankserver2
LEADER SERVER bankserver5 RECEIVES REQUEST 10 FROM CLIENT
LEADER RECEIVES ACK FROM SERVER bankserver2 FOR HEARTBEAT
LEADER SERVER bankserver5 ADDS REQUEST 10 TO LOG ENTRY 32
LEADER SENDS REQUEST 10 TO SERVER bankserver1
LEADER RECEIVES ACK FROM SERVER bankserver1 FOR REQUEST 10
LEADER SENDS REQUEST 10 TO SERVER bankserver2
LEADER RECEIVES ACK FROM SERVER bankserver2 FOR REQUEST 10
LEADER SENDS HEARTBEAT TO SERVER bankserver4
LEADER SENDS REQUEST 10 TO SERVER bankserver4
LEADER RECEIVES ACK FROM SERVER bankserver4 FOR HEARTBEAT
LEADER SENDS HEARTBEAT TO SERVER bankserver1
LEADER RECEIVES ACK FROM SERVER bankserver1 FOR HEARTBEAT
LEADER SENDS HEARTBEAT TO SERVER bankserver2
LEADER RECEIVES ACK FROM SERVER bankserver2 FOR HEARTBEAT
LEADER RECEIVES ACK FROM SERVER bankserver4 FOR REQUEST 10
LEADER SERVER bankserver5 RECEIVES REQUEST 11 FROM CLIENT
LEADER SERVER bankserver5 ADDS REQUEST 11 TO LOG ENTRY 33
LEADER SENDS REQUEST 11 TO SERVER bankserver1
LEADER RECEIVES ACK FROM SERVER bankserver1 FOR REQUEST 11
LEADER SENDS REQUEST 11 TO SERVER bankserver2
LEADER RECEIVES ACK FROM SERVER bankserver2 FOR REQUEST 11
LEADER SENDS HEARTBEAT TO SERVER bankserver4
LEADER SENDS REQUEST 11 TO SERVER bankserver4
LEADER RECEIVES ACK FROM SERVER bankserver4 FOR HEARTBEAT
LEADER SENDS HEARTBEAT TO SERVER bankserver1
LEADER RECEIVES ACK FROM SERVER bankserver1 FOR HEARTBEAT
LEADER SENDS HEARTBEAT TO SERVER bankserver2
LEADER RECEIVES ACK FROM SERVER bankserver2 FOR HEARTBEAT
LEADER RECEIVES ACK FROM SERVER bankserver4 FOR REQUEST 11
LEADER SERVER bankserver5 RECEIVES REQUEST 12 FROM CLIENT
LEADER SERVER bankserver5 ADDS REQUEST 12 TO LOG ENTRY 34
LEADER SENDS REQUEST 12 TO SERVER bankserver1
LEADER RECEIVES ACK FROM SERVER bankserver1 FOR REQUEST 12
LEADER SENDS REQUEST 12 TO SERVER bankserver2
LEADER RECEIVES ACK FROM SERVER bankserver2 FOR REQUEST 12
LEADER SENDS REQUEST 12 TO SERVER bankserver4
LEADER SENDS HEARTBEAT TO SERVER bankserver4
LEADER RECEIVES ACK FROM SERVER bankserver4 FOR REQUEST 12
LEADER RECEIVES ACK FROM SERVER bankserver4 FOR HEARTBEAT
LEADER SENDS HEARTBEAT TO SERVER bankserver1
LEADER RECEIVES ACK FROM SERVER bankserver1 FOR HEARTBEAT
LEADER SENDS HEARTBEAT TO SERVER bankserver2
LEADER RECEIVES ACK FROM SERVER bankserver2 FOR HEARTBEAT
LEADER SERVER bankserver5 RECEIVES REQUEST 13 FROM CLIENT
LEADER SERVER bankserver5 ADDS REQUEST 13 TO LOG ENTRY 35
LEADER SENDS REQUEST 13 TO SERVER bankserver1
LEADER RECEIVES ACK FROM SERVER bankserver1 FOR REQUEST 13
LEADER SENDS REQUEST 13 TO SERVER bankserver2
LEADER RECEIVES ACK FROM SERVER bankserver2 FOR REQUEST 13
LEADER SENDS REQUEST 13 TO SERVER bankserver4
LEADER SENDS HEARTBEAT TO SERVER bankserver4
LEADER RECEIVES ACK FROM SERVER bankserver4 FOR REQUEST 13
LEADER RECEIVES ACK FROM SERVER bankserver4 FOR HEARTBEAT
LEADER SENDS HEARTBEAT TO SERVER bankserver1
LEADER RECEIVES ACK FROM SERVER bankserver1 FOR HEARTBEAT
LEADER SENDS HEARTBEAT TO SERVER bankserver2
LEADER SERVER bankserver5 RECEIVES REQUEST 14 FROM CLIENT
LEADER RECEIVES ACK FROM SERVER bankserver2 FOR HEARTBEAT
LEADER SERVER bankserver5 ADDS REQUEST 14 TO LOG ENTRY 36
LEADER SENDS REQUEST 14 TO SERVER bankserver1
LEADER RECEIVES ACK FROM SERVER bankserver1 FOR REQUEST 14
LEADER SENDS REQUEST 14 TO SERVER bankserver2
LEADER RECEIVES ACK FROM SERVER bankserver2 FOR REQUEST 14
LEADER SENDS REQUEST 14 TO SERVER bankserver4
LEADER SENDS HEARTBEAT TO SERVER bankserver4
LEADER RECEIVES ACK FROM SERVER bankserver4 FOR REQUEST 14
LEADER RECEIVES ACK FROM SERVER bankserver4 FOR HEARTBEAT
LEADER SENDS HEARTBEAT TO SERVER bankserver1
LEADER RECEIVES ACK FROM SERVER bankserver1 FOR HEARTBEAT
LEADER SENDS HEARTBEAT TO SERVER bankserver2
LEADER RECEIVES ACK FROM SERVER bankserver2 FOR HEARTBEAT
LEADER SERVER bankserver5 RECEIVES REQUEST 15 FROM CLIENT
LEADER SERVER bankserver5 ADDS REQUEST 15 TO LOG ENTRY 37
LEADER SENDS REQUEST 15 TO SERVER bankserver1
LEADER RECEIVES ACK FROM SERVER bankserver1 FOR REQUEST 15
LEADER SENDS REQUEST 15 TO SERVER bankserver2
LEADER RECEIVES ACK FROM SERVER bankserver2 FOR REQUEST 15
LEADER SENDS HEARTBEAT TO SERVER bankserver4
LEADER SENDS REQUEST 15 TO SERVER bankserver4
LEADER RECEIVES ACK FROM SERVER bankserver4 FOR HEARTBEAT
LEADER SENDS HEARTBEAT TO SERVER bankserver1
LEADER RECEIVES ACK FROM SERVER bankserver1 FOR HEARTBEAT
LEADER SENDS HEARTBEAT TO SERVER bankserver2
LEADER RECEIVES ACK FROM SERVER bankserver4 FOR REQUEST 15
LEADER RECEIVES ACK FROM SERVER bankserver2 FOR HEARTBEAT
LEADER SERVER bankserver5 RECEIVES REQUEST 16 FROM CLIENT
LEADER SERVER bankserver5 ADDS REQUEST 16 TO LOG ENTRY 38
LEADER SENDS REQUEST 16 TO SERVER bankserver1
LEADER RECEIVES ACK FROM SERVER bankserver1 FOR REQUEST 16
LEADER SENDS REQUEST 16 TO SERVER bankserver2
LEADER RECEIVES ACK FROM SERVER bankserver2 FOR REQUEST 16
LEADER SENDS HEARTBEAT TO SERVER bankserver4
LEADER SENDS REQUEST 16 TO SERVER bankserver4
LEADER RECEIVES ACK FROM SERVER bankserver4 FOR HEARTBEAT
LEADER SENDS HEARTBEAT TO SERVER bankserver1
LEADER RECEIVES ACK FROM SERVER bankserver1 FOR HEARTBEAT
LEADER SENDS HEARTBEAT TO SERVER bankserver2
LEADER RECEIVES ACK FROM SERVER bankserver2 FOR HEARTBEAT
LEADER RECEIVES ACK FROM SERVER bankserver4 FOR REQUEST 16
LEADER SERVER bankserver5 RECEIVES REQUEST 17 FROM CLIENT
LEADER SERVER bankserver5 ADDS REQUEST 17 TO LOG ENTRY 39
LEADER SENDS REQUEST 17 TO SERVER bankserver1
LEADER RECEIVES ACK FROM SERVER bankserver1 FOR REQUEST 17
LEADER SENDS REQUEST 17 TO SERVER bankserver2
LEADER RECEIVES ACK FROM SERVER bankserver2 FOR REQUEST 17
LEADER SENDS REQUEST 17 TO SERVER bankserver4
LEADER SENDS HEARTBEAT TO SERVER bankserver4
LEADER RECEIVES ACK FROM SERVER bankserver4 FOR REQUEST 17
LEADER RECEIVES ACK FROM SERVER bankserver4 FOR HEARTBEAT
LEADER SENDS HEARTBEAT TO SERVER bankserver1
LEADER RECEIVES ACK FROM SERVER bankserver1 FOR HEARTBEAT
LEADER SENDS HEARTBEAT TO SERVER bankserver2
LEADER RECEIVES ACK FROM SERVER bankserver2 FOR HEARTBEAT
LEADER SERVER bankserver5 RECEIVES REQUEST 18 FROM CLIENT
LEADER SERVER bankserver5 ADDS REQUEST 18 TO LOG ENTRY 40
LEADER SENDS REQUEST 18 TO SERVER bankserver1
LEADER RECEIVES ACK FROM SERVER bankserver1 FOR REQUEST 18
LEADER SENDS REQUEST 18 TO SERVER bankserver2
LEADER RECEIVES ACK FROM SERVER bankserver2 FOR REQUEST 18
LEADER SENDS HEARTBEAT TO SERVER bankserver4
LEADER SENDS REQUEST 18 TO SERVER bankserver4
LEADER RECEIVES ACK FROM SERVER bankserver4 FOR HEARTBEAT
LEADER SENDS HEARTBEAT TO SERVER bankserver1
LEADER RECEIVES ACK FROM SERVER bankserver1 FOR HEARTBEAT
LEADER SENDS HEARTBEAT TO SERVER bankserver2
LEADER RECEIVES ACK FROM SERVER bankserver4 FOR REQUEST 18
LEADER RECEIVES ACK FROM SERVER bankserver2 FOR HEARTBEAT
LEADER SERVER bankserver5 RECEIVES REQUEST 19 FROM CLIENT
LEADER SERVER bankserver5 ADDS REQUEST 19 TO LOG ENTRY 41
LEADER SENDS REQUEST 19 TO SERVER bankserver1
LEADER RECEIVES ACK FROM SERVER bankserver1 FOR REQUEST 19
LEADER SENDS REQUEST 19 TO SERVER bankserver2
LEADER RECEIVES ACK FROM SERVER bankserver2 FOR REQUEST 19
LEADER SENDS REQUEST 19 TO SERVER bankserver4
LEADER SENDS HEARTBEAT TO SERVER bankserver4
LEADER RECEIVES ACK FROM SERVER bankserver4 FOR REQUEST 19
LEADER RECEIVES ACK FROM SERVER bankserver4 FOR HEARTBEAT
LEADER SENDS HEARTBEAT TO SERVER bankserver1
LEADER RECEIVES ACK FROM SERVER bankserver1 FOR HEARTBEAT
LEADER SENDS HEARTBEAT TO SERVER bankserver2
LEADER RECEIVES ACK FROM SERVER bankserver2 FOR HEARTBEAT
LEADER SERVER bankserver5 RECEIVES REQUEST 20 FROM CLIENT
LEADER SERVER bankserver5 ADDS REQUEST 20 TO LOG ENTRY 42
LEADER SENDS REQUEST 20 TO SERVER bankserver1
LEADER RECEIVES ACK FROM SERVER bankserver1 FOR REQUEST 20
LEADER SENDS REQUEST 20 TO SERVER bankserver2
LEADER RECEIVES ACK FROM SERVER bankserver2 FOR REQUEST 20
LEADER SENDS REQUEST 20 TO SERVER bankserver4
LEADER SENDS HEARTBEAT TO SERVER bankserver4
LEADER RECEIVES ACK FROM SERVER bankserver4 FOR REQUEST 20
LEADER RECEIVES ACK FROM SERVER bankserver4 FOR HEARTBEAT
LEADER SENDS HEARTBEAT TO SERVER bankserver1
LEADER RECEIVES ACK FROM SERVER bankserver1 FOR HEARTBEAT
LEADER SENDS HEARTBEAT TO SERVER bankserver2
LEADER RECEIVES ACK FROM SERVER bankserver2 FOR HEARTBEAT
LEADER SERVER bankserver5 RECEIVES REQUEST 21 FROM CLIENT
LEADER SERVER bankserver5 ADDS REQUEST 21 TO LOG ENTRY 43
LEADER SENDS REQUEST 21 TO SERVER bankserver1
LEADER RECEIVES ACK FROM SERVER bankserver1 FOR REQUEST 21
LEADER SENDS REQUEST 21 TO SERVER bankserver2
LEADER RECEIVES ACK FROM SERVER bankserver2 FOR REQUEST 21
LEADER SENDS HEARTBEAT TO SERVER bankserver4
LEADER SENDS REQUEST 21 TO SERVER bankserver4
LEADER RECEIVES ACK FROM SERVER bankserver4 FOR HEARTBEAT
LEADER SENDS HEARTBEAT TO SERVER bankserver1
LEADER RECEIVES ACK FROM SERVER bankserver1 FOR HEARTBEAT
LEADER SENDS HEARTBEAT TO SERVER bankserver2
LEADER RECEIVES ACK FROM SERVER bankserver2 FOR HEARTBEAT
LEADER RECEIVES ACK FROM SERVER bankserver4 FOR REQUEST 21
LEADER SERVER bankserver5 RECEIVES REQUEST 22 FROM CLIENT
LEADER SERVER bankserver5 ADDS REQUEST 22 TO LOG ENTRY 44
LEADER SENDS REQUEST 22 TO SERVER bankserver1
LEADER RECEIVES ACK FROM SERVER bankserver1 FOR REQUEST 22
LEADER SENDS REQUEST 22 TO SERVER bankserver2
LEADER RECEIVES ACK FROM SERVER bankserver2 FOR REQUEST 22
LEADER SENDS HEARTBEAT TO SERVER bankserver4
LEADER SENDS REQUEST 22 TO SERVER bankserver4
LEADER RECEIVES ACK FROM SERVER bankserver4 FOR HEARTBEAT
LEADER SENDS HEARTBEAT TO SERVER bankserver1
LEADER RECEIVES ACK FROM SERVER bankserver1 FOR HEARTBEAT
LEADER SENDS HEARTBEAT TO SERVER bankserver2
LEADER RECEIVES ACK FROM SERVER bankserver2 FOR HEARTBEAT
LEADER RECEIVES ACK FROM SERVER bankserver4 FOR REQUEST 22
LEADER SERVER bankserver5 RECEIVES REQUEST 23 FROM CLIENT
LEADER SERVER bankserver5 ADDS REQUEST 23 TO LOG ENTRY 45
LEADER SENDS REQUEST 23 TO SERVER bankserver1
LEADER RECEIVES ACK FROM SERVER bankserver1 FOR REQUEST 23
LEADER SENDS REQUEST 23 TO SERVER bankserver2
LEADER RECEIVES ACK FROM SERVER bankserver2 FOR REQUEST 23
LEADER SENDS HEARTBEAT TO SERVER bankserver4
LEADER SENDS REQUEST 23 TO SERVER bankserver4
LEADER RECEIVES ACK FROM SERVER bankserver4 FOR HEARTBEAT
LEADER SENDS HEARTBEAT TO SERVER bankserver1
LEADER RECEIVES ACK FROM SERVER bankserver1 FOR HEARTBEAT
LEADER SENDS HEARTBEAT TO SERVER bankserver2
LEADER RECEIVES ACK FROM SERVER bankserver2 FOR HEARTBEAT
LEADER RECEIVES ACK FROM SERVER bankserver4 FOR REQUEST 23
LEADER SERVER bankserver5 RECEIVES REQUEST 24 FROM CLIENT
LEADER SERVER bankserver5 ADDS REQUEST 24 TO LOG ENTRY 46
LEADER SENDS REQUEST 24 TO SERVER bankserver1
LEADER RECEIVES ACK FROM SERVER bankserver1 FOR REQUEST 24
LEADER SENDS REQUEST 24 TO SERVER bankserver2
LEADER RECEIVES ACK FROM SERVER bankserver2 FOR REQUEST 24
LEADER SENDS HEARTBEAT TO SERVER bankserver4
LEADER SENDS REQUEST 24 TO SERVER bankserver4
LEADER RECEIVES ACK FROM SERVER bankserver4 FOR HEARTBEAT
LEADER SENDS HEARTBEAT TO SERVER bankserver1
LEADER RECEIVES ACK FROM SERVER bankserver1 FOR HEARTBEAT
LEADER SENDS HEARTBEAT TO SERVER bankserver2
LEADER RECEIVES ACK FROM SERVER bankserver2 FOR HEARTBEAT
LEADER RECEIVES ACK FROM SERVER bankserver4 FOR REQUEST 24
LEADER SERVER bankserver5 RECEIVES REQUEST 25 FROM CLIENT
LEADER SERVER bankserver5 ADDS REQUEST 25 TO LOG ENTRY 47
LEADER SENDS REQUEST 25 TO SERVER bankserver1
LEADER RECEIVES ACK FROM SERVER bankserver1 FOR REQUEST 25
LEADER SENDS REQUEST 25 TO SERVER bankserver2
LEADER RECEIVES ACK FROM SERVER bankserver2 FOR REQUEST 25
LEADER SENDS HEARTBEAT TO SERVER bankserver4
LEADER SENDS REQUEST 25 TO SERVER bankserver4
LEADER RECEIVES ACK FROM SERVER bankserver4 FOR HEARTBEAT
LEADER SENDS HEARTBEAT TO SERVER bankserver1
LEADER RECEIVES ACK FROM SERVER bankserver1 FOR HEARTBEAT
LEADER SENDS HEARTBEAT TO SERVER bankserver2
LEADER RECEIVES ACK FROM SERVER bankserver2 FOR HEARTBEAT
LEADER RECEIVES ACK FROM SERVER bankserver4 FOR REQUEST 25
LEADER SERVER bankserver5 RECEIVES REQUEST 26 FROM CLIENT
LEADER SERVER bankserver5 ADDS REQUEST 26 TO LOG ENTRY 48
LEADER SENDS REQUEST 26 TO SERVER bankserver1
LEADER RECEIVES ACK FROM SERVER bankserver1 FOR REQUEST 26
LEADER SENDS REQUEST 26 TO SERVER bankserver2
LEADER RECEIVES ACK FROM SERVER bankserver2 FOR REQUEST 26
LEADER SENDS HEARTBEAT TO SERVER bankserver4
LEADER SENDS REQUEST 26 TO SERVER bankserver4
LEADER RECEIVES ACK FROM SERVER bankserver4 FOR HEARTBEAT
LEADER SENDS HEARTBEAT TO SERVER bankserver1
LEADER RECEIVES ACK FROM SERVER bankserver1 FOR HEARTBEAT
LEADER SENDS HEARTBEAT TO SERVER bankserver2
LEADER RECEIVES ACK FROM SERVER bankserver2 FOR HEARTBEAT
LEADER RECEIVES ACK FROM SERVER bankserver4 FOR REQUEST 26
LEADER SERVER bankserver5 RECEIVES REQUEST 27 FROM CLIENT
LEADER SERVER bankserver5 ADDS REQUEST 27 TO LOG ENTRY 49
LEADER SENDS REQUEST 27 TO SERVER bankserver1
LEADER RECEIVES ACK FROM SERVER bankserver1 FOR REQUEST 27
LEADER SENDS REQUEST 27 TO SERVER bankserver2
LEADER RECEIVES ACK FROM SERVER bankserver2 FOR REQUEST 27
LEADER SENDS REQUEST 27 TO SERVER bankserver4
LEADER SENDS HEARTBEAT TO SERVER bankserver4
LEADER RECEIVES ACK FROM SERVER bankserver4 FOR REQUEST 27
LEADER RECEIVES ACK FROM SERVER bankserver4 FOR HEARTBEAT
LEADER SENDS HEARTBEAT TO SERVER bankserver1
LEADER RECEIVES ACK FROM SERVER bankserver1 FOR HEARTBEAT
LEADER SENDS HEARTBEAT TO SERVER bankserver2
LEADER SERVER bankserver5 RECEIVES REQUEST 28 FROM CLIENT
LEADER SERVER bankserver5 ADDS REQUEST 28 TO LOG ENTRY 50
LEADER RECEIVES ACK FROM SERVER bankserver2 FOR HEARTBEAT
LEADER SENDS REQUEST 28 TO SERVER bankserver1
LEADER RECEIVES ACK FROM SERVER bankserver1 FOR REQUEST 28
LEADER SENDS REQUEST 28 TO SERVER bankserver2
LEADER RECEIVES ACK FROM SERVER bankserver2 FOR REQUEST 28
LEADER SENDS HEARTBEAT TO SERVER bankserver4
LEADER SENDS REQUEST 28 TO SERVER bankserver4
LEADER RECEIVES ACK FROM SERVER bankserver4 FOR HEARTBEAT
LEADER SENDS HEARTBEAT TO SERVER bankserver1
LEADER RECEIVES ACK FROM SERVER bankserver1 FOR HEARTBEAT
LEADER SENDS HEARTBEAT TO SERVER bankserver2
LEADER RECEIVES ACK FROM SERVER bankserver2 FOR HEARTBEAT
LEADER RECEIVES ACK FROM SERVER bankserver4 FOR REQUEST 28
LEADER SERVER bankserver5 RECEIVES REQUEST 29 FROM CLIENT
LEADER SERVER bankserver5 ADDS REQUEST 29 TO LOG ENTRY 51
LEADER SENDS REQUEST 29 TO SERVER bankserver1
LEADER RECEIVES ACK FROM SERVER bankserver1 FOR REQUEST 29
LEADER SENDS REQUEST 29 TO SERVER bankserver2
LEADER RECEIVES ACK FROM SERVER bankserver2 FOR REQUEST 29
LEADER SENDS REQUEST 29 TO SERVER bankserver4
LEADER SENDS HEARTBEAT TO SERVER bankserver4
LEADER RECEIVES ACK FROM SERVER bankserver4 FOR REQUEST 29
LEADER RECEIVES ACK FROM SERVER bankserver4 FOR HEARTBEAT
LEADER SENDS HEARTBEAT TO SERVER bankserver1
LEADER RECEIVES ACK FROM SERVER bankserver1 FOR HEARTBEAT
LEADER SENDS HEARTBEAT TO SERVER bankserver2
LEADER RECEIVES ACK FROM SERVER bankserver2 FOR HEARTBEAT
LEADER SERVER bankserver5 RECEIVES REQUEST 30 FROM CLIENT
LEADER SERVER bankserver5 ADDS REQUEST 30 TO LOG ENTRY 52
LEADER SENDS REQUEST 30 TO SERVER bankserver1
LEADER RECEIVES ACK FROM SERVER bankserver1 FOR REQUEST 30
LEADER SENDS REQUEST 30 TO SERVER bankserver2
LEADER RECEIVES ACK FROM SERVER bankserver2 FOR REQUEST 30
LEADER SENDS HEARTBEAT TO SERVER bankserver4
LEADER SENDS REQUEST 30 TO SERVER bankserver4
LEADER RECEIVES ACK FROM SERVER bankserver4 FOR HEARTBEAT
LEADER SENDS HEARTBEAT TO SERVER bankserver1
LEADER RECEIVES ACK FROM SERVER bankserver1 FOR HEARTBEAT
LEADER SENDS HEARTBEAT TO SERVER bankserver2
LEADER RECEIVES ACK FROM SERVER bankserver2 FOR HEARTBEAT
LEADER RECEIVES ACK FROM SERVER bankserver4 FOR REQUEST 30
LEADER SERVER bankserver5 RECEIVES REQUEST 31 FROM CLIENT
LEADER SERVER bankserver5 ADDS REQUEST 31 TO LOG ENTRY 53
LEADER SENDS REQUEST 31 TO SERVER bankserver1
LEADER RECEIVES ACK FROM SERVER bankserver1 FOR REQUEST 31
LEADER SENDS REQUEST 31 TO SERVER bankserver2
LEADER RECEIVES ACK FROM SERVER bankserver2 FOR REQUEST 31
LEADER SENDS REQUEST 31 TO SERVER bankserver4
LEADER SENDS HEARTBEAT TO SERVER bankserver4
LEADER RECEIVES ACK FROM SERVER bankserver4 FOR REQUEST 31
LEADER RECEIVES ACK FROM SERVER bankserver4 FOR HEARTBEAT
LEADER SENDS HEARTBEAT TO SERVER bankserver1
LEADER RECEIVES ACK FROM SERVER bankserver1 FOR HEARTBEAT
LEADER SENDS HEARTBEAT TO SERVER bankserver2
LEADER RECEIVES ACK FROM SERVER bankserver2 FOR HEARTBEAT
LEADER SERVER bankserver5 RECEIVES REQUEST 32 FROM CLIENT
LEADER SERVER bankserver5 ADDS REQUEST 32 TO LOG ENTRY 54
LEADER SENDS REQUEST 32 TO SERVER bankserver1
LEADER RECEIVES ACK FROM SERVER bankserver1 FOR REQUEST 32
LEADER SENDS REQUEST 32 TO SERVER bankserver2
LEADER RECEIVES ACK FROM SERVER bankserver2 FOR REQUEST 32
LEADER SENDS HEARTBEAT TO SERVER bankserver4
LEADER SENDS REQUEST 32 TO SERVER bankserver4
LEADER RECEIVES ACK FROM SERVER bankserver4 FOR HEARTBEAT
LEADER SENDS HEARTBEAT TO SERVER bankserver1
LEADER RECEIVES ACK FROM SERVER bankserver1 FOR HEARTBEAT
LEADER SENDS HEARTBEAT TO SERVER bankserver2
LEADER RECEIVES ACK FROM SERVER bankserver2 FOR HEARTBEAT
LEADER RECEIVES ACK FROM SERVER bankserver4 FOR REQUEST 32
LEADER SERVER bankserver5 RECEIVES REQUEST 33 FROM CLIENT
LEADER SERVER bankserver5 ADDS REQUEST 33 TO LOG ENTRY 55
LEADER SENDS REQUEST 33 TO SERVER bankserver1
LEADER RECEIVES ACK FROM SERVER bankserver1 FOR REQUEST 33
LEADER SENDS REQUEST 33 TO SERVER bankserver2
LEADER RECEIVES ACK FROM SERVER bankserver2 FOR REQUEST 33
LEADER SENDS HEARTBEAT TO SERVER bankserver4
LEADER SENDS REQUEST 33 TO SERVER bankserver4
LEADER RECEIVES ACK FROM SERVER bankserver4 FOR HEARTBEAT
LEADER SENDS HEARTBEAT TO SERVER bankserver1
LEADER RECEIVES ACK FROM SERVER bankserver1 FOR HEARTBEAT
LEADER SENDS HEARTBEAT TO SERVER bankserver2
LEADER RECEIVES ACK FROM SERVER bankserver2 FOR HEARTBEAT
LEADER RECEIVES ACK FROM SERVER bankserver4 FOR REQUEST 33
LEADER SERVER bankserver5 RECEIVES REQUEST 34 FROM CLIENT
LEADER SERVER bankserver5 ADDS REQUEST 34 TO LOG ENTRY 56
LEADER SENDS REQUEST 34 TO SERVER bankserver1
LEADER RECEIVES ACK FROM SERVER bankserver1 FOR REQUEST 34
LEADER SENDS REQUEST 34 TO SERVER bankserver2
LEADER RECEIVES ACK FROM SERVER bankserver2 FOR REQUEST 34
LEADER SENDS REQUEST 34 TO SERVER bankserver4
LEADER SENDS HEARTBEAT TO SERVER bankserver4
LEADER RECEIVES ACK FROM SERVER bankserver4 FOR REQUEST 34
LEADER RECEIVES ACK FROM SERVER bankserver4 FOR HEARTBEAT
LEADER SENDS HEARTBEAT TO SERVER bankserver1
LEADER RECEIVES ACK FROM SERVER bankserver1 FOR HEARTBEAT
LEADER SENDS HEARTBEAT TO SERVER bankserver2
LEADER RECEIVES ACK FROM SERVER bankserver2 FOR HEARTBEAT
LEADER SERVER bankserver5 RECEIVES REQUEST 35 FROM CLIENT
LEADER SERVER bankserver5 ADDS REQUEST 35 TO LOG ENTRY 57
LEADER SENDS REQUEST 35 TO SERVER bankserver1
LEADER RECEIVES ACK FROM SERVER bankserver1 FOR REQUEST 35
LEADER SENDS REQUEST 35 TO SERVER bankserver2
LEADER RECEIVES ACK FROM SERVER bankserver2 FOR REQUEST 35
LEADER SENDS HEARTBEAT TO SERVER bankserver4
LEADER SENDS REQUEST 35 TO SERVER bankserver4
LEADER RECEIVES ACK FROM SERVER bankserver4 FOR HEARTBEAT
LEADER SENDS HEARTBEAT TO SERVER bankserver1
LEADER RECEIVES ACK FROM SERVER bankserver1 FOR HEARTBEAT
LEADER SENDS HEARTBEAT TO SERVER bankserver2
LEADER RECEIVES ACK FROM SERVER bankserver4 FOR REQUEST 35
LEADER RECEIVES ACK FROM SERVER bankserver2 FOR HEARTBEAT
LEADER SERVER bankserver5 RECEIVES REQUEST 36 FROM CLIENT
LEADER SERVER bankserver5 ADDS REQUEST 36 TO LOG ENTRY 58
LEADER SENDS REQUEST 36 TO SERVER bankserver1
LEADER RECEIVES ACK FROM SERVER bankserver1 FOR REQUEST 36
LEADER SENDS REQUEST 36 TO SERVER bankserver2
LEADER RECEIVES ACK FROM SERVER bankserver2 FOR REQUEST 36
LEADER SENDS REQUEST 36 TO SERVER bankserver4
LEADER SENDS HEARTBEAT TO SERVER bankserver4
LEADER RECEIVES ACK FROM SERVER bankserver4 FOR REQUEST 36
LEADER RECEIVES ACK FROM SERVER bankserver4 FOR HEARTBEAT
LEADER SENDS HEARTBEAT TO SERVER bankserver1
LEADER RECEIVES ACK FROM SERVER bankserver1 FOR HEARTBEAT
LEADER SENDS HEARTBEAT TO SERVER bankserver2
LEADER RECEIVES ACK FROM SERVER bankserver2 FOR HEARTBEAT
LEADER SERVER bankserver5 RECEIVES REQUEST 37 FROM CLIENT
LEADER SERVER bankserver5 ADDS REQUEST 37 TO LOG ENTRY 59
LEADER SENDS REQUEST 37 TO SERVER bankserver1
LEADER RECEIVES ACK FROM SERVER bankserver1 FOR REQUEST 37
LEADER SENDS REQUEST 37 TO SERVER bankserver2
LEADER RECEIVES ACK FROM SERVER bankserver2 FOR REQUEST 37
LEADER SENDS HEARTBEAT TO SERVER bankserver4
LEADER SENDS REQUEST 37 TO SERVER bankserver4
LEADER RECEIVES ACK FROM SERVER bankserver4 FOR HEARTBEAT
LEADER SENDS HEARTBEAT TO SERVER bankserver1
LEADER RECEIVES ACK FROM SERVER bankserver1 FOR HEARTBEAT
LEADER SENDS HEARTBEAT TO SERVER bankserver2
LEADER RECEIVES ACK FROM SERVER bankserver4 FOR REQUEST 37
LEADER RECEIVES ACK FROM SERVER bankserver2 FOR HEARTBEAT
LEADER SERVER bankserver5 RECEIVES REQUEST 38 FROM CLIENT
LEADER SERVER bankserver5 ADDS REQUEST 38 TO LOG ENTRY 60
LEADER SENDS REQUEST 38 TO SERVER bankserver1
LEADER RECEIVES ACK FROM SERVER bankserver1 FOR REQUEST 38
LEADER SENDS REQUEST 38 TO SERVER bankserver2
LEADER RECEIVES ACK FROM SERVER bankserver2 FOR REQUEST 38
LEADER SENDS HEARTBEAT TO SERVER bankserver4
LEADER SENDS REQUEST 38 TO SERVER bankserver4
LEADER RECEIVES ACK FROM SERVER bankserver4 FOR HEARTBEAT
LEADER SENDS HEARTBEAT TO SERVER bankserver1
LEADER RECEIVES ACK FROM SERVER bankserver1 FOR HEARTBEAT
LEADER SENDS HEARTBEAT TO SERVER bankserver2
LEADER RECEIVES ACK FROM SERVER bankserver2 FOR HEARTBEAT
LEADER RECEIVES ACK FROM SERVER bankserver4 FOR REQUEST 38
LEADER SERVER bankserver5 RECEIVES REQUEST 39 FROM CLIENT
LEADER SERVER bankserver5 ADDS REQUEST 39 TO LOG ENTRY 61
LEADER SENDS REQUEST 39 TO SERVER bankserver1
LEADER RECEIVES ACK FROM SERVER bankserver1 FOR REQUEST 39
LEADER SENDS REQUEST 39 TO SERVER bankserver2
LEADER RECEIVES ACK FROM SERVER bankserver2 FOR REQUEST 39
LEADER SENDS REQUEST 39 TO SERVER bankserver4
LEADER SENDS HEARTBEAT TO SERVER bankserver4
LEADER RECEIVES ACK FROM SERVER bankserver4 FOR REQUEST 39
LEADER RECEIVES ACK FROM SERVER bankserver4 FOR HEARTBEAT
LEADER SENDS HEARTBEAT TO SERVER bankserver1
LEADER RECEIVES ACK FROM SERVER bankserver1 FOR HEARTBEAT
LEADER SENDS HEARTBEAT TO SERVER bankserver2
LEADER RECEIVES ACK FROM SERVER bankserver2 FOR HEARTBEAT
LEADER SERVER bankserver5 RECEIVES REQUEST 40 FROM CLIENT
LEADER SERVER bankserver5 ADDS REQUEST 40 TO LOG ENTRY 62
LEADER SENDS REQUEST 40 TO SERVER bankserver1
LEADER RECEIVES ACK FROM SERVER bankserver1 FOR REQUEST 40
LEADER SENDS REQUEST 40 TO SERVER bankserver2
LEADER RECEIVES ACK FROM SERVER bankserver2 FOR REQUEST 40
LEADER SENDS HEARTBEAT TO SERVER bankserver4
LEADER SENDS REQUEST 40 TO SERVER bankserver4
LEADER RECEIVES ACK FROM SERVER bankserver4 FOR HEARTBEAT
LEADER SENDS HEARTBEAT TO SERVER bankserver1
LEADER RECEIVES ACK FROM SERVER bankserver1 FOR HEARTBEAT
LEADER SENDS HEARTBEAT TO SERVER bankserver2
LEADER RECEIVES ACK FROM SERVER bankserver2 FOR HEARTBEAT
LEADER RECEIVES ACK FROM SERVER bankserver4 FOR REQUEST 40
LEADER SENDS HEARTBEAT TO SERVER bankserver4
LEADER RECEIVES ACK FROM SERVER bankserver4 FOR HEARTBEAT
LEADER SENDS HEARTBEAT TO SERVER bankserver1
LEADER RECEIVES ACK FROM SERVER bankserver1 FOR HEARTBEAT
LEADER SENDS HEARTBEAT TO SERVER bankserver2
LEADER RECEIVES ACK FROM SERVER bankserver2 FOR HEARTBEAT
LEADER SENDS HEARTBEAT TO SERVER bankserver4
LEADER RECEIVES ACK FROM SERVER bankserver4 FOR HEARTBEAT
LEADER SENDS HEARTBEAT TO SERVER bankserver1
LEADER RECEIVES ACK FROM SERVER bankserver1 FOR HEARTBEAT
LEADER SENDS HEARTBEAT TO SERVER bankserver2
LEADER RECEIVES ACK FROM SERVER bankserver2 FOR HEARTBEAT
LEADER SENDS HEARTBEAT TO SERVER bankserver4
LEADER RECEIVES ACK FROM SERVER bankserver4 FOR HEARTBEAT
LEADER SENDS HEARTBEAT TO SERVER bankserver1
LEADER RECEIVES ACK FROM SERVER bankserver1 FOR HEARTBEAT
LEADER SENDS HEARTBEAT TO SERVER bankserver2
LEADER RECEIVES ACK FROM SERVER bankserver2 FOR HEARTBEAT
LEADER SENDS HEARTBEAT TO SERVER bankserver4
LEADER RECEIVES ACK FROM SERVER bankserver4 FOR HEARTBEAT
LEADER SENDS HEARTBEAT TO SERVER bankserver1
LEADER RECEIVES ACK FROM SERVER bankserver1 FOR HEARTBEAT
LEADER SENDS HEARTBEAT TO SERVER bankserver2
LEADER RECEIVES ACK FROM SERVER bankserver2 FOR HEARTBEAT
LEADER SENDS HEARTBEAT TO SERVER bankserver4
LEADER RECEIVES ACK FROM SERVER bankserver4 FOR HEARTBEAT
LEADER SENDS HEARTBEAT TO SERVER bankserver1
LEADER RECEIVES ACK FROM SERVER bankserver1 FOR HEARTBEAT
LEADER SENDS HEARTBEAT TO SERVER bankserver2
LEADER RECEIVES ACK FROM SERVER bankserver2 FOR HEARTBEAT
LEADER SENDS HEARTBEAT TO SERVER bankserver4
LEADER RECEIVES ACK FROM SERVER bankserver4 FOR HEARTBEAT
LEADER SENDS HEARTBEAT TO SERVER bankserver1
LEADER RECEIVES ACK FROM SERVER bankserver1 FOR HEARTBEAT
LEADER SENDS HEARTBEAT TO SERVER bankserver2
LEADER RECEIVES ACK FROM SERVER bankserver2 FOR HEARTBEAT
LEADER SENDS HEARTBEAT TO SERVER bankserver4
LEADER RECEIVES ACK FROM SERVER bankserver4 FOR HEARTBEAT
LEADER SENDS HEARTBEAT TO SERVER bankserver1
LEADER RECEIVES ACK FROM SERVER bankserver1 FOR HEARTBEAT
LEADER SENDS HEARTBEAT TO SERVER bankserver2
LEADER RECEIVES ACK FROM SERVER bankserver2 FOR HEARTBEAT
LEADER SENDS HEARTBEAT TO SERVER bankserver4
LEADER RECEIVES ACK FROM SERVER bankserver4 FOR HEARTBEAT
LEADER SENDS HEARTBEAT TO SERVER bankserver1
LEADER RECEIVES ACK FROM SERVER bankserver1 FOR HEARTBEAT
LEADER SENDS HEARTBEAT TO SERVER bankserver2
LEADER RECEIVES ACK FROM SERVER bankserver2 FOR HEARTBEAT
LEADER SENDS HEARTBEAT TO SERVER bankserver4
LEADER RECEIVES ACK FROM SERVER bankserver4 FOR HEARTBEAT
LEADER SENDS HEARTBEAT TO SERVER bankserver1
LEADER RECEIVES ACK FROM SERVER bankserver1 FOR HEARTBEAT
LEADER SENDS HEARTBEAT TO SERVER bankserver2
LEADER RECEIVES ACK FROM SERVER bankserver2 FOR HEARTBEAT
LEADER SENDS HEARTBEAT TO SERVER bankserver4
LEADER RECEIVES ACK FROM SERVER bankserver4 FOR HEARTBEAT
LEADER SENDS HEARTBEAT TO SERVER bankserver1
LEADER RECEIVES ACK FROM SERVER bankserver1 FOR HEARTBEAT
LEADER SENDS HEARTBEAT TO SERVER bankserver2
LEADER RECEIVES ACK FROM SERVER bankserver2 FOR HEARTBEAT
LEADER SENDS HEARTBEAT TO SERVER bankserver4
LEADER RECEIVES ACK FROM SERVER bankserver4 FOR HEARTBEAT
LEADER SENDS HEARTBEAT TO SERVER bankserver1
LEADER RECEIVES ACK FROM SERVER bankserver1 FOR HEARTBEAT
LEADER SENDS HEARTBEAT TO SERVER bankserver2
LEADER RECEIVES ACK FROM SERVER bankserver2 FOR HEARTBEAT
LEADER SENDS HEARTBEAT TO SERVER bankserver4
LEADER RECEIVES ACK FROM SERVER bankserver4 FOR HEARTBEAT
LEADER SENDS HEARTBEAT TO SERVER bankserver1
LEADER RECEIVES ACK FROM SERVER bankserver1 FOR HEARTBEAT
LEADER SENDS HEARTBEAT TO SERVER bankserver2
LEADER RECEIVES ACK FROM SERVER bankserver2 FOR HEARTBEAT
LEADER SENDS HEARTBEAT TO SERVER bankserver4
LEADER RECEIVES ACK FROM SERVER bankserver4 FOR HEARTBEAT
LEADER SENDS HEARTBEAT TO SERVER bankserver1
LEADER RECEIVES ACK FROM SERVER bankserver1 FOR HEARTBEAT
LEADER SENDS HEARTBEAT TO SERVER bankserver2
LEADER RECEIVES ACK FROM SERVER bankserver2 FOR HEARTBEAT
LEADER SENDS HEARTBEAT TO SERVER bankserver4
LEADER RECEIVES ACK FROM SERVER bankserver4 FOR HEARTBEAT
LEADER SENDS HEARTBEAT TO SERVER bankserver1
LEADER RECEIVES ACK FROM SERVER bankserver1 FOR HEARTBEAT
LEADER SENDS HEARTBEAT TO SERVER bankserver2
LEADER RECEIVES ACK FROM SERVER bankserver2 FOR HEARTBEAT
LEADER SENDS HEARTBEAT TO SERVER bankserver4
LEADER RECEIVES ACK FROM SERVER bankserver4 FOR HEARTBEAT
LEADER SENDS HEARTBEAT TO SERVER bankserver1
LEADER RECEIVES ACK FROM SERVER bankserver1 FOR HEARTBEAT
LEADER SENDS HEARTBEAT TO SERVER bankserver2
LEADER RECEIVES ACK FROM SERVER bankserver2 FOR HEARTBEAT
LEADER SENDS HEARTBEAT TO SERVER bankserver4
LEADER RECEIVES ACK FROM SERVER bankserver4 FOR HEARTBEAT
LEADER SENDS HEARTBEAT TO SERVER bankserver1
LEADER RECEIVES ACK FROM SERVER bankserver1 FOR HEARTBEAT
LEADER SENDS HEARTBEAT TO SERVER bankserver2
LEADER RECEIVES ACK FROM SERVER bankserver2 FOR HEARTBEAT
LEADER SENDS HEARTBEAT TO SERVER bankserver4
LEADER RECEIVES ACK FROM SERVER bankserver4 FOR HEARTBEAT
LEADER SENDS HEARTBEAT TO SERVER bankserver1
LEADER RECEIVES ACK FROM SERVER bankserver1 FOR HEARTBEAT
LEADER SENDS HEARTBEAT TO SERVER bankserver2
LEADER RECEIVES ACK FROM SERVER bankserver2 FOR HEARTBEAT
LEADER SENDS HEARTBEAT TO SERVER bankserver4
LEADER RECEIVES ACK FROM SERVER bankserver4 FOR HEARTBEAT
LEADER SENDS HEARTBEAT TO SERVER bankserver1
LEADER RECEIVES ACK FROM SERVER bankserver1 FOR HEARTBEAT
LEADER SENDS HEARTBEAT TO SERVER bankserver2
LEADER RECEIVES ACK FROM SERVER bankserver2 FOR HEARTBEAT
LEADER SENDS HEARTBEAT TO SERVER bankserver4
LEADER RECEIVES ACK FROM SERVER bankserver4 FOR HEARTBEAT
LEADER SENDS HEARTBEAT TO SERVER bankserver1
LEADER RECEIVES ACK FROM SERVER bankserver1 FOR HEARTBEAT
LEADER SENDS HEARTBEAT TO SERVER bankserver2
LEADER RECEIVES ACK FROM SERVER bankserver2 FOR HEARTBEAT
LEADER SENDS HEARTBEAT TO SERVER bankserver4
LEADER RECEIVES ACK FROM SERVER bankserver4 FOR HEARTBEAT
LEADER SENDS HEARTBEAT TO SERVER bankserver1
LEADER RECEIVES ACK FROM SERVER bankserver1 FOR HEARTBEAT
LEADER SENDS HEARTBEAT TO SERVER bankserver2
LEADER RECEIVES ACK FROM SERVER bankserver2 FOR HEARTBEAT
LEADER SENDS HEARTBEAT TO SERVER bankserver4
LEADER RECEIVES ACK FROM SERVER bankserver4 FOR HEARTBEAT
LEADER SENDS HEARTBEAT TO SERVER bankserver1
LEADER RECEIVES ACK FROM SERVER bankserver1 FOR HEARTBEAT
LEADER SENDS HEARTBEAT TO SERVER bankserver2
LEADER RECEIVES ACK FROM SERVER bankserver2 FOR HEARTBEAT
LEADER SENDS HEARTBEAT TO SERVER bankserver4
LEADER RECEIVES ACK FROM SERVER bankserver4 FOR HEARTBEAT
LEADER SENDS HEARTBEAT TO SERVER bankserver1
LEADER RECEIVES ACK FROM SERVER bankserver1 FOR HEARTBEAT
LEADER SENDS HEARTBEAT TO SERVER bankserver2
LEADER RECEIVES ACK FROM SERVER bankserver2 FOR HEARTBEAT
LEADER SENDS HEARTBEAT TO SERVER bankserver4
LEADER RECEIVES ACK FROM SERVER bankserver4 FOR HEARTBEAT
LEADER SENDS HEARTBEAT TO SERVER bankserver1
LEADER RECEIVES ACK FROM SERVER bankserver1 FOR HEARTBEAT
LEADER SENDS HEARTBEAT TO SERVER bankserver2
LEADER RECEIVES ACK FROM SERVER bankserver2 FOR HEARTBEAT
LEADER SENDS HEARTBEAT TO SERVER bankserver4
LEADER RECEIVES ACK FROM SERVER bankserver4 FOR HEARTBEAT
LEADER SENDS HEARTBEAT TO SERVER bankserver1
LEADER RECEIVES ACK FROM SERVER bankserver1 FOR HEARTBEAT
LEADER SENDS HEARTBEAT TO SERVER bankserver2
LEADER RECEIVES ACK FROM SERVER bankserver2 FOR HEARTBEAT
LEADER SENDS HEARTBEAT TO SERVER bankserver4
LEADER RECEIVES ACK FROM SERVER bankserver4 FOR HEARTBEAT
LEADER SENDS HEARTBEAT TO SERVER bankserver1
LEADER RECEIVES ACK FROM SERVER bankserver1 FOR HEARTBEAT
LEADER SENDS HEARTBEAT TO SERVER bankserver2
LEADER RECEIVES ACK FROM SERVER bankserver2 FOR HEARTBEAT
LEADER SENDS HEARTBEAT TO SERVER bankserver4
LEADER RECEIVES ACK FROM SERVER bankserver4 FOR HEARTBEAT
LEADER SENDS HEARTBEAT TO SERVER bankserver1
LEADER RECEIVES ACK FROM SERVER bankserver1 FOR HEARTBEAT
LEADER SENDS HEARTBEAT TO SERVER bankserver2
LEADER RECEIVES ACK FROM SERVER bankserver2 FOR HEARTBEAT
LEADER SENDS HEARTBEAT TO SERVER bankserver4
LEADER RECEIVES ACK FROM SERVER bankserver4 FOR HEARTBEAT
LEADER SENDS HEARTBEAT TO SERVER bankserver1
LEADER RECEIVES ACK FROM SERVER bankserver1 FOR HEARTBEAT
LEADER SENDS HEARTBEAT TO SERVER bankserver2
LEADER RECEIVES ACK FROM SERVER bankserver2 FOR HEARTBEAT
LEADER SENDS HEARTBEAT TO SERVER bankserver4
LEADER RECEIVES ACK FROM SERVER bankserver4 FOR HEARTBEAT
LEADER SENDS HEARTBEAT TO SERVER bankserver1
LEADER RECEIVES ACK FROM SERVER bankserver1 FOR HEARTBEAT
LEADER SENDS HEARTBEAT TO SERVER bankserver2
LEADER RECEIVES ACK FROM SERVER bankserver2 FOR HEARTBEAT
LEADER SENDS HEARTBEAT TO SERVER bankserver4
LEADER RECEIVES ACK FROM SERVER bankserver4 FOR HEARTBEAT
LEADER SENDS HEARTBEAT TO SERVER bankserver1
LEADER RECEIVES ACK FROM SERVER bankserver1 FOR HEARTBEAT
LEADER SENDS HEARTBEAT TO SERVER bankserver2
LEADER RECEIVES ACK FROM SERVER bankserver2 FOR HEARTBEAT
LEADER SENDS HEARTBEAT TO SERVER bankserver4
LEADER RECEIVES ACK FROM SERVER bankserver4 FOR HEARTBEAT
LEADER SENDS HEARTBEAT TO SERVER bankserver1
LEADER RECEIVES ACK FROM SERVER bankserver1 FOR HEARTBEAT
LEADER SENDS HEARTBEAT TO SERVER bankserver2
LEADER RECEIVES ACK FROM SERVER bankserver2 FOR HEARTBEAT
LEADER SENDS HEARTBEAT TO SERVER bankserver4
LEADER RECEIVES ACK FROM SERVER bankserver4 FOR HEARTBEAT
LEADER SENDS HEARTBEAT TO SERVER bankserver1
LEADER RECEIVES ACK FROM SERVER bankserver1 FOR HEARTBEAT
LEADER SENDS HEARTBEAT TO SERVER bankserver2
LEADER RECEIVES ACK FROM SERVER bankserver2 FOR HEARTBEAT
LEADER SENDS HEARTBEAT TO SERVER bankserver4
LEADER RECEIVES ACK FROM SERVER bankserver4 FOR HEARTBEAT
LEADER SENDS HEARTBEAT TO SERVER bankserver1
LEADER RECEIVES ACK FROM SERVER bankserver1 FOR HEARTBEAT
LEADER SENDS HEARTBEAT TO SERVER bankserver2
LEADER RECEIVES ACK FROM SERVER bankserver2 FOR HEARTBEAT
LEADER SENDS HEARTBEAT TO SERVER bankserver4
LEADER RECEIVES ACK FROM SERVER bankserver4 FOR HEARTBEAT
LEADER SENDS HEARTBEAT TO SERVER bankserver1
LEADER RECEIVES ACK FROM SERVER bankserver1 FOR HEARTBEAT
LEADER SENDS HEARTBEAT TO SERVER bankserver2
LEADER RECEIVES ACK FROM SERVER bankserver2 FOR HEARTBEAT
LEADER SENDS HEARTBEAT TO SERVER bankserver4
LEADER RECEIVES ACK FROM SERVER bankserver4 FOR HEARTBEAT
LEADER SENDS HEARTBEAT TO SERVER bankserver1
LEADER RECEIVES ACK FROM SERVER bankserver1 FOR HEARTBEAT
LEADER SENDS HEARTBEAT TO SERVER bankserver2
LEADER RECEIVES ACK FROM SERVER bankserver2 FOR HEARTBEAT
LEADER SENDS HEARTBEAT TO SERVER bankserver4
LEADER RECEIVES ACK FROM SERVER bankserver4 FOR HEARTBEAT
LEADER SENDS HEARTBEAT TO SERVER bankserver1
LEADER RECEIVES ACK FROM SERVER bankserver1 FOR HEARTBEAT
LEADER SENDS HEARTBEAT TO SERVER bankserver2
LEADER RECEIVES ACK FROM SERVER bankserver2 FOR HEARTBEAT
LEADER SENDS HEARTBEAT TO SERVER bankserver4
LEADER RECEIVES ACK FROM SERVER bankserver4 FOR HEARTBEAT
LEADER SENDS HEARTBEAT TO SERVER bankserver1
LEADER RECEIVES ACK FROM SERVER bankserver1 FOR HEARTBEAT
LEADER SENDS HEARTBEAT TO SERVER bankserver2
LEADER RECEIVES ACK FROM SERVER bankserver2 FOR HEARTBEAT
LEADER SENDS HEARTBEAT TO SERVER bankserver4
LEADER RECEIVES ACK FROM SERVER bankserver4 FOR HEARTBEAT
LEADER SENDS HEARTBEAT TO SERVER bankserver1
LEADER RECEIVES ACK FROM SERVER bankserver1 FOR HEARTBEAT
LEADER SENDS HEARTBEAT TO SERVER bankserver2
LEADER RECEIVES ACK FROM SERVER bankserver2 FOR HEARTBEAT
LEADER SENDS HEARTBEAT TO SERVER bankserver4
LEADER RECEIVES ACK FROM SERVER bankserver4 FOR HEARTBEAT
LEADER SENDS HEARTBEAT TO SERVER bankserver1
LEADER RECEIVES ACK FROM SERVER bankserver1 FOR HEARTBEAT
LEADER SENDS HEARTBEAT TO SERVER bankserver2
LEADER RECEIVES ACK FROM SERVER bankserver2 FOR HEARTBEAT
LEADER SENDS HEARTBEAT TO SERVER bankserver4
LEADER RECEIVES ACK FROM SERVER bankserver4 FOR HEARTBEAT
LEADER SENDS HEARTBEAT TO SERVER bankserver1
LEADER RECEIVES ACK FROM SERVER bankserver1 FOR HEARTBEAT
LEADER SENDS HEARTBEAT TO SERVER bankserver2
LEADER RECEIVES ACK FROM SERVER bankserver2 FOR HEARTBEAT
LEADER SENDS HEARTBEAT TO SERVER bankserver4
LEADER RECEIVES ACK FROM SERVER bankserver4 FOR HEARTBEAT
LEADER SENDS HEARTBEAT TO SERVER bankserver1
LEADER RECEIVES ACK FROM SERVER bankserver1 FOR HEARTBEAT
LEADER SENDS HEARTBEAT TO SERVER bankserver2
LEADER RECEIVES ACK FROM SERVER bankserver2 FOR HEARTBEAT
LEADER SENDS HEARTBEAT TO SERVER bankserver4
LEADER RECEIVES ACK FROM SERVER bankserver4 FOR HEARTBEAT
LEADER SENDS HEARTBEAT TO SERVER bankserver1
LEADER RECEIVES ACK FROM SERVER bankserver1 FOR HEARTBEAT
LEADER SENDS HEARTBEAT TO SERVER bankserver2
LEADER RECEIVES ACK FROM SERVER bankserver2 FOR HEARTBEAT
LEADER SENDS HEARTBEAT TO SERVER bankserver4
LEADER RECEIVES ACK FROM SERVER bankserver4 FOR HEARTBEAT
LEADER SENDS HEARTBEAT TO SERVER bankserver1
LEADER RECEIVES ACK FROM SERVER bankserver1 FOR HEARTBEAT
LEADER SENDS HEARTBEAT TO SERVER bankserver2
LEADER RECEIVES ACK FROM SERVER bankserver2 FOR HEARTBEAT
LEADER SENDS HEARTBEAT TO SERVER bankserver4
LEADER RECEIVES ACK FROM SERVER bankserver4 FOR HEARTBEAT
LEADER SENDS HEARTBEAT TO SERVER bankserver1
LEADER RECEIVES ACK FROM SERVER bankserver1 FOR HEARTBEAT
LEADER SENDS HEARTBEAT TO SERVER bankserver2
LEADER RECEIVES ACK FROM SERVER bankserver2 FOR HEARTBEAT
