CANDIDATE SERVER bankserver4 SENDING A VOTING REQUEST
CANDIDATE SERVER bankserver4 WINS THE ELECTION FOR TERM 2
LEADER SENDS HEARTBEAT TO SERVER bankserver1
LEADER RECEIVES ACK FROM SERVER bankserver1 FOR HEARTBEAT
LEADER SENDS HEARTBEAT TO SERVER bankserver2
LEADER RECEIVES ACK FROM SERVER bankserver2 FOR HEARTBEAT
LEADER SENDS HEARTBEAT TO SERVER bankserver3
LEADER RECEIVES ACK FROM SERVER bankserver3 FOR HEARTBEAT
LEADER SENDS HEARTBEAT TO SERVER bankserver1
LEADER RECEIVES ACK FROM SERVER bankserver1 FOR HEARTBEAT
LEADER SENDS HEARTBEAT TO SERVER bankserver2
LEADER RECEIVES ACK FROM SERVER bankserver2 FOR HEARTBEAT
LEADER SENDS HEARTBEAT TO SERVER bankserver3
LEADER RECEIVES ACK FROM SERVER bankserver3 FOR HEARTBEAT
LEADER SENDS HEARTBEAT TO SERVER bankserver1
LEADER RECEIVES ACK FROM SERVER bankserver1 FOR HEARTBEAT
LEADER SENDS HEARTBEAT TO SERVER bankserver2
LEADER RECEIVES ACK FROM SERVER bankserver2 FOR HEARTBEAT
LEADER SENDS HEARTBEAT TO SERVER bankserver3
LEADER RECEIVES ACK FROM SERVER bankserver3 FOR HEARTBEAT
LEADER SENDS HEARTBEAT TO SERVER bankserver1
LEADER RECEIVES ACK FROM SERVER bankserver1 FOR HEARTBEAT
LEADER SENDS HEARTBEAT TO SERVER bankserver2
LEADER RECEIVES ACK FROM SERVER bankserver2 FOR HEARTBEAT
LEADER SENDS HEARTBEAT TO SERVER bankserver3
LEADER RECEIVES ACK FROM SERVER bankserver3 FOR HEARTBEAT
LEADER SENDS HEARTBEAT TO SERVER bankserver1
LEADER RECEIVES ACK FROM SERVER bankserver1 FOR HEARTBEAT
LEADER SENDS HEARTBEAT TO SERVER bankserver2
LEADER RECEIVES ACK FROM SERVER bankserver2 FOR HEARTBEAT
LEADER SENDS HEARTBEAT TO SERVER bankserver3
LEADER RECEIVES ACK FROM SERVER bankserver3 FOR HEARTBEAT
LEADER SENDS HEARTBEAT TO SERVER bankserver1
LEADER RECEIVES ACK FROM SERVER bankserver1 FOR HEARTBEAT
LEADER SENDS HEARTBEAT TO SERVER bankserver2
LEADER RECEIVES ACK FROM SERVER bankserver2 FOR HEARTBEAT
LEADER SENDS HEARTBEAT TO SERVER bankserver3
LEADER RECEIVES ACK FROM SERVER bankserver3 FOR HEARTBEAT
LEADER SENDS HEARTBEAT TO SERVER bankserver1
LEADER RECEIVES ACK FROM SERVER bankserver1 FOR HEARTBEAT
LEADER SENDS HEARTBEAT TO SERVER bankserver2
LEADER RECEIVES ACK FROM SERVER bankserver2 FOR HEARTBEAT
LEADER SENDS HEARTBEAT TO SERVER bankserver3
LEADER RECEIVES ACK FROM SERVER bankserver3 FOR HEARTBEAT
LEADER SENDS HEARTBEAT TO SERVER bankserver1
LEADER RECEIVES ACK FROM SERVER bankserver1 FOR HEARTBEAT
LEADER SENDS HEARTBEAT TO SERVER bankserver2
LEADER RECEIVES ACK FROM SERVER bankserver2 FOR HEARTBEAT
LEADER SENDS HEARTBEAT TO SERVER bankserver3
LEADER RECEIVES ACK FROM SERVER bankserver3 FOR HEARTBEAT
LEADER SENDS HEARTBEAT TO SERVER bankserver1
LEADER RECEIVES ACK FROM SERVER bankserver1 FOR HEARTBEAT
LEADER SENDS HEARTBEAT TO SERVER bankserver2
LEADER RECEIVES ACK FROM SERVER bankserver2 FOR HEARTBEAT
LEADER SENDS HEARTBEAT TO SERVER bankserver3
LEADER RECEIVES ACK FROM SERVER bankserver3 FOR HEARTBEAT
LEADER SENDS HEARTBEAT TO SERVER bankserver1
LEADER RECEIVES ACK FROM SERVER bankserver1 FOR HEARTBEAT
LEADER SENDS HEARTBEAT TO SERVER bankserver2
LEADER RECEIVES ACK FROM SERVER bankserver2 FOR HEARTBEAT
LEADER SENDS HEARTBEAT TO SERVER bankserver3
LEADER RECEIVES ACK FROM SERVER bankserver3 FOR HEARTBEAT
LEADER SENDS HEARTBEAT TO SERVER bankserver1
LEADER RECEIVES ACK FROM SERVER bankserver1 FOR HEARTBEAT
LEADER SENDS HEARTBEAT TO SERVER bankserver2
LEADER RECEIVES ACK FROM SERVER bankserver2 FOR HEARTBEAT
LEADER SENDS HEARTBEAT TO SERVER bankserver3
LEADER RECEIVES ACK FROM SERVER bankserver3 FOR HEARTBEAT
LEADER SENDS HEARTBEAT TO SERVER bankserver1
LEADER RECEIVES ACK FROM SERVER bankserver1 FOR HEARTBEAT
LEADER SENDS HEARTBEAT TO SERVER bankserver2
LEADER RECEIVES ACK FROM SERVER bankserver2 FOR HEARTBEAT
LEADER SENDS HEARTBEAT TO SERVER bankserver3
LEADER RECEIVES ACK FROM SERVER bankserver3 FOR HEARTBEAT
LEADER SENDS HEARTBEAT TO SERVER bankserver1
LEADER RECEIVES ACK FROM SERVER bankserver1 FOR HEARTBEAT
LEADER SENDS HEARTBEAT TO SERVER bankserver2
LEADER RECEIVES ACK FROM SERVER bankserver2 FOR HEARTBEAT
LEADER SENDS HEARTBEAT TO SERVER bankserver3
LEADER RECEIVES ACK FROM SERVER bankserver3 FOR HEARTBEAT
LEADER SENDS HEARTBEAT TO SERVER bankserver1
LEADER RECEIVES ACK FROM SERVER bankserver1 FOR HEARTBEAT
LEADER SENDS HEARTBEAT TO SERVER bankserver2
LEADER RECEIVES ACK FROM SERVER bankserver2 FOR HEARTBEAT
LEADER SENDS HEARTBEAT TO SERVER bankserver3
LEADER RECEIVES ACK FROM SERVER bankserver3 FOR HEARTBEAT
LEADER SENDS HEARTBEAT TO SERVER bankserver1
LEADER RECEIVES ACK FROM SERVER bankserver1 FOR HEARTBEAT
LEADER SENDS HEARTBEAT TO SERVER bankserver2
LEADER RECEIVES ACK FROM SERVER bankserver2 FOR HEARTBEAT
LEADER SENDS HEARTBEAT TO SERVER bankserver3
LEADER RECEIVES ACK FROM SERVER bankserver3 FOR HEARTBEAT
LEADER SENDS HEARTBEAT TO SERVER bankserver1
LEADER RECEIVES ACK FROM SERVER bankserver1 FOR HEARTBEAT
LEADER SENDS HEARTBEAT TO SERVER bankserver2
LEADER RECEIVES ACK FROM SERVER bankserver2 FOR HEARTBEAT
LEADER SENDS HEARTBEAT TO SERVER bankserver3
LEADER RECEIVES ACK FROM SERVER bankserver3 FOR HEARTBEAT
LEADER SENDS HEARTBEAT TO SERVER bankserver1
LEADER RECEIVES ACK FROM SERVER bankserver1 FOR HEARTBEAT
LEADER SENDS HEARTBEAT TO SERVER bankserver2
LEADER RECEIVES ACK FROM SERVER bankserver2 FOR HEARTBEAT
LEADER SENDS HEARTBEAT TO SERVER bankserver3
LEADER RECEIVES ACK FROM SERVER bankserver3 FOR HEARTBEAT
LEADER SENDS HEARTBEAT TO SERVER bankserver1
LEADER RECEIVES ACK FROM SERVER bankserver1 FOR HEARTBEAT
LEADER SENDS HEARTBEAT TO SERVER bankserver2
LEADER RECEIVES ACK FROM SERVER bankserver2 FOR HEARTBEAT
LEADER SENDS HEARTBEAT TO SERVER bankserver3
LEADER RECEIVES ACK FROM SERVER bankserver3 FOR HEARTBEAT
LEADER SENDS HEARTBEAT TO SERVER bankserver1
LEADER RECEIVES ACK FROM SERVER bankserver1 FOR HEARTBEAT
LEADER SENDS HEARTBEAT TO SERVER bankserver2
LEADER RECEIVES ACK FROM SERVER bankserver2 FOR HEARTBEAT
LEADER SENDS HEARTBEAT TO SERVER bankserver3
LEADER RECEIVES ACK FROM SERVER bankserver3 FOR HEARTBEAT
LEADER SENDS HEARTBEAT TO SERVER bankserver1
LEADER RECEIVES ACK FROM SERVER bankserver1 FOR HEARTBEAT
LEADER SENDS HEARTBEAT TO SERVER bankserver2
LEADER RECEIVES ACK FROM SERVER bankserver2 FOR HEARTBEAT
LEADER SENDS HEARTBEAT TO SERVER bankserver3
LEADER RECEIVES ACK FROM SERVER bankserver3 FOR HEARTBEAT
LEADER SENDS HEARTBEAT TO SERVER bankserver1
LEADER RECEIVES ACK FROM SERVER bankserver1 FOR HEARTBEAT
LEADER SENDS HEARTBEAT TO SERVER bankserver2
LEADER RECEIVES ACK FROM SERVER bankserver2 FOR HEARTBEAT
LEADER SENDS HEARTBEAT TO SERVER bankserver3
LEADER RECEIVES ACK FROM SERVER bankserver3 FOR HEARTBEAT
LEADER SENDS HEARTBEAT TO SERVER bankserver1
LEADER RECEIVES ACK FROM SERVER bankserver1 FOR HEARTBEAT
LEADER SENDS HEARTBEAT TO SERVER bankserver2
LEADER RECEIVES ACK FROM SERVER bankserver2 FOR HEARTBEAT
LEADER SENDS HEARTBEAT TO SERVER bankserver3
LEADER RECEIVES ACK FROM SERVER bankserver3 FOR HEARTBEAT
LEADER SENDS HEARTBEAT TO SERVER bankserver1
LEADER RECEIVES ACK FROM SERVER bankserver1 FOR HEARTBEAT
LEADER SENDS HEARTBEAT TO SERVER bankserver2
LEADER RECEIVES ACK FROM SERVER bankserver2 FOR HEARTBEAT
LEADER SENDS HEARTBEAT TO SERVER bankserver3
LEADER RECEIVES ACK FROM SERVER bankserver3 FOR HEARTBEAT
LEADER SENDS HEARTBEAT TO SERVER bankserver1
LEADER RECEIVES ACK FROM SERVER bankserver1 FOR HEARTBEAT
LEADER SENDS HEARTBEAT TO SERVER bankserver2
LEADER RECEIVES ACK FROM SERVER bankserver2 FOR HEARTBEAT
LEADER SENDS HEARTBEAT TO SERVER bankserver3
LEADER RECEIVES ACK FROM SERVER bankserver3 FOR HEARTBEAT
LEADER SENDS HEARTBEAT TO SERVER bankserver1
LEADER RECEIVES ACK FROM SERVER bankserver1 FOR HEARTBEAT
LEADER SENDS HEARTBEAT TO SERVER bankserver2
LEADER RECEIVES ACK FROM SERVER bankserver2 FOR HEARTBEAT
LEADER SENDS HEARTBEAT TO SERVER bankserver3
LEADER RECEIVES ACK FROM SERVER bankserver3 FOR HEARTBEAT
LEADER SERVER bankserver4 RECEIVES REQUEST 1 FROM CLIENT
LEADER SERVER bankserver4 ADDS REQUEST 1 TO LOG ENTRY 1
LEADER SENDS REQUEST 1 TO SERVER bankserver1
LEADER RECEIVES ACK FROM SERVER bankserver1 FOR REQUEST 1
LEADER SENDS REQUEST 1 TO SERVER bankserver2
LEADER RECEIVES ACK FROM SERVER bankserver2 FOR REQUEST 1
LEADER SENDS REQUEST 1 TO SERVER bankserver3
LEADER RECEIVES ACK FROM SERVER bankserver3 FOR REQUEST 1
LEADER SENDS HEARTBEAT TO SERVER bankserver1
LEADER SERVER bankserver4 RECEIVES REQUEST 2 FROM CLIENT
LEADER SERVER bankserver4 ADDS REQUEST 2 TO LOG ENTRY 2
LEADER RECEIVES ACK FROM SERVER bankserver1 FOR HEARTBEAT
LEADER SENDS REQUEST 2 TO SERVER bankserver1
LEADER SENDS HEARTBEAT TO SERVER bankserver2
LEADER RECEIVES ACK FROM SERVER bankserver2 FOR HEARTBEAT
LEADER SENDS HEARTBEAT TO SERVER bankserver3
LEADER RECEIVES ACK FROM SERVER bankserver1 FOR REQUEST 2
LEADER SENDS REQUEST 2 TO SERVER bankserver2
LEADER RECEIVES ACK FROM SERVER bankserver3 FOR HEARTBEAT
LEADER RECEIVES ACK FROM SERVER bankserver2 FOR REQUEST 2
LEADER SENDS REQUEST 2 TO SERVER bankserver3
LEADER RECEIVES ACK FROM SERVER bankserver3 FOR REQUEST 2
LEADER SENDS HEARTBEAT TO SERVER bankserver1
LEADER SERVER bankserver4 RECEIVES REQUEST 3 FROM CLIENT
LEADER SERVER bankserver4 ADDS REQUEST 3 TO LOG ENTRY 3
LEADER RECEIVES ACK FROM SERVER bankserver1 FOR HEARTBEAT
LEADER SENDS HEARTBEAT TO SERVER bankserver2
LEADER SENDS REQUEST 3 TO SERVER bankserver1
LEADER RECEIVES ACK FROM SERVER bankserver2 FOR HEARTBEAT
LEADER SENDS HEARTBEAT TO SERVER bankserver3
LEADER RECEIVES ACK FROM SERVER bankserver1 FOR REQUEST 3
LEADER SENDS REQUEST 3 TO SERVER bankserver2
LEADER RECEIVES ACK FROM SERVER bankserver3 FOR HEARTBEAT
LEADER RECEIVES ACK FROM SERVER bankserver2 FOR REQUEST 3
LEADER SENDS REQUEST 3 TO SERVER bankserver3
LEADER RECEIVES ACK FROM SERVER bankserver3 FOR REQUEST 3
LEADER SENDS HEARTBEAT TO SERVER bankserver1
LEADER SERVER bankserver4 RECEIVES REQUEST 4 FROM CLIENT
LEADER SERVER bankserver4 ADDS REQUEST 4 TO LOG ENTRY 4
LEADER RECEIVES ACK FROM SERVER bankserver1 FOR HEARTBEAT
LEADER SENDS REQUEST 4 TO SERVER bankserver1
LEADER SENDS HEARTBEAT TO SERVER bankserver2
LEADER RECEIVES ACK FROM SERVER bankserver2 FOR HEARTBEAT
LEADER RECEIVES ACK FROM SERVER bankserver1 FOR REQUEST 4
LEADER SENDS HEARTBEAT TO SERVER bankserver3
LEADER SENDS REQUEST 4 TO SERVER bankserver2
LEADER RECEIVES ACK FROM SERVER bankserver3 FOR HEARTBEAT
LEADER RECEIVES ACK FROM SERVER bankserver2 FOR REQUEST 4
LEADER SENDS REQUEST 4 TO SERVER bankserver3
LEADER RECEIVES ACK FROM SERVER bankserver3 FOR REQUEST 4
LEADER SENDS HEARTBEAT TO SERVER bankserver1
LEADER SERVER bankserver4 RECEIVES REQUEST 5 FROM CLIENT
LEADER SERVER bankserver4 ADDS REQUEST 5 TO LOG ENTRY 5
LEADER RECEIVES ACK FROM SERVER bankserver1 FOR HEARTBEAT
LEADER SENDS REQUEST 5 TO SERVER bankserver1
LEADER SENDS HEARTBEAT TO SERVER bankserver2
LEADER RECEIVES ACK FROM SERVER bankserver2 FOR HEARTBEAT
LEADER RECEIVES ACK FROM SERVER bankserver1 FOR REQUEST 5
LEADER SENDS HEARTBEAT TO SERVER bankserver3
LEADER SENDS REQUEST 5 TO SERVER bankserver2
LEADER RECEIVES ACK FROM SERVER bankserver3 FOR HEARTBEAT
LEADER RECEIVES ACK FROM SERVER bankserver2 FOR REQUEST 5
LEADER SENDS REQUEST 5 TO SERVER bankserver3
LEADER RECEIVES ACK FROM SERVER bankserver3 FOR REQUEST 5
LEADER SENDS HEARTBEAT TO SERVER bankserver1
LEADER RECEIVES ACK FROM SERVER bankserver1 FOR HEARTBEAT
LEADER SENDS HEARTBEAT TO SERVER bankserver2
LEADER RECEIVES ACK FROM SERVER bankserver2 FOR HEARTBEAT
LEADER SENDS HEARTBEAT TO SERVER bankserver3
LEADER RECEIVES ACK FROM SERVER bankserver3 FOR HEARTBEAT
LEADER SENDS HEARTBEAT TO SERVER bankserver1
LEADER RECEIVES ACK FROM SERVER bankserver1 FOR HEARTBEAT
LEADER SENDS HEARTBEAT TO SERVER bankserver2
LEADER RECEIVES ACK FROM SERVER bankserver2 FOR HEARTBEAT
LEADER SENDS HEARTBEAT TO SERVER bankserver3
LEADER RECEIVES ACK FROM SERVER bankserver3 FOR HEARTBEAT
LEADER SENDS HEARTBEAT TO SERVER bankserver1
LEADER RECEIVES ACK FROM SERVER bankserver1 FOR HEARTBEAT
LEADER SENDS HEARTBEAT TO SERVER bankserver2
LEADER RECEIVES ACK FROM SERVER bankserver2 FOR HEARTBEAT
LEADER SENDS HEARTBEAT TO SERVER bankserver3
LEADER RECEIVES ACK FROM SERVER bankserver3 FOR HEARTBEAT
LEADER SENDS HEARTBEAT TO SERVER bankserver1
LEADER RECEIVES ACK FROM SERVER bankserver1 FOR HEARTBEAT
LEADER SENDS HEARTBEAT TO SERVER bankserver2
LEADER RECEIVES ACK FROM SERVER bankserver2 FOR HEARTBEAT
LEADER SENDS HEARTBEAT TO SERVER bankserver3
LEADER RECEIVES ACK FROM SERVER bankserver3 FOR HEARTBEAT
LEADER SENDS HEARTBEAT TO SERVER bankserver1
LEADER RECEIVES ACK FROM SERVER bankserver1 FOR HEARTBEAT
LEADER SENDS HEARTBEAT TO SERVER bankserver2
LEADER RECEIVES ACK FROM SERVER bankserver2 FOR HEARTBEAT
LEADER SENDS HEARTBEAT TO SERVER bankserver3
LEADER RECEIVES ACK FROM SERVER bankserver3 FOR HEARTBEAT
LEADER SENDS HEARTBEAT TO SERVER bankserver1
LEADER RECEIVES ACK FROM SERVER bankserver1 FOR HEARTBEAT
LEADER SENDS HEARTBEAT TO SERVER bankserver2
LEADER RECEIVES ACK FROM SERVER bankserver2 FOR HEARTBEAT
LEADER SENDS HEARTBEAT TO SERVER bankserver3
LEADER RECEIVES ACK FROM SERVER bankserver3 FOR HEARTBEAT
LEADER SENDS HEARTBEAT TO SERVER bankserver1
LEADER RECEIVES ACK FROM SERVER bankserver1 FOR HEARTBEAT
LEADER SENDS HEARTBEAT TO SERVER bankserver2
LEADER RECEIVES ACK FROM SERVER bankserver2 FOR HEARTBEAT
LEADER SENDS HEARTBEAT TO SERVER bankserver3
LEADER RECEIVES ACK FROM SERVER bankserver3 FOR HEARTBEAT
LEADER SENDS HEARTBEAT TO SERVER bankserver1
LEADER RECEIVES ACK FROM SERVER bankserver1 FOR HEARTBEAT
LEADER SENDS HEARTBEAT TO SERVER bankserver2
LEADER RECEIVES ACK FROM SERVER bankserver2 FOR HEARTBEAT
LEADER SENDS HEARTBEAT TO SERVER bankserver3
LEADER RECEIVES ACK FROM SERVER bankserver3 FOR HEARTBEAT
LEADER SENDS HEARTBEAT TO SERVER bankserver1
LEADER RECEIVES ACK FROM SERVER bankserver1 FOR HEARTBEAT
LEADER SENDS HEARTBEAT TO SERVER bankserver2
LEADER RECEIVES ACK FROM SERVER bankserver2 FOR HEARTBEAT
LEADER SENDS HEARTBEAT TO SERVER bankserver3
LEADER RECEIVES ACK FROM SERVER bankserver3 FOR HEARTBEAT
LEADER SENDS HEARTBEAT TO SERVER bankserver1
LEADER RECEIVES ACK FROM SERVER bankserver1 FOR HEARTBEAT
LEADER SENDS HEARTBEAT TO SERVER bankserver2
LEADER RECEIVES ACK FROM SERVER bankserver2 FOR HEARTBEAT
LEADER SENDS HEARTBEAT TO SERVER bankserver3
LEADER RECEIVES ACK FROM SERVER bankserver3 FOR HEARTBEAT
LEADER SERVER bankserver4 RECEIVES REQUEST 1 FROM CLIENT
LEADER SERVER bankserver4 ADDS REQUEST 1 TO LOG ENTRY 6
LEADER SENDS REQUEST 1 TO SERVER bankserver1
LEADER RECEIVES ACK FROM SERVER bankserver1 FOR REQUEST 1
LEADER SENDS REQUEST 1 TO SERVER bankserver2
LEADER RECEIVES ACK FROM SERVER bankserver2 FOR REQUEST 1
LEADER SENDS REQUEST 1 TO SERVER bankserver3
LEADER RECEIVES ACK FROM SERVER bankserver3 FOR REQUEST 1
LEADER SENDS HEARTBEAT TO SERVER bankserver1
LEADER RECEIVES ACK FROM SERVER bankserver1 FOR HEARTBEAT
LEADER SENDS HEARTBEAT TO SERVER bankserver2
LEADER SERVER bankserver4 RECEIVES REQUEST 2 FROM CLIENT
LEADER RECEIVES ACK FROM SERVER bankserver2 FOR HEARTBEAT
LEADER SENDS HEARTBEAT TO SERVER bankserver3
LEADER SERVER bankserver4 ADDS REQUEST 2 TO LOG ENTRY 7
LEADER SENDS REQUEST 2 TO SERVER bankserver1
LEADER RECEIVES ACK FROM SERVER bankserver3 FOR HEARTBEAT
LEADER RECEIVES ACK FROM SERVER bankserver1 FOR REQUEST 2
LEADER SENDS REQUEST 2 TO SERVER bankserver2
LEADER RECEIVES ACK FROM SERVER bankserver2 FOR REQUEST 2
LEADER SENDS REQUEST 2 TO SERVER bankserver3
LEADER RECEIVES ACK FROM SERVER bankserver3 FOR REQUEST 2
LEADER SENDS HEARTBEAT TO SERVER bankserver1
LEADER RECEIVES ACK FROM SERVER bankserver1 FOR HEARTBEAT
LEADER SENDS HEARTBEAT TO SERVER bankserver2
LEADER SERVER bankserver4 RECEIVES REQUEST 3 FROM CLIENT
LEADER SERVER bankserver4 ADDS REQUEST 3 TO LOG ENTRY 8
LEADER RECEIVES ACK FROM SERVER bankserver2 FOR HEARTBEAT
LEADER SENDS REQUEST 3 TO SERVER bankserver1
LEADER SENDS HEARTBEAT TO SERVER bankserver3
LEADER RECEIVES ACK FROM SERVER bankserver3 FOR HEARTBEAT
LEADER RECEIVES ACK FROM SERVER bankserver1 FOR REQUEST 3
LEADER SENDS REQUEST 3 TO SERVER bankserver2
LEADER RECEIVES ACK FROM SERVER bankserver2 FOR REQUEST 3
LEADER SENDS REQUEST 3 TO SERVER bankserver3
LEADER RECEIVES ACK FROM SERVER bankserver3 FOR REQUEST 3
LEADER SENDS HEARTBEAT TO SERVER bankserver1
LEADER RECEIVES ACK FROM SERVER bankserver1 FOR HEARTBEAT
LEADER SENDS HEARTBEAT TO SERVER bankserver2
LEADER SERVER bankserver4 RECEIVES REQUEST 4 FROM CLIENT
LEADER RECEIVES ACK FROM SERVER bankserver2 FOR HEARTBEAT
LEADER SERVER bankserver4 ADDS REQUEST 4 TO LOG ENTRY 9
LEADER SENDS HEARTBEAT TO SERVER bankserver3
LEADER SENDS REQUEST 4 TO SERVER bankserver1
LEADER RECEIVES ACK FROM SERVER bankserver3 FOR HEARTBEAT
LEADER RECEIVES ACK FROM SERVER bankserver1 FOR REQUEST 4
LEADER SENDS REQUEST 4 TO SERVER bankserver2
LEADER RECEIVES ACK FROM SERVER bankserver2 FOR REQUEST 4
LEADER SENDS REQUEST 4 TO SERVER bankserver3
LEADER RECEIVES ACK FROM SERVER bankserver3 FOR REQUEST 4
LEADER SENDS HEARTBEAT TO SERVER bankserver1
LEADER RECEIVES ACK FROM SERVER bankserver1 FOR HEARTBEAT
LEADER SENDS HEARTBEAT TO SERVER bankserver2
LEADER SERVER bankserver4 RECEIVES REQUEST 5 FROM CLIENT
LEADER SERVER bankserver4 ADDS REQUEST 5 TO LOG ENTRY 10
LEADER RECEIVES ACK FROM SERVER bankserver2 FOR HEARTBEAT
LEADER SENDS REQUEST 5 TO SERVER bankserver1
LEADER SENDS HEARTBEAT TO SERVER bankserver3
LEADER RECEIVES ACK FROM SERVER bankserver3 FOR HEARTBEAT
LEADER RECEIVES ACK FROM SERVER bankserver1 FOR REQUEST 5
LEADER SENDS REQUEST 5 TO SERVER bankserver2
LEADER RECEIVES ACK FROM SERVER bankserver2 FOR REQUEST 5
LEADER SENDS REQUEST 5 TO SERVER bankserver3
LEADER RECEIVES ACK FROM SERVER bankserver3 FOR REQUEST 5
LEADER SENDS HEARTBEAT TO SERVER bankserver1
LEADER RECEIVES ACK FROM SERVER bankserver1 FOR HEARTBEAT
LEADER SENDS HEARTBEAT TO SERVER bankserver2
LEADER SERVER bankserver4 RECEIVES REQUEST 6 FROM CLIENT
LEADER SERVER bankserver4 ADDS REQUEST 6 TO LOG ENTRY 11
LEADER RECEIVES ACK FROM SERVER bankserver2 FOR HEARTBEAT
LEADER SENDS REQUEST 6 TO SERVER bankserver1
LEADER SENDS HEARTBEAT TO SERVER bankserver3
LEADER RECEIVES ACK FROM SERVER bankserver3 FOR HEARTBEAT
LEADER RECEIVES ACK FROM SERVER bankserver1 FOR REQUEST 6
LEADER SENDS REQUEST 6 TO SERVER bankserver2
LEADER RECEIVES ACK FROM SERVER bankserver2 FOR REQUEST 6
LEADER SENDS REQUEST 6 TO SERVER bankserver3
LEADER RECEIVES ACK FROM SERVER bankserver3 FOR REQUEST 6
LEADER SENDS HEARTBEAT TO SERVER bankserver1
LEADER RECEIVES ACK FROM SERVER bankserver1 FOR HEARTBEAT
LEADER SENDS HEARTBEAT TO SERVER bankserver2
LEADER SERVER bankserver4 RECEIVES REQUEST 7 FROM CLIENT
LEADER SERVER bankserver4 ADDS REQUEST 7 TO LOG ENTRY 12
LEADER RECEIVES ACK FROM SERVER bankserver2 FOR HEARTBEAT
LEADER SENDS REQUEST 7 TO SERVER bankserver1
LEADER SENDS HEARTBEAT TO SERVER bankserver3
LEADER RECEIVES ACK FROM SERVER bankserver1 FOR REQUEST 7
LEADER SENDS REQUEST 7 TO SERVER bankserver2
LEADER RECEIVES ACK FROM SERVER bankserver3 FOR HEARTBEAT
LEADER RECEIVES ACK FROM SERVER bankserver2 FOR REQUEST 7
LEADER SENDS REQUEST 7 TO SERVER bankserver3
LEADER RECEIVES ACK FROM SERVER bankserver3 FOR REQUEST 7
LEADER SENDS HEARTBEAT TO SERVER bankserver1
LEADER RECEIVES ACK FROM SERVER bankserver1 FOR HEARTBEAT
LEADER SENDS HEARTBEAT TO SERVER bankserver2
LEADER SERVER bankserver4 RECEIVES REQUEST 8 FROM CLIENT
LEADER SERVER bankserver4 ADDS REQUEST 8 TO LOG ENTRY 13
LEADER RECEIVES ACK FROM SERVER bankserver2 FOR HEARTBEAT
LEADER SENDS HEARTBEAT TO SERVER bankserver3
LEADER SENDS REQUEST 8 TO SERVER bankserver1
LEADER RECEIVES ACK FROM SERVER bankserver3 FOR HEARTBEAT
LEADER RECEIVES ACK FROM SERVER bankserver1 FOR REQUEST 8
LEADER SENDS REQUEST 8 TO SERVER bankserver2
LEADER RECEIVES ACK FROM SERVER bankserver2 FOR REQUEST 8
LEADER SENDS REQUEST 8 TO SERVER bankserver3
LEADER RECEIVES ACK FROM SERVER bankserver3 FOR REQUEST 8
LEADER SENDS HEARTBEAT TO SERVER bankserver1
LEADER RECEIVES ACK FROM SERVER bankserver1 FOR HEARTBEAT
LEADER SENDS HEARTBEAT TO SERVER bankserver2
LEADER RECEIVES ACK FROM SERVER bankserver2 FOR HEARTBEAT
LEADER SENDS HEARTBEAT TO SERVER bankserver3
LEADER SERVER bankserver4 RECEIVES REQUEST 9 FROM CLIENT
LEADER SERVER bankserver4 ADDS REQUEST 9 TO LOG ENTRY 14
LEADER RECEIVES ACK FROM SERVER bankserver3 FOR HEARTBEAT
LEADER SENDS REQUEST 9 TO SERVER bankserver1
LEADER RECEIVES ACK FROM SERVER bankserver1 FOR REQUEST 9
LEADER SENDS REQUEST 9 TO SERVER bankserver2
LEADER RECEIVES ACK FROM SERVER bankserver2 FOR REQUEST 9
LEADER SENDS REQUEST 9 TO SERVER bankserver3
LEADER RECEIVES ACK FROM SERVER bankserver3 FOR REQUEST 9
SERVER bankserver4 VOTES FOR SERVER bankserver2
CANDIDATE SERVER bankserver4 SENDING A VOTING REQUEST
FOLLOWER bankserver4 RECEIVES REQUEST 1
FOLLOWER bankserver4 RECEIVES REQUEST 2
FOLLOWER bankserver4 RECEIVES REQUEST 3
FOLLOWER bankserver4 RECEIVES REQUEST 4
FOLLOWER bankserver4 RECEIVES REQUEST 5
FOLLOWER bankserver4 RECEIVES REQUEST 6
FOLLOWER bankserver4 RECEIVES REQUEST 7
FOLLOWER bankserver4 RECEIVES REQUEST 8
FOLLOWER bankserver4 RECEIVES REQUEST 1
FOLLOWER bankserver4 RECEIVES REQUEST 2
FOLLOWER bankserver4 RECEIVES REQUEST 3
FOLLOWER bankserver4 RECEIVES REQUEST 4
FOLLOWER bankserver4 RECEIVES REQUEST 5
FOLLOWER bankserver4 RECEIVES REQUEST 6
FOLLOWER bankserver4 RECEIVES REQUEST 7
FOLLOWER bankserver4 RECEIVES REQUEST 8
FOLLOWER bankserver4 RECEIVES REQUEST 9
FOLLOWER bankserver4 RECEIVES REQUEST 10
FOLLOWER bankserver4 RECEIVES REQUEST 11
FOLLOWER bankserver4 RECEIVES REQUEST 12
FOLLOWER bankserver4 RECEIVES REQUEST 13
FOLLOWER bankserver4 RECEIVES REQUEST 14
FOLLOWER bankserver4 RECEIVES REQUEST 15
FOLLOWER bankserver4 RECEIVES REQUEST 16
FOLLOWER bankserver4 RECEIVES REQUEST 17
FOLLOWER bankserver4 RECEIVES REQUEST 18
FOLLOWER bankserver4 RECEIVES REQUEST 19
FOLLOWER bankserver4 RECEIVES REQUEST 20
FOLLOWER bankserver4 RECEIVES REQUEST 21
FOLLOWER bankserver4 RECEIVES REQUEST 22
FOLLOWER bankserver4 RECEIVES REQUEST 23
FOLLOWER bankserver4 RECEIVES REQUEST 24
FOLLOWER bankserver4 RECEIVES REQUEST 25
FOLLOWER bankserver4 RECEIVES REQUEST 26
FOLLOWER bankserver4 RECEIVES REQUEST 27
FOLLOWER bankserver4 RECEIVES REQUEST 28
FOLLOWER bankserver4 RECEIVES REQUEST 29
FOLLOWER bankserver4 RECEIVES REQUEST 30
FOLLOWER bankserver4 RECEIVES REQUEST 31
FOLLOWER bankserver4 RECEIVES REQUEST 32
FOLLOWER bankserver4 RECEIVES REQUEST 33
FOLLOWER bankserver4 RECEIVES REQUEST 34
FOLLOWER bankserver4 RECEIVES REQUEST 35
FOLLOWER bankserver4 RECEIVES REQUEST 36
FOLLOWER bankserver4 RECEIVES REQUEST 37
FOLLOWER bankserver4 RECEIVES REQUEST 38
FOLLOWER bankserver4 RECEIVES REQUEST 39
FOLLOWER bankserver4 RECEIVES REQUEST 40
