CANDIDATE SERVER bankserver3 SENDING A VOTING REQUEST
CANDIDATE SERVER bankserver3 WINS THE ELECTION FOR TERM 1
LEADER SENDS HEARTBEAT TO SERVER bankserver1
LEADER RECEIVES ACK FROM SERVER bankserver1 FOR HEARTBEAT
LEADER SENDS HEARTBEAT TO SERVER bankserver2
LEADER RECEIVES ACK FROM SERVER bankserver2 FOR HEARTBEAT
LEADER SENDS HEARTBEAT TO SERVER bankserver4
LEADER RECEIVES ACK FROM SERVER bankserver4 FOR HEARTBEAT
LEADER SENDS HEARTBEAT TO SERVER bankserver5
LEADER RECEIVES ACK FROM SERVER bankserver5 FOR HEARTBEAT
LEADER SENDS HEARTBEAT TO SERVER bankserver1
LEADER RECEIVES ACK FROM SERVER bankserver1 FOR HEARTBEAT
LEADER SENDS HEARTBEAT TO SERVER bankserver2
LEADER RECEIVES ACK FROM SERVER bankserver2 FOR HEARTBEAT
LEADER SENDS HEARTBEAT TO SERVER bankserver4
LEADER RECEIVES ACK FROM SERVER bankserver4 FOR HEARTBEAT
LEADER SENDS HEARTBEAT TO SERVER bankserver5
LEADER RECEIVES ACK FROM SERVER bankserver5 FOR HEARTBEAT
LEADER SENDS HEARTBEAT TO SERVER bankserver1
LEADER RECEIVES ACK FROM SERVER bankserver1 FOR HEARTBEAT
LEADER SENDS HEARTBEAT TO SERVER bankserver2
LEADER RECEIVES ACK FROM SERVER bankserver2 FOR HEARTBEAT
LEADER SENDS HEARTBEAT TO SERVER bankserver4
LEADER RECEIVES ACK FROM SERVER bankserver4 FOR HEARTBEAT
LEADER SENDS HEARTBEAT TO SERVER bankserver5
LEADER RECEIVES ACK FROM SERVER bankserver5 FOR HEARTBEAT
LEADER SENDS HEARTBEAT TO SERVER bankserver1
LEADER RECEIVES ACK FROM SERVER bankserver1 FOR HEARTBEAT
LEADER SENDS HEARTBEAT TO SERVER bankserver2
LEADER RECEIVES ACK FROM SERVER bankserver2 FOR HEARTBEAT
LEADER SENDS HEARTBEAT TO SERVER bankserver4
LEADER RECEIVES ACK FROM SERVER bankserver4 FOR HEARTBEAT
LEADER SENDS HEARTBEAT TO SERVER bankserver5
LEADER RECEIVES ACK FROM SERVER bankserver5 FOR HEARTBEAT
LEADER SENDS HEARTBEAT TO SERVER bankserver1
LEADER RECEIVES ACK FROM SERVER bankserver1 FOR HEARTBEAT
LEADER SENDS HEARTBEAT TO SERVER bankserver2
LEADER RECEIVES ACK FROM SERVER bankserver2 FOR HEARTBEAT
LEADER SENDS HEARTBEAT TO SERVER bankserver4
LEADER RECEIVES ACK FROM SERVER bankserver4 FOR HEARTBEAT
LEADER SENDS HEARTBEAT TO SERVER bankserver5
LEADER RECEIVES ACK FROM SERVER bankserver5 FOR HEARTBEAT
LEADER SENDS HEARTBEAT TO SERVER bankserver1
LEADER RECEIVES ACK FROM SERVER bankserver1 FOR HEARTBEAT
LEADER SENDS HEARTBEAT TO SERVER bankserver2
LEADER RECEIVES ACK FROM SERVER bankserver2 FOR HEARTBEAT
LEADER SENDS HEARTBEAT TO SERVER bankserver4
LEADER RECEIVES ACK FROM SERVER bankserver4 FOR HEARTBEAT
LEADER SENDS HEARTBEAT TO SERVER bankserver5
LEADER RECEIVES ACK FROM SERVER bankserver5 FOR HEARTBEAT
LEADER SENDS HEARTBEAT TO SERVER bankserver1
LEADER RECEIVES ACK FROM SERVER bankserver1 FOR HEARTBEAT
LEADER SENDS HEARTBEAT TO SERVER bankserver2
LEADER RECEIVES ACK FROM SERVER bankserver2 FOR HEARTBEAT
LEADER SENDS HEARTBEAT TO SERVER bankserver4
LEADER RECEIVES ACK FROM SERVER bankserver4 FOR HEARTBEAT
LEADER SENDS HEARTBEAT TO SERVER bankserver5
LEADER RECEIVES ACK FROM SERVER bankserver5 FOR HEARTBEAT
LEADER SENDS HEARTBEAT TO SERVER bankserver1
LEADER RECEIVES ACK FROM SERVER bankserver1 FOR HEARTBEAT
LEADER SENDS HEARTBEAT TO SERVER bankserver2
LEADER RECEIVES ACK FROM SERVER bankserver2 FOR HEARTBEAT
LEADER SENDS HEARTBEAT TO SERVER bankserver4
LEADER RECEIVES ACK FROM SERVER bankserver4 FOR HEARTBEAT
LEADER SENDS HEARTBEAT TO SERVER bankserver5
LEADER RECEIVES ACK FROM SERVER bankserver5 FOR HEARTBEAT
LEADER SENDS HEARTBEAT TO SERVER bankserver1
LEADER RECEIVES ACK FROM SERVER bankserver1 FOR HEARTBEAT
LEADER SENDS HEARTBEAT TO SERVER bankserver2
LEADER RECEIVES ACK FROM SERVER bankserver2 FOR HEARTBEAT
LEADER SENDS HEARTBEAT TO SERVER bankserver4
LEADER RECEIVES ACK FROM SERVER bankserver4 FOR HEARTBEAT
LEADER SENDS HEARTBEAT TO SERVER bankserver5
LEADER RECEIVES ACK FROM SERVER bankserver5 FOR HEARTBEAT
LEADER SENDS HEARTBEAT TO SERVER bankserver1
LEADER RECEIVES ACK FROM SERVER bankserver1 FOR HEARTBEAT
LEADER SENDS HEARTBEAT TO SERVER bankserver2
LEADER RECEIVES ACK FROM SERVER bankserver2 FOR HEARTBEAT
LEADER SENDS HEARTBEAT TO SERVER bankserver4
LEADER RECEIVES ACK FROM SERVER bankserver4 FOR HEARTBEAT
LEADER SENDS HEARTBEAT TO SERVER bankserver5
LEADER RECEIVES ACK FROM SERVER bankserver5 FOR HEARTBEAT
LEADER SENDS HEARTBEAT TO SERVER bankserver1
LEADER RECEIVES ACK FROM SERVER bankserver1 FOR HEARTBEAT
LEADER SENDS HEARTBEAT TO SERVER bankserver2
LEADER RECEIVES ACK FROM SERVER bankserver2 FOR HEARTBEAT
LEADER SENDS HEARTBEAT TO SERVER bankserver4
LEADER RECEIVES ACK FROM SERVER bankserver4 FOR HEARTBEAT
LEADER SENDS HEARTBEAT TO SERVER bankserver5
LEADER RECEIVES ACK FROM SERVER bankserver5 FOR HEARTBEAT
LEADER SENDS HEARTBEAT TO SERVER bankserver1
LEADER RECEIVES ACK FROM SERVER bankserver1 FOR HEARTBEAT
LEADER SENDS HEARTBEAT TO SERVER bankserver2
LEADER RECEIVES ACK FROM SERVER bankserver2 FOR HEARTBEAT
LEADER SENDS HEARTBEAT TO SERVER bankserver4
LEADER RECEIVES ACK FROM SERVER bankserver4 FOR HEARTBEAT
LEADER SENDS HEARTBEAT TO SERVER bankserver5
LEADER RECEIVES ACK FROM SERVER bankserver5 FOR HEARTBEAT
LEADER SENDS HEARTBEAT TO SERVER bankserver1
LEADER RECEIVES ACK FROM SERVER bankserver1 FOR HEARTBEAT
LEADER SENDS HEARTBEAT TO SERVER bankserver2
LEADER RECEIVES ACK FROM SERVER bankserver2 FOR HEARTBEAT
LEADER SENDS HEARTBEAT TO SERVER bankserver4
LEADER RECEIVES ACK FROM SERVER bankserver4 FOR HEARTBEAT
LEADER SENDS HEARTBEAT TO SERVER bankserver5
LEADER RECEIVES ACK FROM SERVER bankserver5 FOR HEARTBEAT
LEADER SENDS HEARTBEAT TO SERVER bankserver1
LEADER RECEIVES ACK FROM SERVER bankserver1 FOR HEARTBEAT
LEADER SENDS HEARTBEAT TO SERVER bankserver2
LEADER RECEIVES ACK FROM SERVER bankserver2 FOR HEARTBEAT
LEADER SENDS HEARTBEAT TO SERVER bankserver4
LEADER RECEIVES ACK FROM SERVER bankserver4 FOR HEARTBEAT
LEADER SENDS HEARTBEAT TO SERVER bankserver5
LEADER RECEIVES ACK FROM SERVER bankserver5 FOR HEARTBEAT
LEADER SENDS HEARTBEAT TO SERVER bankserver1
LEADER RECEIVES ACK FROM SERVER bankserver1 FOR HEARTBEAT
LEADER SENDS HEARTBEAT TO SERVER bankserver2
LEADER RECEIVES ACK FROM SERVER bankserver2 FOR HEARTBEAT
LEADER SENDS HEARTBEAT TO SERVER bankserver4
LEADER RECEIVES ACK FROM SERVER bankserver4 FOR HEARTBEAT
LEADER SENDS HEARTBEAT TO SERVER bankserver1
LEADER RECEIVES ACK FROM SERVER bankserver1 FOR HEARTBEAT
LEADER SENDS HEARTBEAT TO SERVER bankserver2
LEADER RECEIVES ACK FROM SERVER bankserver2 FOR HEARTBEAT
LEADER SENDS HEARTBEAT TO SERVER bankserver4
LEADER RECEIVES ACK FROM SERVER bankserver4 FOR HEARTBEAT
LEADER SENDS HEARTBEAT TO SERVER bankserver1
LEADER RECEIVES ACK FROM SERVER bankserver1 FOR HEARTBEAT
LEADER SENDS HEARTBEAT TO SERVER bankserver2
LEADER RECEIVES ACK FROM SERVER bankserver2 FOR HEARTBEAT
LEADER SENDS HEARTBEAT TO SERVER bankserver4
LEADER RECEIVES ACK FROM SERVER bankserver4 FOR HEARTBEAT
FOLLOWER bankserver3 RECEIVES REQUEST 1
FOLLOWER bankserver3 RECEIVES REQUEST 2
FOLLOWER bankserver3 RECEIVES REQUEST 3
FOLLOWER bankserver3 RECEIVES REQUEST 4
FOLLOWER bankserver3 RECEIVES REQUEST 5
FOLLOWER bankserver3 RECEIVES REQUEST 1
FOLLOWER bankserver3 RECEIVES REQUEST 2
FOLLOWER bankserver3 RECEIVES REQUEST 3
FOLLOWER bankserver3 RECEIVES REQUEST 4
FOLLOWER bankserver3 RECEIVES REQUEST 5
FOLLOWER bankserver3 RECEIVES REQUEST 6
FOLLOWER bankserver3 RECEIVES REQUEST 7
FOLLOWER bankserver3 RECEIVES REQUEST 8
FOLLOWER bankserver3 RECEIVES REQUEST 9
SERVER bankserver3 VOTES FOR SERVER bankserver1
CANDIDATE SERVER bankserver3 SENDING A VOTING REQUEST
CANDIDATE SERVER bankserver3 WINS THE ELECTION FOR TERM 4
LEADER SENDS HEARTBEAT TO SERVER bankserver1
LEADER RECEIVES ACK FROM SERVER bankserver1 FOR HEARTBEAT
LEADER SENDS HEARTBEAT TO SERVER bankserver2
LEADER RECEIVES ACK FROM SERVER bankserver2 FOR HEARTBEAT
LEADER SENDS HEARTBEAT TO SERVER bankserver1
LEADER RECEIVES ACK FROM SERVER bankserver1 FOR HEARTBEAT
LEADER SENDS HEARTBEAT TO SERVER bankserver2
LEADER RECEIVES ACK FROM SERVER bankserver2 FOR HEARTBEAT
LEADER SENDS HEARTBEAT TO SERVER bankserver1
LEADER RECEIVES ACK FROM SERVER bankserver1 FOR HEARTBEAT
LEADER SENDS HEARTBEAT TO SERVER bankserver2
LEADER RECEIVES ACK FROM SERVER bankserver2 FOR HEARTBEAT
LEADER SENDS HEARTBEAT TO SERVER bankserver1
LEADER RECEIVES ACK FROM SERVER bankserver1 FOR HEARTBEAT
LEADER SENDS HEARTBEAT TO SERVER bankserver2
LEADER RECEIVES ACK FROM SERVER bankserver2 FOR HEARTBEAT
LEADER SENDS HEARTBEAT TO SERVER bankserver1
LEADER SENDS HEARTBEAT TO SERVER bankserver1
LEADER RECEIVES ACK FROM SERVER bankserver1 FOR HEARTBEAT
LEADER RECEIVES ACK FROM SERVER bankserver1 FOR HEARTBEAT
LEADER SENDS HEARTBEAT TO SERVER bankserver2
LEADER SENDS HEARTBEAT TO SERVER bankserver2
LEADER RECEIVES ACK FROM SERVER bankserver2 FOR HEARTBEAT
LEADER RECEIVES ACK FROM SERVER bankserver2 FOR HEARTBEAT
LEADER SENDS HEARTBEAT TO SERVER bankserver1
LEADER SENDS HEARTBEAT TO SERVER bankserver1
LEADER RECEIVES ACK FROM SERVER bankserver1 FOR HEARTBEAT
LEADER RECEIVES ACK FROM SERVER bankserver1 FOR HEARTBEAT
LEADER SENDS HEARTBEAT TO SERVER bankserver2
LEADER SENDS HEARTBEAT TO SERVER bankserver2
LEADER RECEIVES ACK FROM SERVER bankserver2 FOR HEARTBEAT
LEADER RECEIVES ACK FROM SERVER bankserver2 FOR HEARTBEAT
LEADER SENDS HEARTBEAT TO SERVER bankserver1
LEADER SENDS HEARTBEAT TO SERVER bankserver1
LEADER RECEIVES ACK FROM SERVER bankserver1 FOR HEARTBEAT
LEADER RECEIVES ACK FROM SERVER bankserver1 FOR HEARTBEAT
LEADER SENDS HEARTBEAT TO SERVER bankserver2
LEADER SENDS HEARTBEAT TO SERVER bankserver2
LEADER RECEIVES ACK FROM SERVER bankserver2 FOR HEARTBEAT
LEADER RECEIVES ACK FROM SERVER bankserver2 FOR HEARTBEAT
LEADER SENDS HEARTBEAT TO SERVER bankserver1
LEADER SENDS HEARTBEAT TO SERVER bankserver1
LEADER RECEIVES ACK FROM SERVER bankserver1 FOR HEARTBEAT
LEADER RECEIVES ACK FROM SERVER bankserver1 FOR HEARTBEAT
LEADER SENDS HEARTBEAT TO SERVER bankserver2
LEADER SENDS HEARTBEAT TO SERVER bankserver2
LEADER RECEIVES ACK FROM SERVER bankserver2 FOR HEARTBEAT
LEADER RECEIVES ACK FROM SERVER bankserver2 FOR HEARTBEAT
LEADER SERVER bankserver3 RECEIVES REQUEST 1 FROM CLIENT
LEADER SERVER bankserver3 ADDS REQUEST 1 TO LOG ENTRY 15
LEADER SENDS REQUEST 1 TO SERVER bankserver1
LEADER RECEIVES ACK FROM SERVER bankserver1 FOR REQUEST 1
LEADER SENDS REQUEST 1 TO SERVER bankserver2
LEADER RECEIVES ACK FROM SERVER bankserver2 FOR REQUEST 1
LEADER SENDS HEARTBEAT TO SERVER bankserver1
LEADER SENDS HEARTBEAT TO SERVER bankserver1
LEADER RECEIVES ACK FROM SERVER bankserver1 FOR HEARTBEAT
LEADER RECEIVES ACK FROM SERVER bankserver1 FOR HEARTBEAT
LEADER SENDS HEARTBEAT TO SERVER bankserver2
LEADER SENDS HEARTBEAT TO SERVER bankserver2
LEADER RECEIVES ACK FROM SERVER bankserver2 FOR HEARTBEAT
LEADER RECEIVES ACK FROM SERVER bankserver2 FOR HEARTBEAT
LEADER SERVER bankserver3 RECEIVES REQUEST 2 FROM CLIENT
LEADER SERVER bankserver3 ADDS REQUEST 2 TO LOG ENTRY 16
LEADER SENDS REQUEST 2 TO SERVER bankserver1
LEADER RECEIVES ACK FROM SERVER bankserver1 FOR REQUEST 2
LEADER SENDS REQUEST 2 TO SERVER bankserver2
LEADER RECEIVES ACK FROM SERVER bankserver2 FOR REQUEST 2
LEADER SENDS HEARTBEAT TO SERVER bankserver1
LEADER RECEIVES ACK FROM SERVER bankserver1 FOR HEARTBEAT
LEADER SENDS HEARTBEAT TO SERVER bankserver1
LEADER SENDS HEARTBEAT TO SERVER bankserver2
LEADER RECEIVES ACK FROM SERVER bankserver2 FOR HEARTBEAT
LEADER RECEIVES ACK FROM SERVER bankserver1 FOR HEARTBEAT
LEADER SENDS HEARTBEAT TO SERVER bankserver2
LEADER RECEIVES ACK FROM SERVER bankserver2 FOR HEARTBEAT
LEADER SERVER bankserver3 RECEIVES REQUEST 3 FROM CLIENT
LEADER SERVER bankserver3 ADDS REQUEST 3 TO LOG ENTRY 17
LEADER SENDS REQUEST 3 TO SERVER bankserver1
LEADER RECEIVES ACK FROM SERVER bankserver1 FOR REQUEST 3
LEADER SENDS REQUEST 3 TO SERVER bankserver2
LEADER RECEIVES ACK FROM SERVER bankserver2 FOR REQUEST 3
LEADER SENDS HEARTBEAT TO SERVER bankserver1
LEADER RECEIVES ACK FROM SERVER bankserver1 FOR HEARTBEAT
LEADER SENDS HEARTBEAT TO SERVER bankserver1
LEADER SENDS HEARTBEAT TO SERVER bankserver2
LEADER RECEIVES ACK FROM SERVER bankserver2 FOR HEARTBEAT
LEADER RECEIVES ACK FROM SERVER bankserver1 FOR HEARTBEAT
LEADER SENDS HEARTBEAT TO SERVER bankserver2
LEADER RECEIVES ACK FROM SERVER bankserver2 FOR HEARTBEAT
LEADER SERVER bankserver3 RECEIVES REQUEST 4 FROM CLIENT
LEADER SERVER bankserver3 ADDS REQUEST 4 TO LOG ENTRY 18
LEADER SENDS REQUEST 4 TO SERVER bankserver1
LEADER RECEIVES ACK FROM SERVER bankserver1 FOR REQUEST 4
LEADER SENDS REQUEST 4 TO SERVER bankserver2
LEADER RECEIVES ACK FROM SERVER bankserver2 FOR REQUEST 4
LEADER SENDS HEARTBEAT TO SERVER bankserver1
LEADER RECEIVES ACK FROM SERVER bankserver1 FOR HEARTBEAT
LEADER SENDS HEARTBEAT TO SERVER bankserver1
LEADER SENDS HEARTBEAT TO SERVER bankserver2
LEADER RECEIVES ACK FROM SERVER bankserver2 FOR HEARTBEAT
LEADER RECEIVES ACK FROM SERVER bankserver1 FOR HEARTBEAT
LEADER SENDS HEARTBEAT TO SERVER bankserver2
LEADER RECEIVES ACK FROM SERVER bankserver2 FOR HEARTBEAT
LEADER SERVER bankserver3 RECEIVES REQUEST 5 FROM CLIENT
LEADER SERVER bankserver3 ADDS REQUEST 5 TO LOG ENTRY 19
LEADER SENDS REQUEST 5 TO SERVER bankserver1
LEADER RECEIVES ACK FROM SERVER bankserver1 FOR REQUEST 5
LEADER SENDS REQUEST 5 TO SERVER bankserver2
LEADER RECEIVES ACK FROM SERVER bankserver2 FOR REQUEST 5
LEADER SENDS HEARTBEAT TO SERVER bankserver1
LEADER RECEIVES ACK FROM SERVER bankserver1 FOR HEARTBEAT
LEADER SENDS HEARTBEAT TO SERVER bankserver2
LEADER SENDS HEARTBEAT TO SERVER bankserver1
LEADER RECEIVES ACK FROM SERVER bankserver2 FOR HEARTBEAT
LEADER RECEIVES ACK FROM SERVER bankserver1 FOR HEARTBEAT
LEADER SENDS HEARTBEAT TO SERVER bankserver2
LEADER RECEIVES ACK FROM SERVER bankserver2 FOR HEARTBEAT
LEADER SERVER bankserver3 RECEIVES REQUEST 6 FROM CLIENT
LEADER SERVER bankserver3 ADDS REQUEST 6 TO LOG ENTRY 20
LEADER SENDS REQUEST 6 TO SERVER bankserver1
LEADER RECEIVES ACK FROM SERVER bankserver1 FOR REQUEST 6
LEADER SENDS REQUEST 6 TO SERVER bankserver2
LEADER RECEIVES ACK FROM SERVER bankserver2 FOR REQUEST 6
LEADER SENDS HEARTBEAT TO SERVER bankserver1
LEADER RECEIVES ACK FROM SERVER bankserver1 FOR HEARTBEAT
LEADER SENDS HEARTBEAT TO SERVER bankserver2
LEADER SENDS HEARTBEAT TO SERVER bankserver1
LEADER RECEIVES ACK FROM SERVER bankserver2 FOR HEARTBEAT
LEADER RECEIVES ACK FROM SERVER bankserver1 FOR HEARTBEAT
LEADER SENDS HEARTBEAT TO SERVER bankserver2
LEADER RECEIVES ACK FROM SERVER bankserver2 FOR HEARTBEAT
LEADER SERVER bankserver3 RECEIVES REQUEST 7 FROM CLIENT
LEADER SERVER bankserver3 ADDS REQUEST 7 TO LOG ENTRY 21
LEADER SENDS REQUEST 7 TO SERVER bankserver1
LEADER RECEIVES ACK FROM SERVER bankserver1 FOR REQUEST 7
LEADER SENDS REQUEST 7 TO SERVER bankserver2
LEADER RECEIVES ACK FROM SERVER bankserver2 FOR REQUEST 7
LEADER SENDS HEARTBEAT TO SERVER bankserver1
LEADER RECEIVES ACK FROM SERVER bankserver1 FOR HEARTBEAT
LEADER SENDS HEARTBEAT TO SERVER bankserver2
LEADER SENDS HEARTBEAT TO SERVER bankserver1
LEADER RECEIVES ACK FROM SERVER bankserver2 FOR HEARTBEAT
LEADER RECEIVES ACK FROM SERVER bankserver1 FOR HEARTBEAT
LEADER SENDS HEARTBEAT TO SERVER bankserver2
LEADER SERVER bankserver3 RECEIVES REQUEST 8 FROM CLIENT
LEADER SERVER bankserver3 ADDS REQUEST 8 TO LOG ENTRY 22
LEADER RECEIVES ACK FROM SERVER bankserver2 FOR HEARTBEAT
LEADER SENDS REQUEST 8 TO SERVER bankserver1
LEADER RECEIVES ACK FROM SERVER bankserver1 FOR REQUEST 8
LEADER SENDS REQUEST 8 TO SERVER bankserver2
LEADER RECEIVES ACK FROM SERVER bankserver2 FOR REQUEST 8
