SERVER bankserver2 VOTES FOR SERVER bankserver3
SERVER bankserver2 VOTES FOR SERVER bankserver4
FOLLOWER bankserver2 RECEIVES REQUEST 1
FOLLOWER bankserver2 RECEIVES REQUEST 2
FOLLOWER bankserver2 RECEIVES REQUEST 3
FOLLOWER bankserver2 RECEIVES REQUEST 4
FOLLOWER bankserver2 RECEIVES REQUEST 5
FOLLOWER bankserver2 RECEIVES REQUEST 1
FOLLOWER bankserver2 RECEIVES REQUEST 2
FOLLOWER bankserver2 RECEIVES REQUEST 3
FOLLOWER bankserver2 RECEIVES REQUEST 4
FOLLOWER bankserver2 RECEIVES REQUEST 5
FOLLOWER bankserver2 RECEIVES REQUEST 6
FOLLOWER bankserver2 RECEIVES REQUEST 7
FOLLOWER bankserver2 RECEIVES REQUEST 8
FOLLOWER bankserver2 RECEIVES REQUEST 9
SERVER bankserver2 VOTES FOR SERVER bankserver1
SERVER bankserver2 VOTES FOR SERVER bankserver3
FOLLOWER bankserver2 RECEIVES REQUEST 1
FOLLOWER bankserver2 RECEIVES REQUEST 2
FOLLOWER bankserver2 RECEIVES REQUEST 3
FOLLOWER bankserver2 RECEIVES REQUEST 4
FOLLOWER bankserver2 RECEIVES REQUEST 5
FOLLOWER bankserver2 RECEIVES REQUEST 6
FOLLOWER bankserver2 RECEIVES REQUEST 7
FOLLOWER bankserver2 RECEIVES REQUEST 8
CANDIDATE SERVER bankserver2 SENDING A VOTING REQUEST
ELECTION TIMEOUT
CANDIDATE SERVER bankserver2 SENDING A VOTING REQUEST
ELECTION TIMEOUT
CANDIDATE SERVER bankserver2 SENDING A VOTING REQUEST
CANDIDATE SERVER bankserver2 WINS THE ELECTION FOR TERM 7
LEADER SENDS HEARTBEAT TO SERVER bankserver1
LEADER RECEIVES ACK FROM SERVER bankserver1 FOR HEARTBEAT
SERVER bankserver2 DENIES VOTE FOR SERVER bankserver4
LEADER SENDS HEARTBEAT TO SERVER bankserver4
LEADER SENDS HEARTBEAT TO SERVER bankserver5
LEADER REPAIRS LOG ON SERVER bankserver5 THROUGH LOG ENTRY 22
SERVER bankserver2 VOTES FOR SERVER bankserver5
FOLLOWER bankserver2 RECEIVES REQUEST 1
FOLLOWER bankserver2 RECEIVES REQUEST 2
FOLLOWER bankserver2 RECEIVES REQUEST 3
FOLLOWER bankserver2 RECEIVES REQUEST 4
FOLLOWER bankserver2 RECEIVES REQUEST 5
FOLLOWER bankserver2 RECEIVES REQUEST 6
FOLLOWER bankserver2 RECEIVES REQUEST 7
FOLLOWER bankserver2 RECEIVES REQUEST 8
FOLLOWER bankserver2 RECEIVES REQUEST 9
FOLLOWER bankserver2 RECEIVES REQUEST 10
FOLLOWER bankserver2 RECEIVES REQUEST 11
FOLLOWER bankserver2 RECEIVES REQUEST 12
FOLLOWER bankserver2 RECEIVES REQUEST 13
FOLLOWER bankserver2 RECEIVES REQUEST 14
FOLLOWER bankserver2 RECEIVES REQUEST 15
FOLLOWER bankserver2 RECEIVES REQUEST 16
FOLLOWER bankserver2 RECEIVES REQUEST 17
FOLLOWER bankserver2 RECEIVES REQUEST 18
FOLLOWER bankserver2 RECEIVES REQUEST 19
FOLLOWER bankserver2 RECEIVES REQUEST 20
FOLLOWER bankserver2 RECEIVES REQUEST 21
FOLLOWER bankserver2 RECEIVES REQUEST 22
FOLLOWER bankserver2 RECEIVES REQUEST 23
FOLLOWER bankserver2 RECEIVES REQUEST 24
FOLLOWER bankserver2 RECEIVES REQUEST 25
FOLLOWER bankserver2 RECEIVES REQUEST 26
FOLLOWER bankserver2 RECEIVES REQUEST 27
FOLLOWER bankserver2 RECEIVES REQUEST 28
FOLLOWER bankserver2 RECEIVES REQUEST 29
FOLLOWER bankserver2 RECEIVES REQUEST 30
FOLLOWER bankserver2 RECEIVES REQUEST 31
FOLLOWER bankserver2 RECEIVES REQUEST 32
FOLLOWER bankserver2 RECEIVES REQUEST 33
FOLLOWER bankserver2 RECEIVES REQUEST 34
FOLLOWER bankserver2 RECEIVES REQUEST 35
FOLLOWER bankserver2 RECEIVES REQUEST 36
FOLLOWER bankserver2 RECEIVES REQUEST 37
FOLLOWER bankserver2 RECEIVES REQUEST 38
FOLLOWER bankserver2 RECEIVES REQUEST 39
FOLLOWER bankserver2 RECEIVES REQUEST 40
