SERVER bankserver1 VOTES FOR SERVER bankserver3
SERVER bankserver1 VOTES FOR SERVER bankserver4
FOLLOWER bankserver1 RECEIVES REQUEST 1
FOLLOWER bankserver1 RECEIVES REQUEST 2
FOLLOWER bankserver1 RECEIVES REQUEST 3
FOLLOWER bankserver1 RECEIVES REQUEST 4
FOLLOWER bankserver1 RECEIVES REQUEST 5
FOLLOWER bankserver1 RECEIVES REQUEST 1
FOLLOWER bankserver1 RECEIVES REQUEST 2
FOLLOWER bankserver1 RECEIVES REQUEST 3
FOLLOWER bankserver1 RECEIVES REQUEST 4
FOLLOWER bankserver1 RECEIVES REQUEST 5
FOLLOWER bankserver1 RECEIVES REQUEST 6
FOLLOWER bankserver1 RECEIVES REQUEST 7
FOLLOWER bankserver1 RECEIVES REQUEST 8
FOLLOWER bankserver1 RECEIVES REQUEST 9
CANDIDATE SERVER bankserver1 SENDING A VOTING REQUEST
CANDIDATE SERVER bankserver1 WINS THE ELECTION FOR TERM 3
LEADER SENDS HEARTBEAT TO SERVER bankserver2
LEADER RECEIVES ACK FROM SERVER bankserver2 FOR HEARTBEAT
LEADER SENDS HEARTBEAT TO SERVER bankserver3
LEADER RECEIVES ACK FROM SERVER bankserver3 FOR HEARTBEAT
SERVER bankserver1 VOTES FOR SERVER bankserver3
FOLLOWER bankserver1 RECEIVES REQUEST 1
FOLLOWER bankserver1 RECEIVES REQUEST 2
FOLLOWER bankserver1 RECEIVES REQUEST 3
FOLLOWER bankserver1 RECEIVES REQUEST 4
FOLLOWER bankserver1 RECEIVES REQUEST 5
FOLLOWER bankserver1 RECEIVES REQUEST 6
FOLLOWER bankserver1 RECEIVES REQUEST 7
FOLLOWER bankserver1 RECEIVES REQUEST 8
SERVER bankserver1 VOTES FOR SERVER bankserver2
SERVER bankserver1 VOTES FOR SERVER bankserver2
SERVER bankserver1 VOTES FOR SERVER bankserver2
SERVER bankserver1 DENIES VOTE FOR SERVER bankserver4
SERVER bankserver1 VOTES FOR SERVER bankserver5
FOLLOWER bankserver1 RECEIVES REQUEST 1
FOLLOWER bankserver1 RECEIVES REQUEST 2
FOLLOWER bankserver1 RECEIVES REQUEST 3
FOLLOWER bankserver1 RECEIVES REQUEST 4
FOLLOWER bankserver1 RECEIVES REQUEST 5
FOLLOWER bankserver1 RECEIVES REQUEST 6
FOLLOWER bankserver1 RECEIVES REQUEST 7
FOLLOWER bankserver1 RECEIVES REQUEST 8
FOLLOWER bankserver1 RECEIVES REQUEST 9
FOLLOWER bankserver1 RECEIVES REQUEST 10
FOLLOWER bankserver1 RECEIVES REQUEST 11
FOLLOWER bankserver1 RECEIVES REQUEST 12
FOLLOWER bankserver1 RECEIVES REQUEST 13
FOLLOWER bankserver1 RECEIVES REQUEST 14
FOLLOWER bankserver1 RECEIVES REQUEST 15
FOLLOWER bankserver1 RECEIVES REQUEST 16
FOLLOWER bankserver1 RECEIVES REQUEST 17
FOLLOWER bankserver1 RECEIVES REQUEST 18
FOLLOWER bankserver1 RECEIVES REQUEST 19
FOLLOWER bankserver1 RECEIVES REQUEST 20
FOLLOWER bankserver1 RECEIVES REQUEST 21
FOLLOWER bankserver1 RECEIVES REQUEST 22
FOLLOWER bankserver1 RECEIVES REQUEST 23
FOLLOWER bankserver1 RECEIVES REQUEST 24
FOLLOWER bankserver1 RECEIVES REQUEST 25
FOLLOWER bankserver1 RECEIVES REQUEST 26
FOLLOWER bankserver1 RECEIVES REQUEST 27
FOLLOWER bankserver1 RECEIVES REQUEST 28
FOLLOWER bankserver1 RECEIVES REQUEST 29
FOLLOWER bankserver1 RECEIVES REQUEST 30
FOLLOWER bankserver1 RECEIVES REQUEST 31
FOLLOWER bankserver1 RECEIVES REQUEST 32
FOLLOWER bankserver1 RECEIVES REQUEST 33
FOLLOWER bankserver1 RECEIVES REQUEST 34
FOLLOWER bankserver1 RECEIVES REQUEST 35
FOLLOWER bankserver1 RECEIVES REQUEST 36
FOLLOWER bankserver1 RECEIVES REQUEST 37
FOLLOWER bankserver1 RECEIVES REQUEST 38
FOLLOWER bankserver1 RECEIVES REQUEST 39
FOLLOWER bankserver1 RECEIVES REQUEST 40
