SERVER bankserver4 VOTES FOR SERVER bankserver1
FOLLOWER bankserver4 RECEIVES REQUEST 1
FOLLOWER bankserver4 RECEIVES REQUEST 2
FOLLOWER bankserver4 RECEIVES REQUEST 3
FOLLOWER bankserver4 RECEIVES REQUEST 4
FOLLOWER bankserver4 RECEIVES REQUEST 5
FOLLOWER bankserver4 RECEIVES REQUEST 1
FOLLOWER bankserver4 RECEIVES REQUEST 2
FOLLOWER bankserver4 RECEIVES REQUEST 3
FOLLOWER bankserver4 RECEIVES REQUEST 4
FOLLOWER bankserver4 RECEIVES REQUEST 5
FOLLOWER bankserver4 RECEIVES REQUEST 6
FOLLOWER bankserver4 RECEIVES REQUEST 7
FOLLOWER bankserver4 RECEIVES REQUEST 1
FOLLOWER bankserver4 RECEIVES REQUEST 2
FOLLOWER bankserver4 RECEIVES REQUEST 3
FOLLOWER bankserver4 RECEIVES REQUEST 4
FOLLOWER bankserver4 RECEIVES REQUEST 5
FOLLOWER bankserver4 RECEIVES REQUEST 6
FOLLOWER bankserver4 RECEIVES REQUEST 7
FOLLOWER bankserver4 RECEIVES REQUEST 1
FOLLOWER bankserver4 RECEIVES REQUEST 2
FOLLOWER bankserver4 RECEIVES REQUEST 3
FOLLOWER bankserver4 RECEIVES REQUEST 4
FOLLOWER bankserver4 RECEIVES REQUEST 5
FOLLOWER bankserver4 RECEIVES REQUEST 6
FOLLOWER bankserver4 RECEIVES REQUEST 7
FOLLOWER bankserver4 RECEIVES REQUEST 8
FOLLOWER bankserver4 RECEIVES REQUEST 9
FOLLOWER bankserver4 RECEIVES REQUEST 10
CANDIDATE SERVER bankserver4 SENDING A VOTING REQUEST
CANDIDATE SERVER bankserver4 WINS THE ELECTION FOR TERM 8
LEADER SENDS HEARTBEAT TO SERVER bankserver1
LEADER RECEIVES ACK FROM SERVER bankserver1 FOR HEARTBEAT
LEADER SENDS HEARTBEAT TO SERVER bankserver2
LEADER RECEIVES ACK FROM SERVER bankserver2 FOR HEARTBEAT
LEADER SENDS HEARTBEAT TO SERVER bankserver5
LEADER RECEIVES ACK FROM SERVER bankserver5 FOR HEARTBEAT
