CANDIDATE SERVER bankserver1 SENDING A VOTING REQUEST
CANDIDATE SERVER bankserver1 WINS THE ELECTION FOR TERM 1
LEADER SENDS HEARTBEAT TO SERVER bankserver2
LEADER RECEIVES ACK FROM SERVER bankserver2 FOR HEARTBEAT
LEADER SENDS HEARTBEAT TO SERVER bankserver3
LEADER RECEIVES ACK FROM SERVER bankserver3 FOR HEARTBEAT
LEADER SENDS HEARTBEAT TO SERVER bankserver4
LEADER RECEIVES ACK FROM SERVER bankserver4 FOR HEARTBEAT
LEADER SENDS HEARTBEAT TO SERVER bankserver5
LEADER RECEIVES ACK FROM SERVER bankserver5 FOR HEARTBEAT
LEADER SENDS HEARTBEAT TO SERVER bankserver2
LEADER RECEIVES ACK FROM SERVER bankserver2 FOR HEARTBEAT
LEADER SENDS HEARTBEAT TO SERVER bankserver3
LEADER RECEIVES ACK FROM SERVER bankserver3 FOR HEARTBEAT
LEADER SENDS HEARTBEAT TO SERVER bankserver4
LEADER RECEIVES ACK FROM SERVER bankserver4 FOR HEARTBEAT
LEADER SENDS HEARTBEAT TO SERVER bankserver5
LEADER RECEIVES ACK FROM SERVER bankserver5 FOR HEARTBEAT
LEADER SENDS HEARTBEAT TO SERVER bankserver2
LEADER RECEIVES ACK FROM SERVER bankserver2 FOR HEARTBEAT
LEADER SENDS HEARTBEAT TO SERVER bankserver3
LEADER RECEIVES ACK FROM SERVER bankserver3 FOR HEARTBEAT
LEADER SENDS HEARTBEAT TO SERVER bankserver4
LEADER RECEIVES ACK FROM SERVER bankserver4 FOR HEARTBEAT
LEADER SENDS HEARTBEAT TO SERVER bankserver5
LEADER RECEIVES ACK FROM SERVER bankserver5 FOR HEARTBEAT
LEADER SENDS HEARTBEAT TO SERVER bankserver2
LEADER RECEIVES ACK FROM SERVER bankserver2 FOR HEARTBEAT
LEADER SENDS HEARTBEAT TO SERVER bankserver3
LEADER RECEIVES ACK FROM SERVER bankserver3 FOR HEARTBEAT
LEADER SENDS HEARTBEAT TO SERVER bankserver4
LEADER RECEIVES ACK FROM SERVER bankserver4 FOR HEARTBEAT
LEADER SENDS HEARTBEAT TO SERVER bankserver5
LEADER RECEIVES ACK FROM SERVER bankserver5 FOR HEARTBEAT
LEADER SENDS HEARTBEAT TO SERVER bankserver2
LEADER RECEIVES ACK FROM SERVER bankserver2 FOR HEARTBEAT
LEADER SENDS HEARTBEAT TO SERVER bankserver3
LEADER RECEIVES ACK FROM SERVER bankserver3 FOR HEARTBEAT
LEADER SENDS HEARTBEAT TO SERVER bankserver4
LEADER RECEIVES ACK FROM SERVER bankserver4 FOR HEARTBEAT
LEADER SENDS HEARTBEAT TO SERVER bankserver5
LEADER RECEIVES ACK FROM SERVER bankserver5 FOR HEARTBEAT
LEADER SENDS HEARTBEAT TO SERVER bankserver2
LEADER RECEIVES ACK FROM SERVER bankserver2 FOR HEARTBEAT
LEADER SENDS HEARTBEAT TO SERVER bankserver3
LEADER RECEIVES ACK FROM SERVER bankserver3 FOR HEARTBEAT
LEADER SENDS HEARTBEAT TO SERVER bankserver4
LEADER RECEIVES ACK FROM SERVER bankserver4 FOR HEARTBEAT
LEADER SENDS HEARTBEAT TO SERVER bankserver5
LEADER RECEIVES ACK FROM SERVER bankserver5 FOR HEARTBEAT
LEADER SENDS HEARTBEAT TO SERVER bankserver2
LEADER RECEIVES ACK FROM SERVER bankserver2 FOR HEARTBEAT
LEADER SENDS HEARTBEAT TO SERVER bankserver3
LEADER RECEIVES ACK FROM SERVER bankserver3 FOR HEARTBEAT
LEADER SENDS HEARTBEAT TO SERVER bankserver4
LEADER RECEIVES ACK FROM SERVER bankserver4 FOR HEARTBEAT
LEADER SENDS HEARTBEAT TO SERVER bankserver5
LEADER RECEIVES ACK FROM SERVER bankserver5 FOR HEARTBEAT
LEADER SENDS HEARTBEAT TO SERVER bankserver2
LEADER RECEIVES ACK FROM SERVER bankserver2 FOR HEARTBEAT
LEADER SENDS HEARTBEAT TO SERVER bankserver3
LEADER RECEIVES ACK FROM SERVER bankserver3 FOR HEARTBEAT
LEADER SENDS HEARTBEAT TO SERVER bankserver4
LEADER RECEIVES ACK FROM SERVER bankserver4 FOR HEARTBEAT
LEADER SENDS HEARTBEAT TO SERVER bankserver5
LEADER RECEIVES ACK FROM SERVER bankserver5 FOR HEARTBEAT
LEADER SENDS HEARTBEAT TO SERVER bankserver2
LEADER RECEIVES ACK FROM SERVER bankserver2 FOR HEARTBEAT
LEADER SENDS HEARTBEAT TO SERVER bankserver3
LEADER RECEIVES ACK FROM SERVER bankserver3 FOR HEARTBEAT
LEADER SENDS HEARTBEAT TO SERVER bankserver4
LEADER RECEIVES ACK FROM SERVER bankserver4 FOR HEARTBEAT
LEADER SENDS HEARTBEAT TO SERVER bankserver5
LEADER RECEIVES ACK FROM SERVER bankserver5 FOR HEARTBEAT
LEADER SENDS HEARTBEAT TO SERVER bankserver2
LEADER RECEIVES ACK FROM SERVER bankserver2 FOR HEARTBEAT
LEADER SENDS HEARTBEAT TO SERVER bankserver3
LEADER RECEIVES ACK FROM SERVER bankserver3 FOR HEARTBEAT
LEADER SENDS HEARTBEAT TO SERVER bankserver4
LEADER RECEIVES ACK FROM SERVER bankserver4 FOR HEARTBEAT
LEADER SENDS HEARTBEAT TO SERVER bankserver5
LEADER RECEIVES ACK FROM SERVER bankserver5 FOR HEARTBEAT
LEADER SENDS HEARTBEAT TO SERVER bankserver2
LEADER RECEIVES ACK FROM SERVER bankserver2 FOR HEARTBEAT
LEADER SENDS HEARTBEAT TO SERVER bankserver3
LEADER RECEIVES ACK FROM SERVER bankserver3 FOR HEARTBEAT
LEADER SENDS HEARTBEAT TO SERVER bankserver4
LEADER RECEIVES ACK FROM SERVER bankserver4 FOR HEARTBEAT
LEADER SENDS HEARTBEAT TO SERVER bankserver5
LEADER RECEIVES ACK FROM SERVER bankserver5 FOR HEARTBEAT
LEADER SENDS HEARTBEAT TO SERVER bankserver2
LEADER RECEIVES ACK FROM SERVER bankserver2 FOR HEARTBEAT
LEADER SENDS HEARTBEAT TO SERVER bankserver3
LEADER RECEIVES ACK FROM SERVER bankserver3 FOR HEARTBEAT
LEADER SENDS HEARTBEAT TO SERVER bankserver4
LEADER RECEIVES ACK FROM SERVER bankserver4 FOR HEARTBEAT
LEADER SENDS HEARTBEAT TO SERVER bankserver5
LEADER RECEIVES ACK FROM SERVER bankserver5 FOR HEARTBEAT
LEADER SENDS HEARTBEAT TO SERVER bankserver2
LEADER RECEIVES ACK FROM SERVER bankserver2 FOR HEARTBEAT
LEADER SENDS HEARTBEAT TO SERVER bankserver3
LEADER RECEIVES ACK FROM SERVER bankserver3 FOR HEARTBEAT
LEADER SENDS HEARTBEAT TO SERVER bankserver4
LEADER RECEIVES ACK FROM SERVER bankserver4 FOR HEARTBEAT
LEADER SENDS HEARTBEAT TO SERVER bankserver5
LEADER RECEIVES ACK FROM SERVER bankserver5 FOR HEARTBEAT
LEADER SENDS HEARTBEAT TO SERVER bankserver2
LEADER RECEIVES ACK FROM SERVER bankserver2 FOR HEARTBEAT
LEADER SENDS HEARTBEAT TO SERVER bankserver3
LEADER RECEIVES ACK FROM SERVER bankserver3 FOR HEARTBEAT
LEADER SENDS HEARTBEAT TO SERVER bankserver4
LEADER RECEIVES ACK FROM SERVER bankserver4 FOR HEARTBEAT
LEADER SENDS HEARTBEAT TO SERVER bankserver5
LEADER RECEIVES ACK FROM SERVER bankserver5 FOR HEARTBEAT
LEADER SENDS HEARTBEAT TO SERVER bankserver2
LEADER RECEIVES ACK FROM SERVER bankserver2 FOR HEARTBEAT
LEADER SENDS HEARTBEAT TO SERVER bankserver3
LEADER RECEIVES ACK FROM SERVER bankserver3 FOR HEARTBEAT
LEADER SENDS HEARTBEAT TO SERVER bankserver4
LEADER RECEIVES ACK FROM SERVER bankserver4 FOR HEARTBEAT
LEADER SENDS HEARTBEAT TO SERVER bankserver5
LEADER RECEIVES ACK FROM SERVER bankserver5 FOR HEARTBEAT
LEADER SENDS HEARTBEAT TO SERVER bankserver2
LEADER RECEIVES ACK FROM SERVER bankserver2 FOR HEARTBEAT
LEADER SENDS HEARTBEAT TO SERVER bankserver3
LEADER RECEIVES ACK FROM SERVER bankserver3 FOR HEARTBEAT
LEADER SENDS HEARTBEAT TO SERVER bankserver4
LEADER RECEIVES ACK FROM SERVER bankserver4 FOR HEARTBEAT
LEADER SENDS HEARTBEAT TO SERVER bankserver5
LEADER RECEIVES ACK FROM SERVER bankserver5 FOR HEARTBEAT
LEADER SENDS HEARTBEAT TO SERVER bankserver2
LEADER RECEIVES ACK FROM SERVER bankserver2 FOR HEARTBEAT
LEADER SENDS HEARTBEAT TO SERVER bankserver3
LEADER RECEIVES ACK FROM SERVER bankserver3 FOR HEARTBEAT
LEADER SENDS HEARTBEAT TO SERVER bankserver4
LEADER RECEIVES ACK FROM SERVER bankserver4 FOR HEARTBEAT
LEADER SENDS HEARTBEAT TO SERVER bankserver5
LEADER RECEIVES ACK FROM SERVER bankserver5 FOR HEARTBEAT
LEADER SENDS HEARTBEAT TO SERVER bankserver2
LEADER RECEIVES ACK FROM SERVER bankserver2 FOR HEARTBEAT
LEADER SENDS HEARTBEAT TO SERVER bankserver3
LEADER RECEIVES ACK FROM SERVER bankserver3 FOR HEARTBEAT
LEADER SENDS HEARTBEAT TO SERVER bankserver4
LEADER RECEIVES ACK FROM SERVER bankserver4 FOR HEARTBEAT
LEADER SENDS HEARTBEAT TO SERVER bankserver5
LEADER RECEIVES ACK FROM SERVER bankserver5 FOR HEARTBEAT
LEADER SENDS HEARTBEAT TO SERVER bankserver2
LEADER RECEIVES ACK FROM SERVER bankserver2 FOR HEARTBEAT
LEADER SENDS HEARTBEAT TO SERVER bankserver3
LEADER RECEIVES ACK FROM SERVER bankserver3 FOR HEARTBEAT
LEADER SENDS HEARTBEAT TO SERVER bankserver4
LEADER RECEIVES ACK FROM SERVER bankserver4 FOR HEARTBEAT
LEADER SENDS HEARTBEAT TO SERVER bankserver5
LEADER RECEIVES ACK FROM SERVER bankserver5 FOR HEARTBEAT
LEADER SENDS HEARTBEAT TO SERVER bankserver2
LEADER RECEIVES ACK FROM SERVER bankserver2 FOR HEARTBEAT
LEADER SENDS HEARTBEAT TO SERVER bankserver3
LEADER RECEIVES ACK FROM SERVER bankserver3 FOR HEARTBEAT
LEADER SENDS HEARTBEAT TO SERVER bankserver4
LEADER RECEIVES ACK FROM SERVER bankserver4 FOR HEARTBEAT
LEADER SENDS HEARTBEAT TO SERVER bankserver5
LEADER RECEIVES ACK FROM SERVER bankserver5 FOR HEARTBEAT
LEADER SENDS HEARTBEAT TO SERVER bankserver2
LEADER RECEIVES ACK FROM SERVER bankserver2 FOR HEARTBEAT
LEADER SENDS HEARTBEAT TO SERVER bankserver3
LEADER RECEIVES ACK FROM SERVER bankserver3 FOR HEARTBEAT
LEADER SENDS HEARTBEAT TO SERVER bankserver4
LEADER RECEIVES ACK FROM SERVER bankserver4 FOR HEARTBEAT
LEADER SENDS HEARTBEAT TO SERVER bankserver5
LEADER RECEIVES ACK FROM SERVER bankserver5 FOR HEARTBEAT
LEADER SENDS HEARTBEAT TO SERVER bankserver2
LEADER RECEIVES ACK FROM SERVER bankserver2 FOR HEARTBEAT
LEADER SENDS HEARTBEAT TO SERVER bankserver3
LEADER RECEIVES ACK FROM SERVER bankserver3 FOR HEARTBEAT
LEADER SENDS HEARTBEAT TO SERVER bankserver4
LEADER RECEIVES ACK FROM SERVER bankserver4 FOR HEARTBEAT
LEADER SENDS HEARTBEAT TO SERVER bankserver5
LEADER RECEIVES ACK FROM SERVER bankserver5 FOR HEARTBEAT
LEADER SENDS HEARTBEAT TO SERVER bankserver2
LEADER RECEIVES ACK FROM SERVER bankserver2 FOR HEARTBEAT
LEADER SENDS HEARTBEAT TO SERVER bankserver3
LEADER RECEIVES ACK FROM SERVER bankserver3 FOR HEARTBEAT
LEADER SENDS HEARTBEAT TO SERVER bankserver4
LEADER RECEIVES ACK FROM SERVER bankserver4 FOR HEARTBEAT
LEADER SENDS HEARTBEAT TO SERVER bankserver5
LEADER RECEIVES ACK FROM SERVER bankserver5 FOR HEARTBEAT
LEADER SENDS HEARTBEAT TO SERVER bankserver2
LEADER RECEIVES ACK FROM SERVER bankserver2 FOR HEARTBEAT
LEADER SENDS HEARTBEAT TO SERVER bankserver3
LEADER RECEIVES ACK FROM SERVER bankserver3 FOR HEARTBEAT
LEADER SENDS HEARTBEAT TO SERVER bankserver4
LEADER RECEIVES ACK FROM SERVER bankserver4 FOR HEARTBEAT
LEADER SENDS HEARTBEAT TO SERVER bankserver5
LEADER RECEIVES ACK FROM SERVER bankserver5 FOR HEARTBEAT
LEADER SENDS HEARTBEAT TO SERVER bankserver2
LEADER RECEIVES ACK FROM SERVER bankserver2 FOR HEARTBEAT
LEADER SENDS HEARTBEAT TO SERVER bankserver3
LEADER RECEIVES ACK FROM SERVER bankserver3 FOR HEARTBEAT
LEADER SENDS HEARTBEAT TO SERVER bankserver4
LEADER RECEIVES ACK FROM SERVER bankserver4 FOR HEARTBEAT
LEADER SENDS HEARTBEAT TO SERVER bankserver5
LEADER RECEIVES ACK FROM SERVER bankserver5 FOR HEARTBEAT
LEADER SENDS HEARTBEAT TO SERVER bankserver2
LEADER RECEIVES ACK FROM SERVER bankserver2 FOR HEARTBEAT
LEADER SENDS HEARTBEAT TO SERVER bankserver3
LEADER RECEIVES ACK FROM SERVER bankserver3 FOR HEARTBEAT
LEADER SENDS HEARTBEAT TO SERVER bankserver2
LEADER RECEIVES ACK FROM SERVER bankserver2 FOR HEARTBEAT
LEADER SENDS HEARTBEAT TO SERVER bankserver3
LEADER RECEIVES ACK FROM SERVER bankserver3 FOR HEARTBEAT
LEADER SENDS HEARTBEAT TO SERVER bankserver2
LEADER RECEIVES ACK FROM SERVER bankserver2 FOR HEARTBEAT
LEADER SENDS HEARTBEAT TO SERVER bankserver3
LEADER RECEIVES ACK FROM SERVER bankserver3 FOR HEARTBEAT
LEADER SENDS HEARTBEAT TO SERVER bankserver2
LEADER RECEIVES ACK FROM SERVER bankserver2 FOR HEARTBEAT
LEADER SENDS HEARTBEAT TO SERVER bankserver3
LEADER RECEIVES ACK FROM SERVER bankserver3 FOR HEARTBEAT
LEADER SENDS HEARTBEAT TO SERVER bankserver2
LEADER RECEIVES ACK FROM SERVER bankserver2 FOR HEARTBEAT
LEADER SENDS HEARTBEAT TO SERVER bankserver3
LEADER RECEIVES ACK FROM SERVER bankserver3 FOR HEARTBEAT
LEADER SERVER bankserver1 RECEIVES REQUEST 1 FROM CLIENT
LEADER SERVER bankserver1 ADDS REQUEST 1 TO LOG ENTRY 1
LEADER SENDS REQUEST 1 TO SERVER bankserver2
LEADER RECEIVES ACK FROM SERVER bankserver2 FOR REQUEST 1
LEADER SENDS REQUEST 1 TO SERVER bankserver3
LEADER RECEIVES ACK FROM SERVER bankserver3 FOR REQUEST 1
LEADER SENDS HEARTBEAT TO SERVER bankserver2
LEADER RECEIVES ACK FROM SERVER bankserver2 FOR HEARTBEAT
LEADER SENDS HEARTBEAT TO SERVER bankserver3
LEADER RECEIVES ACK FROM SERVER bankserver3 FOR HEARTBEAT
LEADER SENDS HEARTBEAT TO SERVER bankserver2
LEADER RECEIVES ACK FROM SERVER bankserver2 FOR HEARTBEAT
LEADER SENDS HEARTBEAT TO SERVER bankserver3
LEADER SERVER bankserver1 RECEIVES REQUEST 2 FROM CLIENT
LEADER RECEIVES ACK FROM SERVER bankserver3 FOR HEARTBEAT
LEADER SERVER bankserver1 ADDS REQUEST 2 TO LOG ENTRY 2
LEADER SENDS REQUEST 2 TO SERVER bankserver2
LEADER RECEIVES ACK FROM SERVER bankserver2 FOR REQUEST 2
LEADER SENDS REQUEST 2 TO SERVER bankserver3
LEADER RECEIVES ACK FROM SERVER bankserver3 FOR REQUEST 2
LEADER SERVER bankserver1 RECEIVES REQUEST 3 FROM CLIENT
LEADER SERVER bankserver1 ADDS REQUEST 3 TO LOG ENTRY 3
LEADER SENDS REQUEST 3 TO SERVER bankserver2
LEADER RECEIVES ACK FROM SERVER bankserver2 FOR REQUEST 3
LEADER SENDS REQUEST 3 TO SERVER bankserver3
LEADER SENDS HEARTBEAT TO SERVER bankserver2
LEADER RECEIVES ACK FROM SERVER bankserver2 FOR HEARTBEAT
LEADER SENDS HEARTBEAT TO SERVER bankserver3
LEADER RECEIVES ACK FROM SERVER bankserver3 FOR REQUEST 3
LEADER RECEIVES ACK FROM SERVER bankserver3 FOR HEARTBEAT
LEADER SENDS HEARTBEAT TO SERVER bankserver2
LEADER SERVER bankserver1 RECEIVES REQUEST 4 FROM CLIENT
LEADER SERVER bankserver1 ADDS REQUEST 4 TO LOG ENTRY 4
LEADER RECEIVES ACK FROM SERVER bankserver2 FOR HEARTBEAT
LEADER SENDS REQUEST 4 TO SERVER bankserver2
LEADER SENDS HEARTBEAT TO SERVER bankserver3
LEADER RECEIVES ACK FROM SERVER bankserver3 FOR HEARTBEAT
LEADER RECEIVES ACK FROM SERVER bankserver2 FOR REQUEST 4
LEADER SENDS REQUEST 4 TO SERVER bankserver3
LEADER RECEIVES ACK FROM SERVER bankserver3 FOR REQUEST 4
LEADER SENDS HEARTBEAT TO SERVER bankserver2
LEADER RECEIVES ACK FROM SERVER bankserver2 FOR HEARTBEAT
LEADER SENDS HEARTBEAT TO SERVER bankserver3
LEADER SERVER bankserver1 RECEIVES REQUEST 5 FROM CLIENT
LEADER RECEIVES ACK FROM SERVER bankserver3 FOR HEARTBEAT
LEADER SERVER bankserver1 ADDS REQUEST 5 TO LOG ENTRY 5
LEADER SENDS REQUEST 5 TO SERVER bankserver2
LEADER RECEIVES ACK FROM SERVER bankserver2 FOR REQUEST 5
LEADER SENDS REQUEST 5 TO SERVER bankserver3
LEADER RECEIVES ACK FROM SERVER bankserver3 FOR REQUEST 5
LEADER SENDS HEARTBEAT TO SERVER bankserver2
LEADER RECEIVES ACK FROM SERVER bankserver2 FOR HEARTBEAT
LEADER SENDS HEARTBEAT TO SERVER bankserver3
LEADER RECEIVES ACK FROM SERVER bankserver3 FOR HEARTBEAT
LEADER SENDS HEARTBEAT TO SERVER bankserver2
LEADER RECEIVES ACK FROM SERVER bankserver2 FOR HEARTBEAT
LEADER SENDS HEARTBEAT TO SERVER bankserver3
LEADER RECEIVES ACK FROM SERVER bankserver3 FOR HEARTBEAT
LEADER SERVER bankserver1 RECEIVES REQUEST 1 FROM CLIENT
LEADER SERVER bankserver1 ADDS REQUEST 1 TO LOG ENTRY 6
LEADER SENDS REQUEST 1 TO SERVER bankserver2
LEADER RECEIVES ACK FROM SERVER bankserver2 FOR REQUEST 1
LEADER SENDS REQUEST 1 TO SERVER bankserver3
LEADER RECEIVES ACK FROM SERVER bankserver3 FOR REQUEST 1
LEADER SENDS HEARTBEAT TO SERVER bankserver2
LEADER RECEIVES ACK FROM SERVER bankserver2 FOR HEARTBEAT
LEADER SENDS HEARTBEAT TO SERVER bankserver3
LEADER RECEIVES ACK FROM SERVER bankserver3 FOR HEARTBEAT
LEADER SERVER bankserver1 RECEIVES REQUEST 2 FROM CLIENT
LEADER SERVER bankserver1 ADDS REQUEST 2 TO LOG ENTRY 7
LEADER SENDS REQUEST 2 TO SERVER bankserver2
LEADER RECEIVES ACK FROM SERVER bankserver2 FOR REQUEST 2
LEADER SENDS REQUEST 2 TO SERVER bankserver3
LEADER RECEIVES ACK FROM SERVER bankserver3 FOR REQUEST 2
LEADER SENDS HEARTBEAT TO SERVER bankserver2
LEADER RECEIVES ACK FROM SERVER bankserver2 FOR HEARTBEAT
LEADER SENDS HEARTBEAT TO SERVER bankserver3
LEADER RECEIVES ACK FROM SERVER bankserver3 FOR HEARTBEAT
LEADER SERVER bankserver1 RECEIVES REQUEST 3 FROM CLIENT
LEADER SERVER bankserver1 ADDS REQUEST 3 TO LOG ENTRY 8
LEADER SENDS REQUEST 3 TO SERVER bankserver2
LEADER RECEIVES ACK FROM SERVER bankserver2 FOR REQUEST 3
LEADER SENDS REQUEST 3 TO SERVER bankserver3
LEADER RECEIVES ACK FROM SERVER bankserver3 FOR REQUEST 3
LEADER SENDS HEARTBEAT TO SERVER bankserver2
LEADER RECEIVES ACK FROM SERVER bankserver2 FOR HEARTBEAT
LEADER SENDS HEARTBEAT TO SERVER bankserver3
LEADER RECEIVES ACK FROM SERVER bankserver3 FOR HEARTBEAT
LEADER SERVER bankserver1 RECEIVES REQUEST 4 FROM CLIENT
LEADER SERVER bankserver1 ADDS REQUEST 4 TO LOG ENTRY 9
LEADER SENDS REQUEST 4 TO SERVER bankserver2
LEADER RECEIVES ACK FROM SERVER bankserver2 FOR REQUEST 4
LEADER SENDS REQUEST 4 TO SERVER bankserver3
LEADER RECEIVES ACK FROM SERVER bankserver3 FOR REQUEST 4
LEADER SENDS HEARTBEAT TO SERVER bankserver2
LEADER RECEIVES ACK FROM SERVER bankserver2 FOR HEARTBEAT
LEADER SENDS HEARTBEAT TO SERVER bankserver3
LEADER RECEIVES ACK FROM SERVER bankserver3 FOR HEARTBEAT
LEADER SERVER bankserver1 RECEIVES REQUEST 5 FROM CLIENT
LEADER SERVER bankserver1 ADDS REQUEST 5 TO LOG ENTRY 10
LEADER SENDS REQUEST 5 TO SERVER bankserver2
LEADER RECEIVES ACK FROM SERVER bankserver2 FOR REQUEST 5
LEADER SENDS REQUEST 5 TO SERVER bankserver3
LEADER RECEIVES ACK FROM SERVER bankserver3 FOR REQUEST 5
LEADER SENDS HEARTBEAT TO SERVER bankserver2
LEADER RECEIVES ACK FROM SERVER bankserver2 FOR HEARTBEAT
LEADER SENDS HEARTBEAT TO SERVER bankserver3
LEADER RECEIVES ACK FROM SERVER bankserver3 FOR HEARTBEAT
LEADER SERVER bankserver1 RECEIVES REQUEST 6 FROM CLIENT
LEADER SERVER bankserver1 ADDS REQUEST 6 TO LOG ENTRY 11
LEADER SENDS REQUEST 6 TO SERVER bankserver2
LEADER RECEIVES ACK FROM SERVER bankserver2 FOR REQUEST 6
LEADER SENDS REQUEST 6 TO SERVER bankserver3
LEADER RECEIVES ACK FROM SERVER bankserver3 FOR REQUEST 6
LEADER SENDS HEARTBEAT TO SERVER bankserver2
LEADER RECEIVES ACK FROM SERVER bankserver2 FOR HEARTBEAT
LEADER SENDS HEARTBEAT TO SERVER bankserver3
LEADER RECEIVES ACK FROM SERVER bankserver3 FOR HEARTBEAT
LEADER SERVER bankserver1 RECEIVES REQUEST 7 FROM CLIENT
LEADER SERVER bankserver1 ADDS REQUEST 7 TO LOG ENTRY 12
LEADER SENDS REQUEST 7 TO SERVER bankserver2
LEADER RECEIVES ACK FROM SERVER bankserver2 FOR REQUEST 7
LEADER SENDS REQUEST 7 TO SERVER bankserver3
LEADER RECEIVES ACK FROM SERVER bankserver3 FOR REQUEST 7
SERVER bankserver1 VOTES FOR SERVER bankserver3
FOLLOWER bankserver1 RECEIVES REQUEST 1
FOLLOWER bankserver1 RECEIVES REQUEST 2
FOLLOWER bankserver1 RECEIVES REQUEST 3
FOLLOWER bankserver1 RECEIVES REQUEST 4
FOLLOWER bankserver1 RECEIVES REQUEST 5
FOLLOWER bankserver1 RECEIVES REQUEST 6
FOLLOWER bankserver1 RECEIVES REQUEST 7
CANDIDATE SERVER bankserver1 SENDING A VOTING REQUEST
CANDIDATE SERVER bankserver1 WINS THE ELECTION FOR TERM 6
LEADER SENDS HEARTBEAT TO SERVER bankserver2
LEADER RECEIVES ACK FROM SERVER bankserver2 FOR HEARTBEAT
LEADER SENDS HEARTBEAT TO SERVER bankserver4
LEADER REPAIRS LOG ON SERVER bankserver4 THROUGH LOG ENTRY 19
LEADER SENDS HEARTBEAT TO SERVER bankserver2
LEADER RECEIVES ACK FROM SERVER bankserver2 FOR HEARTBEAT
LEADER SENDS HEARTBEAT TO SERVER bankserver4
LEADER RECEIVES ACK FROM SERVER bankserver4 FOR HEARTBEAT
LEADER SENDS HEARTBEAT TO SERVER bankserver2
LEADER RECEIVES ACK FROM SERVER bankserver2 FOR HEARTBEAT
LEADER SENDS HEARTBEAT TO SERVER bankserver4
LEADER RECEIVES ACK FROM SERVER bankserver4 FOR HEARTBEAT
LEADER SENDS HEARTBEAT TO SERVER bankserver2
LEADER RECEIVES ACK FROM SERVER bankserver2 FOR HEARTBEAT
LEADER SENDS HEARTBEAT TO SERVER bankserver4
LEADER RECEIVES ACK FROM SERVER bankserver4 FOR HEARTBEAT
LEADER SENDS HEARTBEAT TO SERVER bankserver2
LEADER RECEIVES ACK FROM SERVER bankserver2 FOR HEARTBEAT
LEADER SENDS HEARTBEAT TO SERVER bankserver4
LEADER RECEIVES ACK FROM SERVER bankserver4 FOR HEARTBEAT
LEADER SENDS HEARTBEAT TO SERVER bankserver2
LEADER RECEIVES ACK FROM SERVER bankserver2 FOR HEARTBEAT
LEADER SENDS HEARTBEAT TO SERVER bankserver4
LEADER RECEIVES ACK FROM SERVER bankserver4 FOR HEARTBEAT
LEADER SENDS HEARTBEAT TO SERVER bankserver2
LEADER RECEIVES ACK FROM SERVER bankserver2 FOR HEARTBEAT
LEADER SENDS HEARTBEAT TO SERVER bankserver4
LEADER RECEIVES ACK FROM SERVER bankserver4 FOR HEARTBEAT
LEADER SENDS HEARTBEAT TO SERVER bankserver2
LEADER RECEIVES ACK FROM SERVER bankserver2 FOR HEARTBEAT
LEADER SENDS HEARTBEAT TO SERVER bankserver4
LEADER RECEIVES ACK FROM SERVER bankserver4 FOR HEARTBEAT
LEADER SENDS HEARTBEAT TO SERVER bankserver2
LEADER RECEIVES ACK FROM SERVER bankserver2 FOR HEARTBEAT
LEADER SERVER bankserver1 RECEIVES REQUEST 1 FROM CLIENT
LEADER SERVER bankserver1 ADDS REQUEST 1 TO LOG ENTRY 20
LEADER SENDS REQUEST 1 TO SERVER bankserver2
LEADER RECEIVES ACK FROM SERVER bankserver2 FOR REQUEST 1
LEADER SENDS REQUEST 1 TO SERVER bankserver4
LEADER SENDS HEARTBEAT TO SERVER bankserver4
LEADER RECEIVES ACK FROM SERVER bankserver4 FOR REQUEST 1
LEADER RECEIVES ACK FROM SERVER bankserver4 FOR HEARTBEAT
LEADER SENDS HEARTBEAT TO SERVER bankserver2
LEADER RECEIVES ACK FROM SERVER bankserver2 FOR HEARTBEAT
LEADER SERVER bankserver1 RECEIVES REQUEST 2 FROM CLIENT
LEADER SERVER bankserver1 ADDS REQUEST 2 TO LOG ENTRY 21
LEADER SENDS REQUEST 2 TO SERVER bankserver2
LEADER RECEIVES ACK FROM SERVER bankserver2 FOR REQUEST 2
LEADER SENDS REQUEST 2 TO SERVER bankserver4
LEADER SENDS HEARTBEAT TO SERVER bankserver4
LEADER RECEIVES ACK FROM SERVER bankserver4 FOR REQUEST 2
LEADER RECEIVES ACK FROM SERVER bankserver4 FOR HEARTBEAT
LEADER SENDS HEARTBEAT TO SERVER bankserver2
LEADER RECEIVES ACK FROM SERVER bankserver2 FOR HEARTBEAT
LEADER SERVER bankserver1 RECEIVES REQUEST 3 FROM CLIENT
LEADER SERVER bankserver1 ADDS REQUEST 3 TO LOG ENTRY 22
LEADER SENDS REQUEST 3 TO SERVER bankserver2
LEADER RECEIVES ACK FROM SERVER bankserver2 FOR REQUEST 3
LEADER SENDS REQUEST 3 TO SERVER bankserver4
LEADER SENDS HEARTBEAT TO SERVER bankserver4
LEADER RECEIVES ACK FROM SERVER bankserver4 FOR REQUEST 3
LEADER RECEIVES ACK FROM SERVER bankserver4 FOR HEARTBEAT
LEADER SENDS HEARTBEAT TO SERVER bankserver2
LEADER RECEIVES ACK FROM SERVER bankserver2 FOR HEARTBEAT
LEADER SERVER bankserver1 RECEIVES REQUEST 4 FROM CLIENT
LEADER SERVER bankserver1 ADDS REQUEST 4 TO LOG ENTRY 23
LEADER SENDS REQUEST 4 TO SERVER bankserver2
LEADER RECEIVES ACK FROM SERVER bankserver2 FOR REQUEST 4
LEADER SENDS HEARTBEAT TO SERVER bankserver4
LEADER SENDS REQUEST 4 TO SERVER bankserver4
LEADER RECEIVES ACK FROM SERVER bankserver4 FOR HEARTBEAT
LEADER RECEIVES ACK FROM SERVER bankserver4 FOR REQUEST 4
LEADER SENDS HEARTBEAT TO SERVER bankserver2
LEADER RECEIVES ACK FROM SERVER bankserver2 FOR HEARTBEAT
LEADER SERVER bankserver1 RECEIVES REQUEST 5 FROM CLIENT
LEADER SERVER bankserver1 ADDS REQUEST 5 TO LOG ENTRY 24
LEADER SENDS REQUEST 5 TO SERVER bankserver2
LEADER RECEIVES ACK FROM SERVER bankserver2 FOR REQUEST 5
LEADER SENDS HEARTBEAT TO SERVER bankserver4
LEADER SENDS REQUEST 5 TO SERVER bankserver4
LEADER RECEIVES ACK FROM SERVER bankserver4 FOR HEARTBEAT
LEADER RECEIVES ACK FROM SERVER bankserver4 FOR REQUEST 5
LEADER SENDS HEARTBEAT TO SERVER bankserver2
LEADER RECEIVES ACK FROM SERVER bankserver2 FOR HEARTBEAT
LEADER SERVER bankserver1 RECEIVES REQUEST 6 FROM CLIENT
LEADER SERVER bankserver1 ADDS REQUEST 6 TO LOG ENTRY 25
LEADER SENDS REQUEST 6 TO SERVER bankserver2
LEADER RECEIVES ACK FROM SERVER bankserver2 FOR REQUEST 6
LEADER SENDS REQUEST 6 TO SERVER bankserver4
LEADER SENDS HEARTBEAT TO SERVER bankserver4
LEADER RECEIVES ACK FROM SERVER bankserver4 FOR REQUEST 6
LEADER RECEIVES ACK FROM SERVER bankserver4 FOR HEARTBEAT
LEADER SENDS HEARTBEAT TO SERVER bankserver2
LEADER RECEIVES ACK FROM SERVER bankserver2 FOR HEARTBEAT
LEADER SERVER bankserver1 RECEIVES REQUEST 7 FROM CLIENT
LEADER SERVER bankserver1 ADDS REQUEST 7 TO LOG ENTRY 26
LEADER SENDS REQUEST 7 TO SERVER bankserver2
LEADER RECEIVES ACK FROM SERVER bankserver2 FOR REQUEST 7
LEADER SENDS HEARTBEAT TO SERVER bankserver4
LEADER SENDS REQUEST 7 TO SERVER bankserver4
LEADER RECEIVES ACK FROM SERVER bankserver4 FOR HEARTBEAT
LEADER RECEIVES ACK FROM SERVER bankserver4 FOR REQUEST 7
LEADER SENDS HEARTBEAT TO SERVER bankserver2
LEADER RECEIVES ACK FROM SERVER bankserver2 FOR HEARTBEAT
LEADER SERVER bankserver1 RECEIVES REQUEST 8 FROM CLIENT
LEADER SERVER bankserver1 ADDS REQUEST 8 TO LOG ENTRY 27
LEADER SENDS REQUEST 8 TO SERVER bankserver2
LEADER RECEIVES ACK FROM SERVER bankserver2 FOR REQUEST 8
LEADER SENDS HEARTBEAT TO SERVER bankserver4
LEADER SENDS REQUEST 8 TO SERVER bankserver4
LEADER RECEIVES ACK FROM SERVER bankserver4 FOR HEARTBEAT
LEADER RECEIVES ACK FROM SERVER bankserver4 FOR REQUEST 8
LEADER SENDS HEARTBEAT TO SERVER bankserver2
LEADER RECEIVES ACK FROM SERVER bankserver2 FOR HEARTBEAT
LEADER SERVER bankserver1 RECEIVES REQUEST 9 FROM CLIENT
LEADER SERVER bankserver1 ADDS REQUEST 9 TO LOG ENTRY 28
LEADER SENDS REQUEST 9 TO SERVER bankserver2
LEADER RECEIVES ACK FROM SERVER bankserver2 FOR REQUEST 9
LEADER SENDS HEARTBEAT TO SERVER bankserver4
LEADER SENDS REQUEST 9 TO SERVER bankserver4
LEADER RECEIVES ACK FROM SERVER bankserver4 FOR HEARTBEAT
LEADER RECEIVES ACK FROM SERVER bankserver4 FOR REQUEST 9
LEADER SENDS HEARTBEAT TO SERVER bankserver2
LEADER RECEIVES ACK FROM SERVER bankserver2 FOR HEARTBEAT
LEADER SERVER bankserver1 RECEIVES REQUEST 10 FROM CLIENT
LEADER SERVER bankserver1 ADDS REQUEST 10 TO LOG ENTRY 29
LEADER SENDS REQUEST 10 TO SERVER bankserver2
LEADER RECEIVES ACK FROM SERVER bankserver2 FOR REQUEST 10
LEADER SENDS REQUEST 10 TO SERVER bankserver4
LEADER SENDS HEARTBEAT TO SERVER bankserver4
LEADER RECEIVES ACK FROM SERVER bankserver4 FOR REQUEST 10
LEADER RECEIVES ACK FROM SERVER bankserver4 FOR HEARTBEAT
LEADER SENDS HEARTBEAT TO SERVER bankserver2
LEADER RECEIVES ACK FROM SERVER bankserver2 FOR HEARTBEAT
LEADER SENDS HEARTBEAT TO SERVER bankserver4
LEADER RECEIVES ACK FROM SERVER bankserver4 FOR HEARTBEAT
LEADER SENDS HEARTBEAT TO SERVER bankserver2
LEADER RECEIVES ACK FROM SERVER bankserver2 FOR HEARTBEAT
LEADER SENDS HEARTBEAT TO SERVER bankserver4
LEADER RECEIVES ACK FROM SERVER bankserver4 FOR HEARTBEAT
LEADER SENDS HEARTBEAT TO SERVER bankserver5
LEADER REPAIRS LOG ON SERVER bankserver5 THROUGH LOG ENTRY 29
LEADER SENDS HEARTBEAT TO SERVER bankserver2
LEADER RECEIVES ACK FROM SERVER bankserver2 FOR HEARTBEAT
LEADER SENDS HEARTBEAT TO SERVER bankserver4
LEADER RECEIVES ACK FROM SERVER bankserver4 FOR HEARTBEAT
LEADER SENDS HEARTBEAT TO SERVER bankserver5
LEADER RECEIVES ACK FROM SERVER bankserver5 FOR HEARTBEAT
LEADER SENDS HEARTBEAT TO SERVER bankserver2
LEADER RECEIVES ACK FROM SERVER bankserver2 FOR HEARTBEAT
LEADER SENDS HEARTBEAT TO SERVER bankserver4
LEADER RECEIVES ACK FROM SERVER bankserver4 FOR HEARTBEAT
LEADER SENDS HEARTBEAT TO SERVER bankserver5
LEADER RECEIVES ACK FROM SERVER bankserver5 FOR HEARTBEAT
LEADER SENDS HEARTBEAT TO SERVER bankserver2
LEADER RECEIVES ACK FROM SERVER bankserver2 FOR HEARTBEAT
LEADER SENDS HEARTBEAT TO SERVER bankserver4
LEADER RECEIVES ACK FROM SERVER bankserver4 FOR HEARTBEAT
LEADER SENDS HEARTBEAT TO SERVER bankserver5
LEADER RECEIVES ACK FROM SERVER bankserver5 FOR HEARTBEAT
LEADER SENDS HEARTBEAT TO SERVER bankserver2
LEADER RECEIVES ACK FROM SERVER bankserver2 FOR HEARTBEAT
LEADER SENDS HEARTBEAT TO SERVER bankserver4
LEADER RECEIVES ACK FROM SERVER bankserver4 FOR HEARTBEAT
LEADER SENDS HEARTBEAT TO SERVER bankserver5
LEADER RECEIVES ACK FROM SERVER bankserver5 FOR HEARTBEAT
LEADER SENDS HEARTBEAT TO SERVER bankserver2
LEADER RECEIVES ACK FROM SERVER bankserver2 FOR HEARTBEAT
LEADER SENDS HEARTBEAT TO SERVER bankserver4
LEADER RECEIVES ACK FROM SERVER bankserver4 FOR HEARTBEAT
LEADER SENDS HEARTBEAT TO SERVER bankserver5
LEADER RECEIVES ACK FROM SERVER bankserver5 FOR HEARTBEAT
LEADER SENDS HEARTBEAT TO SERVER bankserver2
LEADER RECEIVES ACK FROM SERVER bankserver2 FOR HEARTBEAT
LEADER SENDS HEARTBEAT TO SERVER bankserver4
LEADER RECEIVES ACK FROM SERVER bankserver4 FOR HEARTBEAT
LEADER SENDS HEARTBEAT TO SERVER bankserver5
LEADER RECEIVES ACK FROM SERVER bankserver5 FOR HEARTBEAT
LEADER SENDS HEARTBEAT TO SERVER bankserver2
LEADER RECEIVES ACK FROM SERVER bankserver2 FOR HEARTBEAT
LEADER SENDS HEARTBEAT TO SERVER bankserver4
LEADER RECEIVES ACK FROM SERVER bankserver4 FOR HEARTBEAT
LEADER SENDS HEARTBEAT TO SERVER bankserver5
LEADER RECEIVES ACK FROM SERVER bankserver5 FOR HEARTBEAT
LEADER SENDS HEARTBEAT TO SERVER bankserver2
LEADER RECEIVES ACK FROM SERVER bankserver2 FOR HEARTBEAT
LEADER SENDS HEARTBEAT TO SERVER bankserver4
LEADER RECEIVES ACK FROM SERVER bankserver4 FOR HEARTBEAT
LEADER SENDS HEARTBEAT TO SERVER bankserver5
LEADER RECEIVES ACK FROM SERVER bankserver5 FOR HEARTBEAT
LEADER SENDS HEARTBEAT TO SERVER bankserver2
LEADER RECEIVES ACK FROM SERVER bankserver2 FOR HEARTBEAT
LEADER SENDS HEARTBEAT TO SERVER bankserver4
LEADER RECEIVES ACK FROM SERVER bankserver4 FOR HEARTBEAT
LEADER SENDS HEARTBEAT TO SERVER bankserver5
LEADER RECEIVES ACK FROM SERVER bankserver5 FOR HEARTBEAT
LEADER SENDS HEARTBEAT TO SERVER bankserver2
LEADER RECEIVES ACK FROM SERVER bankserver2 FOR HEARTBEAT
LEADER SENDS HEARTBEAT TO SERVER bankserver4
LEADER RECEIVES ACK FROM SERVER bankserver4 FOR HEARTBEAT
LEADER SENDS HEARTBEAT TO SERVER bankserver5
LEADER RECEIVES ACK FROM SERVER bankserver5 FOR HEARTBEAT
LEADER SENDS HEARTBEAT TO SERVER bankserver2
LEADER RECEIVES ACK FROM SERVER bankserver2 FOR HEARTBEAT
LEADER SENDS HEARTBEAT TO SERVER bankserver4
LEADER RECEIVES ACK FROM SERVER bankserver4 FOR HEARTBEAT
LEADER SENDS HEARTBEAT TO SERVER bankserver5
LEADER RECEIVES ACK FROM SERVER bankserver5 FOR HEARTBEAT
LEADER SENDS HEARTBEAT TO SERVER bankserver2
LEADER RECEIVES ACK FROM SERVER bankserver2 FOR HEARTBEAT
LEADER SENDS HEARTBEAT TO SERVER bankserver4
LEADER RECEIVES ACK FROM SERVER bankserver4 FOR HEARTBEAT
LEADER SENDS HEARTBEAT TO SERVER bankserver5
LEADER RECEIVES ACK FROM SERVER bankserver5 FOR HEARTBEAT
LEADER SENDS HEARTBEAT TO SERVER bankserver2
LEADER RECEIVES ACK FROM SERVER bankserver2 FOR HEARTBEAT
LEADER SENDS HEARTBEAT TO SERVER bankserver4
LEADER RECEIVES ACK FROM SERVER bankserver4 FOR HEARTBEAT
LEADER SENDS HEARTBEAT TO SERVER bankserver5
LEADER RECEIVES ACK FROM SERVER bankserver5 FOR HEARTBEAT
LEADER SENDS HEARTBEAT TO SERVER bankserver2
LEADER RECEIVES ACK FROM SERVER bankserver2 FOR HEARTBEAT
LEADER SENDS HEARTBEAT TO SERVER bankserver4
LEADER RECEIVES ACK FROM SERVER bankserver4 FOR HEARTBEAT
LEADER SENDS HEARTBEAT TO SERVER bankserver5
LEADER RECEIVES ACK FROM SERVER bankserver5 FOR HEARTBEAT
LEADER SENDS HEARTBEAT TO SERVER bankserver2
LEADER RECEIVES ACK FROM SERVER bankserver2 FOR HEARTBEAT
LEADER SENDS HEARTBEAT TO SERVER bankserver4
LEADER RECEIVES ACK FROM SERVER bankserver4 FOR HEARTBEAT
LEADER SENDS HEARTBEAT TO SERVER bankserver5
LEADER RECEIVES ACK FROM SERVER bankserver5 FOR HEARTBEAT
LEADER SENDS HEARTBEAT TO SERVER bankserver2
LEADER RECEIVES ACK FROM SERVER bankserver2 FOR HEARTBEAT
LEADER SENDS HEARTBEAT TO SERVER bankserver4
LEADER RECEIVES ACK FROM SERVER bankserver4 FOR HEARTBEAT
LEADER SENDS HEARTBEAT TO SERVER bankserver5
LEADER RECEIVES ACK FROM SERVER bankserver5 FOR HEARTBEAT
LEADER SENDS HEARTBEAT TO SERVER bankserver2
LEADER RECEIVES ACK FROM SERVER bankserver2 FOR HEARTBEAT
LEADER SENDS HEARTBEAT TO SERVER bankserver4
LEADER RECEIVES ACK FROM SERVER bankserver4 FOR HEARTBEAT
LEADER SENDS HEARTBEAT TO SERVER bankserver5
LEADER RECEIVES ACK FROM SERVER bankserver5 FOR HEARTBEAT
LEADER SENDS HEARTBEAT TO SERVER bankserver2
LEADER RECEIVES ACK FROM SERVER bankserver2 FOR HEARTBEAT
LEADER SENDS HEARTBEAT TO SERVER bankserver4
LEADER RECEIVES ACK FROM SERVER bankserver4 FOR HEARTBEAT
LEADER SENDS HEARTBEAT TO SERVER bankserver5
LEADER RECEIVES ACK FROM SERVER bankserver5 FOR HEARTBEAT
LEADER SENDS HEARTBEAT TO SERVER bankserver2
LEADER RECEIVES ACK FROM SERVER bankserver2 FOR HEARTBEAT
LEADER SENDS HEARTBEAT TO SERVER bankserver4
LEADER RECEIVES ACK FROM SERVER bankserver4 FOR HEARTBEAT
LEADER SENDS HEARTBEAT TO SERVER bankserver5
LEADER RECEIVES ACK FROM SERVER bankserver5 FOR HEARTBEAT
LEADER SENDS HEARTBEAT TO SERVER bankserver2
LEADER RECEIVES ACK FROM SERVER bankserver2 FOR HEARTBEAT
LEADER SENDS HEARTBEAT TO SERVER bankserver4
LEADER RECEIVES ACK FROM SERVER bankserver4 FOR HEARTBEAT
LEADER SENDS HEARTBEAT TO SERVER bankserver5
LEADER RECEIVES ACK FROM SERVER bankserver5 FOR HEARTBEAT
LEADER SENDS HEARTBEAT TO SERVER bankserver2
LEADER RECEIVES ACK FROM SERVER bankserver2 FOR HEARTBEAT
LEADER SENDS HEARTBEAT TO SERVER bankserver4
LEADER RECEIVES ACK FROM SERVER bankserver4 FOR HEARTBEAT
LEADER SENDS HEARTBEAT TO SERVER bankserver5
LEADER RECEIVES ACK FROM SERVER bankserver5 FOR HEARTBEAT
LEADER SENDS HEARTBEAT TO SERVER bankserver2
LEADER RECEIVES ACK FROM SERVER bankserver2 FOR HEARTBEAT
LEADER SENDS HEARTBEAT TO SERVER bankserver4
LEADER RECEIVES ACK FROM SERVER bankserver4 FOR HEARTBEAT
LEADER SENDS HEARTBEAT TO SERVER bankserver5
LEADER RECEIVES ACK FROM SERVER bankserver5 FOR HEARTBEAT
LEADER SENDS HEARTBEAT TO SERVER bankserver2
LEADER RECEIVES ACK FROM SERVER bankserver2 FOR HEARTBEAT
LEADER SENDS HEARTBEAT TO SERVER bankserver4
LEADER RECEIVES ACK FROM SERVER bankserver4 FOR HEARTBEAT
LEADER SENDS HEARTBEAT TO SERVER bankserver5
LEADER RECEIVES ACK FROM SERVER bankserver5 FOR HEARTBEAT
LEADER SENDS HEARTBEAT TO SERVER bankserver2
LEADER RECEIVES ACK FROM SERVER bankserver2 FOR HEARTBEAT
LEADER SENDS HEARTBEAT TO SERVER bankserver4
LEADER RECEIVES ACK FROM SERVER bankserver4 FOR HEARTBEAT
LEADER SENDS HEARTBEAT TO SERVER bankserver5
LEADER RECEIVES ACK FROM SERVER bankserver5 FOR HEARTBEAT
LEADER SENDS HEARTBEAT TO SERVER bankserver2
LEADER RECEIVES ACK FROM SERVER bankserver2 FOR HEARTBEAT
LEADER SENDS HEARTBEAT TO SERVER bankserver4
LEADER RECEIVES ACK FROM SERVER bankserver4 FOR HEARTBEAT
LEADER SENDS HEARTBEAT TO SERVER bankserver5
LEADER RECEIVES ACK FROM SERVER bankserver5 FOR HEARTBEAT
LEADER SENDS HEARTBEAT TO SERVER bankserver2
LEADER RECEIVES ACK FROM SERVER bankserver2 FOR HEARTBEAT
LEADER SENDS HEARTBEAT TO SERVER bankserver4
LEADER RECEIVES ACK FROM SERVER bankserver4 FOR HEARTBEAT
LEADER SENDS HEARTBEAT TO SERVER bankserver5
LEADER RECEIVES ACK FROM SERVER bankserver5 FOR HEARTBEAT
LEADER SENDS HEARTBEAT TO SERVER bankserver2
LEADER RECEIVES ACK FROM SERVER bankserver2 FOR HEARTBEAT
LEADER SENDS HEARTBEAT TO SERVER bankserver4
LEADER RECEIVES ACK FROM SERVER bankserver4 FOR HEARTBEAT
LEADER SENDS HEARTBEAT TO SERVER bankserver5
LEADER RECEIVES ACK FROM SERVER bankserver5 FOR HEARTBEAT
LEADER SENDS HEARTBEAT TO SERVER bankserver2
LEADER RECEIVES ACK FROM SERVER bankserver2 FOR HEARTBEAT
LEADER SENDS HEARTBEAT TO SERVER bankserver4
LEADER RECEIVES ACK FROM SERVER bankserver4 FOR HEARTBEAT
LEADER SENDS HEARTBEAT TO SERVER bankserver5
LEADER RECEIVES ACK FROM SERVER bankserver5 FOR HEARTBEAT
LEADER SENDS HEARTBEAT TO SERVER bankserver2
LEADER RECEIVES ACK FROM SERVER bankserver2 FOR HEARTBEAT
LEADER SENDS HEARTBEAT TO SERVER bankserver4
LEADER RECEIVES ACK FROM SERVER bankserver4 FOR HEARTBEAT
LEADER SENDS HEARTBEAT TO SERVER bankserver5
LEADER RECEIVES ACK FROM SERVER bankserver5 FOR HEARTBEAT
LEADER SENDS HEARTBEAT TO SERVER bankserver2
LEADER RECEIVES ACK FROM SERVER bankserver2 FOR HEARTBEAT
LEADER SENDS HEARTBEAT TO SERVER bankserver4
LEADER RECEIVES ACK FROM SERVER bankserver4 FOR HEARTBEAT
LEADER SENDS HEARTBEAT TO SERVER bankserver5
LEADER RECEIVES ACK FROM SERVER bankserver5 FOR HEARTBEAT
LEADER SENDS HEARTBEAT TO SERVER bankserver2
LEADER RECEIVES ACK FROM SERVER bankserver2 FOR HEARTBEAT
LEADER SENDS HEARTBEAT TO SERVER bankserver4
LEADER RECEIVES ACK FROM SERVER bankserver4 FOR HEARTBEAT
LEADER SENDS HEARTBEAT TO SERVER bankserver5
LEADER RECEIVES ACK FROM SERVER bankserver5 FOR HEARTBEAT
LEADER SENDS HEARTBEAT TO SERVER bankserver2
LEADER RECEIVES ACK FROM SERVER bankserver2 FOR HEARTBEAT
LEADER SENDS HEARTBEAT TO SERVER bankserver4
LEADER RECEIVES ACK FROM SERVER bankserver4 FOR HEARTBEAT
LEADER SENDS HEARTBEAT TO SERVER bankserver5
LEADER RECEIVES ACK FROM SERVER bankserver5 FOR HEARTBEAT
LEADER SENDS HEARTBEAT TO SERVER bankserver2
LEADER RECEIVES ACK FROM SERVER bankserver2 FOR HEARTBEAT
LEADER SENDS HEARTBEAT TO SERVER bankserver4
LEADER RECEIVES ACK FROM SERVER bankserver4 FOR HEARTBEAT
LEADER SENDS HEARTBEAT TO SERVER bankserver5
LEADER RECEIVES ACK FROM SERVER bankserver5 FOR HEARTBEAT
LEADER SENDS HEARTBEAT TO SERVER bankserver2
LEADER RECEIVES ACK FROM SERVER bankserver2 FOR HEARTBEAT
LEADER SENDS HEARTBEAT TO SERVER bankserver4
LEADER RECEIVES ACK FROM SERVER bankserver4 FOR HEARTBEAT
LEADER SENDS HEARTBEAT TO SERVER bankserver5
LEADER RECEIVES ACK FROM SERVER bankserver5 FOR HEARTBEAT
LEADER SENDS HEARTBEAT TO SERVER bankserver2
LEADER RECEIVES ACK FROM SERVER bankserver2 FOR HEARTBEAT
LEADER SENDS HEARTBEAT TO SERVER bankserver4
LEADER RECEIVES ACK FROM SERVER bankserver4 FOR HEARTBEAT
LEADER SENDS HEARTBEAT TO SERVER bankserver5
LEADER RECEIVES ACK FROM SERVER bankserver5 FOR HEARTBEAT
LEADER SENDS HEARTBEAT TO SERVER bankserver2
LEADER RECEIVES ACK FROM SERVER bankserver2 FOR HEARTBEAT
LEADER SENDS HEARTBEAT TO SERVER bankserver4
LEADER RECEIVES ACK FROM SERVER bankserver4 FOR HEARTBEAT
LEADER SENDS HEARTBEAT TO SERVER bankserver5
LEADER RECEIVES ACK FROM SERVER bankserver5 FOR HEARTBEAT
LEADER SENDS HEARTBEAT TO SERVER bankserver2
LEADER RECEIVES ACK FROM SERVER bankserver2 FOR HEARTBEAT
LEADER SENDS HEARTBEAT TO SERVER bankserver4
LEADER RECEIVES ACK FROM SERVER bankserver4 FOR HEARTBEAT
LEADER SENDS HEARTBEAT TO SERVER bankserver5
LEADER RECEIVES ACK FROM SERVER bankserver5 FOR HEARTBEAT
LEADER SENDS HEARTBEAT TO SERVER bankserver2
LEADER RECEIVES ACK FROM SERVER bankserver2 FOR HEARTBEAT
LEADER SENDS HEARTBEAT TO SERVER bankserver4
LEADER RECEIVES ACK FROM SERVER bankserver4 FOR HEARTBEAT
LEADER SENDS HEARTBEAT TO SERVER bankserver5
LEADER RECEIVES ACK FROM SERVER bankserver5 FOR HEARTBEAT
LEADER SENDS HEARTBEAT TO SERVER bankserver2
LEADER RECEIVES ACK FROM SERVER bankserver2 FOR HEARTBEAT
LEADER SENDS HEARTBEAT TO SERVER bankserver4
LEADER RECEIVES ACK FROM SERVER bankserver4 FOR HEARTBEAT
LEADER SENDS HEARTBEAT TO SERVER bankserver5
LEADER RECEIVES ACK FROM SERVER bankserver5 FOR HEARTBEAT
LEADER SENDS HEARTBEAT TO SERVER bankserver2
LEADER RECEIVES ACK FROM SERVER bankserver2 FOR HEARTBEAT
LEADER SENDS HEARTBEAT TO SERVER bankserver4
LEADER RECEIVES ACK FROM SERVER bankserver4 FOR HEARTBEAT
LEADER SENDS HEARTBEAT TO SERVER bankserver5
LEADER RECEIVES ACK FROM SERVER bankserver5 FOR HEARTBEAT
LEADER SENDS HEARTBEAT TO SERVER bankserver2
LEADER RECEIVES ACK FROM SERVER bankserver2 FOR HEARTBEAT
LEADER SENDS HEARTBEAT TO SERVER bankserver4
LEADER RECEIVES ACK FROM SERVER bankserver4 FOR HEARTBEAT
LEADER SENDS HEARTBEAT TO SERVER bankserver5
LEADER RECEIVES ACK FROM SERVER bankserver5 FOR HEARTBEAT
LEADER SENDS HEARTBEAT TO SERVER bankserver2
LEADER RECEIVES ACK FROM SERVER bankserver2 FOR HEARTBEAT
SERVER bankserver1 VOTES FOR SERVER bankserver5
LEADER SENDS HEARTBEAT TO SERVER bankserver4
LEADER RECEIVES ACK FROM SERVER bankserver4 FOR HEARTBEAT
LEADER SENDS HEARTBEAT TO SERVER bankserver5
SERVER bankserver1 VOTES FOR SERVER bankserver4
