FOLLOWER bankserver5 RECEIVES REQUEST 1
FOLLOWER bankserver5 RECEIVES REQUEST 2
FOLLOWER bankserver5 RECEIVES REQUEST 3
FOLLOWER bankserver5 RECEIVES REQUEST 4
FOLLOWER bankserver5 RECEIVES REQUEST 5
FOLLOWER bankserver5 RECEIVES REQUEST 1
FOLLOWER bankserver5 RECEIVES REQUEST 2
FOLLOWER bankserver5 RECEIVES REQUEST 3
FOLLOWER bankserver5 RECEIVES REQUEST 4
FOLLOWER bankserver5 RECEIVES REQUEST 5
FOLLOWER bankserver5 RECEIVES REQUEST 6
FOLLOWER bankserver5 RECEIVES REQUEST 7
FOLLOWER bankserver5 RECEIVES REQUEST 1
FOLLOWER bankserver5 RECEIVES REQUEST 2
FOLLOWER bankserver5 RECEIVES REQUEST 3
FOLLOWER bankserver5 RECEIVES REQUEST 4
FOLLOWER bankserver5 RECEIVES REQUEST 5
FOLLOWER bankserver5 RECEIVES REQUEST 6
FOLLOWER bankserver5 RECEIVES REQUEST 7
FOLLOWER bankserver5 RECEIVES REQUEST 1
FOLLOWER bankserver5 RECEIVES REQUEST 2
FOLLOWER bankserver5 RECEIVES REQUEST 3
FOLLOWER bankserver5 RECEIVES REQUEST 4
FOLLOWER bankserver5 RECEIVES REQUEST 5
FOLLOWER bankserver5 RECEIVES REQUEST 6
FOLLOWER bankserver5 RECEIVES REQUEST 7
FOLLOWER bankserver5 RECEIVES REQUEST 8
FOLLOWER bankserver5 RECEIVES REQUEST 9
FOLLOWER bankserver5 RECEIVES REQUEST 10
CANDIDATE SERVER bankserver5 SENDING A VOTING REQUEST
CANDIDATE SERVER bankserver5 WINS THE ELECTION FOR TERM 7
LEADER SENDS HEARTBEAT TO SERVER bankserver1
LEADER RECEIVES ACK FROM SERVER bankserver1 FOR HEARTBEAT
LEADER SENDS HEARTBEAT TO SERVER bankserver2
LEADER RECEIVES ACK FROM SERVER bankserver2 FOR HEARTBEAT
LEADER SENDS HEARTBEAT TO SERVER bankserver4
LEADER RECEIVES ACK FROM SERVER bankserver4 FOR HEARTBEAT
LEADER SENDS HEARTBEAT TO SERVER bankserver1
LEADER RECEIVES ACK FROM SERVER bankserver1 FOR HEARTBEAT
LEADER SENDS HEARTBEAT TO SERVER bankserver2
LEADER RECEIVES ACK FROM SERVER bankserver2 FOR HEARTBEAT
LEADER SENDS HEARTBEAT TO SERVER bankserver4
LEADER RECEIVES ACK FROM SERVER bankserver4 FOR HEARTBEAT
LEADER SENDS HEARTBEAT TO SERVER bankserver1
LEADER RECEIVES ACK FROM SERVER bankserver1 FOR HEARTBEAT
LEADER SENDS HEARTBEAT TO SERVER bankserver2
LEADER RECEIVES ACK FROM SERVER bankserver2 FOR HEARTBEAT
LEADER SENDS HEARTBEAT TO SERVER bankserver4
