SERVER bankserver2 VOTES FOR SERVER bankserver1
FOLLOWER bankserver2 RECEIVES REQUEST 1
FOLLOWER bankserver2 RECEIVES REQUEST 2
FOLLOWER bankserver2 RECEIVES REQUEST 3
FOLLOWER bankserver2 RECEIVES REQUEST 4
FOLLOWER bankserver2 RECEIVES REQUEST 5
FOLLOWER bankserver2 RECEIVES REQUEST 1
FOLLOWER bankserver2 RECEIVES REQUEST 2
FOLLOWER bankserver2 RECEIVES REQUEST 3
FOLLOWER bankserver2 RECEIVES REQUEST 4
FOLLOWER bankserver2 RECEIVES REQUEST 5
FOLLOWER bankserver2 RECEIVES REQUEST 6
FOLLOWER bankserver2 RECEIVES REQUEST 7
CANDIDATE SERVER bankserver2 SENDING A VOTING REQUEST
SERVER bankserver2 DENIES VOTE FOR SERVER bankserver3
SERVER bankserver2 VOTES FOR SERVER bankserver3
ELECTION TIMEOUT
CANDIDATE SERVER bankserver2 LOSES THE ELECTION FOR TERM 2
SERVER bankserver2 VOTES FOR SERVER bankserver3
SERVER bankserver2 VOTES FOR SERVER bankserver3
FOLLOWER bankserver2 RECEIVES REQUEST 1
FOLLOWER bankserver2 RECEIVES REQUEST 2
FOLLOWER bankserver2 RECEIVES REQUEST 3
FOLLOWER bankserver2 RECEIVES REQUEST 4
FOLLOWER bankserver2 RECEIVES REQUEST 5
FOLLOWER bankserver2 RECEIVES REQUEST 6
FOLLOWER bankserver2 RECEIVES REQUEST 7
SERVER bankserver2 VOTES FOR SERVER bankserver1
FOLLOWER bankserver2 RECEIVES REQUEST 1
FOLLOWER bankserver2 RECEIVES REQUEST 2
FOLLOWER bankserver2 RECEIVES REQUEST 3
FOLLOWER bankserver2 RECEIVES REQUEST 4
FOLLOWER bankserver2 RECEIVES REQUEST 5
FOLLOWER bankserver2 RECEIVES REQUEST 6
FOLLOWER bankserver2 RECEIVES REQUEST 7
FOLLOWER bankserver2 RECEIVES REQUEST 8
FOLLOWER bankserver2 RECEIVES REQUEST 9
FOLLOWER bankserver2 RECEIVES REQUEST 10
SERVER bankserver2 VOTES FOR SERVER bankserver5
SERVER bankserver2 VOTES FOR SERVER bankserver4
